[2020-04-25T17:52:15.138+0300][0.010s][2832][14584][debug][gc] ConcGCThreads: 3
[2020-04-25T17:52:15.138+0300][0.010s][2832][14584][debug][gc] ParallelGCThreads: 10
[2020-04-25T17:52:15.138+0300][0.010s][2832][14584][info ][gc] Using Concurrent Mark Sweep
[2020-04-25T17:52:18.417+0300][3.288s][2832][9312 ][info ][gc] GC(0) Pause Young (Allocation Failure) 136M->7M(494M) 7.714ms
[2020-04-25T17:52:21.835+0300][6.707s][2832][9312 ][info ][gc] GC(1) Pause Young (Allocation Failure) 143M->14M(494M) 12.776ms
[2020-04-25T17:52:25.283+0300][10.155s][2832][9312 ][info ][gc] GC(2) Pause Young (Allocation Failure) 151M->27M(494M) 47.242ms
[2020-04-25T17:52:28.638+0300][13.509s][2832][9312 ][info ][gc] GC(3) Pause Young (Allocation Failure) 163M->44M(494M) 22.378ms
[2020-04-25T17:52:32.179+0300][17.050s][2832][9312 ][info ][gc] GC(4) Pause Young (Allocation Failure) 180M->50M(494M) 21.162ms
[2020-04-25T17:52:35.456+0300][20.327s][2832][9312 ][info ][gc] GC(5) Pause Young (Allocation Failure) 186M->63M(494M) 22.896ms
[2020-04-25T17:52:38.982+0300][23.853s][2832][9312 ][info ][gc] GC(6) Pause Young (Allocation Failure) 199M->72M(494M) 26.497ms
[2020-04-25T17:52:42.480+0300][27.351s][2832][9312 ][info ][gc] GC(7) Pause Young (Allocation Failure) 209M->77M(494M) 8.571ms
[2020-04-25T17:52:45.606+0300][30.478s][2832][9312 ][info ][gc] GC(8) Pause Young (Allocation Failure) 214M->104M(494M) 29.402ms
[2020-04-25T17:52:49.104+0300][33.975s][2832][9312 ][info ][gc] GC(9) Pause Young (Allocation Failure) 240M->114M(494M) 13.391ms
[2020-04-25T17:52:52.669+0300][37.541s][2832][9312 ][info ][gc] GC(10) Pause Young (Allocation Failure) 251M->116M(494M) 13.726ms
[2020-04-25T17:52:56.229+0300][41.100s][2832][9312 ][info ][gc] GC(11) Pause Young (Allocation Failure) 252M->129M(494M) 17.344ms
[2020-04-25T17:52:59.143+0300][44.014s][2832][9312 ][info ][gc] GC(12) Pause Young (Allocation Failure) 243M->130M(494M) 13.217ms
[2020-04-25T17:53:02.132+0300][47.003s][2832][9312 ][info ][gc] GC(13) Pause Young (Allocation Failure) 267M->164M(494M) 45.733ms
[2020-04-25T17:53:05.801+0300][50.673s][2832][9312 ][info ][gc] GC(14) Pause Young (Allocation Failure) 301M->165M(494M) 10.726ms
[2020-04-25T17:53:09.391+0300][54.262s][2832][9312 ][info ][gc] GC(15) Pause Young (Allocation Failure) 302M->177M(494M) 19.664ms
[2020-04-25T17:53:12.975+0300][57.846s][2832][9312 ][info ][gc] GC(16) Pause Young (Allocation Failure) 314M->182M(494M) 13.033ms
[2020-04-25T17:53:12.976+0300][57.847s][2832][9312 ][info ][gc] GC(17) Pause Initial Mark 184M->184M(494M) 0.899ms
[2020-04-25T17:53:12.976+0300][57.847s][2832][12468][info ][gc] GC(17) Concurrent Mark
[2020-04-25T17:53:13.451+0300][58.322s][2832][12468][debug][gc] GC(17) Concurrent active time: 0.475ms
[2020-04-25T17:53:13.451+0300][58.322s][2832][12468][info ][gc] GC(17) Concurrent Mark 475.127ms
[2020-04-25T17:53:13.451+0300][58.322s][2832][12468][info ][gc] GC(17) Concurrent Preclean
[2020-04-25T17:53:13.452+0300][58.322s][2832][12468][debug][gc] GC(17) Concurrent active time: 0.000ms
[2020-04-25T17:53:13.452+0300][58.322s][2832][12468][info ][gc] GC(17) Concurrent Preclean 0.407ms
[2020-04-25T17:53:13.452+0300][58.322s][2832][12468][info ][gc] GC(17) Concurrent Abortable Preclean
[2020-04-25T17:53:16.555+0300][61.426s][2832][9312 ][info ][gc] GC(18) Pause Young (Allocation Failure) 318M->190M(494M) 20.419ms
[2020-04-25T17:53:18.373+0300][63.245s][2832][12468][debug][gc] GC(17) Concurrent active time: 3.299ms
[2020-04-25T17:53:18.374+0300][63.245s][2832][12468][info ][gc] GC(17) Concurrent Abortable Preclean 4922.652ms
[2020-04-25T17:53:18.374+0300][63.245s][2832][9312 ][debug][gc] GC(17) YG occupancy: 85118 K (157248 K)
[2020-04-25T17:53:18.379+0300][63.250s][2832][9312 ][info ][gc] GC(17) Pause Remark 261M->261M(494M) 5.102ms
[2020-04-25T17:53:18.379+0300][63.250s][2832][12468][info ][gc] GC(17) Concurrent Sweep
[2020-04-25T17:53:18.413+0300][63.285s][2832][12468][debug][gc] GC(17) Concurrent active time: 0.034ms
[2020-04-25T17:53:18.413+0300][63.285s][2832][12468][info ][gc] GC(17) Concurrent Sweep 34.293ms
[2020-04-25T17:53:18.413+0300][63.285s][2832][12468][info ][gc] GC(17) Concurrent Reset
[2020-04-25T17:53:18.415+0300][63.286s][2832][12468][debug][gc] GC(17) Concurrent active time: 0.001ms
[2020-04-25T17:53:18.415+0300][63.286s][2832][12468][info ][gc] GC(17) Concurrent Reset 1.326ms
[2020-04-25T17:53:20.115+0300][64.986s][2832][9312 ][info ][gc] GC(19) Pause Young (Allocation Failure) 294M->164M(494M) 13.488ms
[2020-04-25T17:53:22.772+0300][67.643s][2832][9312 ][info ][gc] GC(20) Pause Young (Allocation Failure) 300M->208M(494M) 66.101ms
[2020-04-25T17:53:26.284+0300][71.156s][2832][9312 ][info ][gc] GC(21) Pause Young (Allocation Failure) 345M->217M(494M) 17.144ms
[2020-04-25T17:53:29.832+0300][74.703s][2832][9312 ][info ][gc] GC(22) Pause Young (Allocation Failure) 354M->225M(494M) 14.348ms
[2020-04-25T17:53:33.370+0300][78.241s][2832][9312 ][info ][gc] GC(23) Pause Young (Allocation Failure) 362M->228M(494M) 18.971ms
[2020-04-25T17:53:36.900+0300][81.771s][2832][9312 ][info ][gc] GC(24) Pause Young (Allocation Failure) 364M->241M(494M) 12.651ms
[2020-04-25T17:53:40.415+0300][85.287s][2832][9312 ][info ][gc] GC(25) Pause Young (Allocation Failure) 377M->243M(494M) 19.618ms
[2020-04-25T17:53:43.941+0300][88.812s][2832][9312 ][info ][gc] GC(26) Pause Young (Allocation Failure) 380M->256M(494M) 14.524ms
[2020-04-25T17:53:47.563+0300][92.435s][2832][9312 ][info ][gc] GC(27) Pause Young (Allocation Failure) 392M->258M(494M) 21.824ms
[2020-04-25T17:53:51.270+0300][96.142s][2832][9312 ][info ][gc] GC(28) Pause Young (Allocation Failure) 394M->271M(494M) 12.733ms
[2020-04-25T17:53:54.488+0300][99.359s][2832][9312 ][info ][gc] GC(29) Pause Young (Allocation Failure) 397M->273M(494M) 19.245ms
[2020-04-25T17:53:56.712+0300][101.583s][2832][9312 ][info ][gc] GC(30) Pause Young (Allocation Failure) 410M->331M(494M) 91.160ms
[2020-04-25T17:53:56.713+0300][101.584s][2832][9312 ][info ][gc] GC(31) Pause Initial Mark 331M->331M(494M) 0.660ms
[2020-04-25T17:53:56.713+0300][101.584s][2832][12468][info ][gc] GC(31) Concurrent Mark
[2020-04-25T17:53:57.557+0300][102.428s][2832][12468][debug][gc] GC(31) Concurrent active time: 0.844ms
[2020-04-25T17:53:57.558+0300][102.428s][2832][12468][info ][gc] GC(31) Concurrent Mark 844.411ms
[2020-04-25T17:53:57.558+0300][102.428s][2832][12468][info ][gc] GC(31) Concurrent Preclean
[2020-04-25T17:53:57.558+0300][102.429s][2832][12468][debug][gc] GC(31) Concurrent active time: 0.000ms
[2020-04-25T17:53:57.558+0300][102.429s][2832][12468][info ][gc] GC(31) Concurrent Preclean 0.418ms
[2020-04-25T17:53:57.558+0300][102.429s][2832][12468][info ][gc] GC(31) Concurrent Abortable Preclean
[2020-04-25T17:53:57.558+0300][102.429s][2832][12468][debug][gc] GC(31) Concurrent active time: 0.000ms
[2020-04-25T17:53:57.558+0300][102.429s][2832][12468][info ][gc] GC(31) Concurrent Abortable Preclean 0.027ms
[2020-04-25T17:53:57.558+0300][102.429s][2832][9312 ][debug][gc] GC(31) YG occupancy: 47816 K (157248 K)
[2020-04-25T17:53:57.562+0300][102.433s][2832][9312 ][info ][gc] GC(31) Pause Remark 369M->369M(494M) 3.832ms
[2020-04-25T17:53:57.562+0300][102.433s][2832][12468][info ][gc] GC(31) Concurrent Sweep
[2020-04-25T17:53:57.616+0300][102.488s][2832][12468][debug][gc] GC(31) Concurrent active time: 0.055ms
[2020-04-25T17:53:57.616+0300][102.488s][2832][12468][info ][gc] GC(31) Concurrent Sweep 54.892ms
[2020-04-25T17:53:57.616+0300][102.488s][2832][12468][info ][gc] GC(31) Concurrent Reset
[2020-04-25T17:53:57.616+0300][102.488s][2832][12468][debug][gc] GC(31) Concurrent active time: 0.000ms
[2020-04-25T17:53:57.616+0300][102.488s][2832][12468][info ][gc] GC(31) Concurrent Reset 0.173ms
[2020-04-25T17:53:59.624+0300][104.495s][2832][9312 ][info ][gc] GC(32) Pause Initial Mark 402M->402M(494M) 7.164ms
[2020-04-25T17:53:59.624+0300][104.495s][2832][12468][info ][gc] GC(32) Concurrent Mark
[2020-04-25T17:53:59.809+0300][104.680s][2832][9312 ][info ][gc] GC(33) Pause Young (Allocation Failure) 408M->279M(494M) 10.489ms
[2020-04-25T17:54:00.479+0300][105.350s][2832][12468][debug][gc] GC(32) Concurrent active time: 0.844ms
[2020-04-25T17:54:00.479+0300][105.350s][2832][12468][info ][gc] GC(32) Concurrent Mark 855.117ms
[2020-04-25T17:54:00.479+0300][105.350s][2832][12468][info ][gc] GC(32) Concurrent Preclean
[2020-04-25T17:54:00.481+0300][105.352s][2832][12468][debug][gc] GC(32) Concurrent active time: 0.002ms
[2020-04-25T17:54:00.481+0300][105.352s][2832][12468][info ][gc] GC(32) Concurrent Preclean 1.609ms
[2020-04-25T17:54:00.481+0300][105.352s][2832][12468][info ][gc] GC(32) Concurrent Abortable Preclean
[2020-04-25T17:54:02.949+0300][107.821s][2832][9312 ][info ][gc] GC(34) Pause Young (Allocation Failure) 415M->285M(494M) 19.077ms
[2020-04-25T17:54:04.663+0300][109.534s][2832][12468][debug][gc] GC(32) Concurrent active time: 2.962ms
[2020-04-25T17:54:04.663+0300][109.534s][2832][12468][info ][gc] GC(32) Concurrent Abortable Preclean 4181.734ms
[2020-04-25T17:54:04.663+0300][109.534s][2832][9312 ][debug][gc] GC(32) YG occupancy: 93847 K (157248 K)
[2020-04-25T17:54:04.668+0300][109.539s][2832][9312 ][info ][gc] GC(32) Pause Remark 362M->362M(494M) 5.407ms
[2020-04-25T17:54:04.668+0300][109.539s][2832][12468][info ][gc] GC(32) Concurrent Sweep
[2020-04-25T17:54:04.726+0300][109.597s][2832][12468][debug][gc] GC(32) Concurrent active time: 0.058ms
[2020-04-25T17:54:04.726+0300][109.597s][2832][12468][info ][gc] GC(32) Concurrent Sweep 58.114ms
[2020-04-25T17:54:04.726+0300][109.597s][2832][12468][info ][gc] GC(32) Concurrent Reset
[2020-04-25T17:54:04.726+0300][109.598s][2832][12468][debug][gc] GC(32) Concurrent active time: 0.000ms
[2020-04-25T17:54:04.726+0300][109.598s][2832][12468][info ][gc] GC(32) Concurrent Reset 0.174ms
[2020-04-25T17:54:06.071+0300][110.942s][2832][9312 ][info ][gc] GC(35) Pause Young (Allocation Failure) 422M->293M(494M) 16.570ms
[2020-04-25T17:54:09.116+0300][113.987s][2832][9312 ][info ][gc] GC(36) Pause Young (Allocation Failure) 429M->302M(494M) 14.859ms
[2020-04-25T17:54:12.192+0300][117.062s][2832][9312 ][info ][gc] GC(37) Pause Young (Allocation Failure) 438M->308M(494M) 13.609ms
[2020-04-25T17:54:15.257+0300][120.128s][2832][9312 ][info ][gc] GC(38) Pause Young (Allocation Failure) 444M->317M(494M) 12.671ms
[2020-04-25T17:54:18.326+0300][123.197s][2832][9312 ][info ][gc] GC(39) Pause Young (Allocation Failure) 453M->317M(494M) 12.743ms
[2020-04-25T17:54:21.399+0300][126.270s][2832][9312 ][info ][gc] GC(40) Pause Young (Allocation Failure) 454M->328M(494M) 11.919ms
[2020-04-25T17:54:21.400+0300][126.271s][2832][9312 ][info ][gc] GC(41) Pause Initial Mark 331M->331M(494M) 0.837ms
[2020-04-25T17:54:21.400+0300][126.271s][2832][12468][info ][gc] GC(41) Concurrent Mark
[2020-04-25T17:54:22.448+0300][127.320s][2832][12468][debug][gc] GC(41) Concurrent active time: 1.046ms
[2020-04-25T17:54:22.448+0300][127.320s][2832][12468][info ][gc] GC(41) Concurrent Mark 1048.368ms
[2020-04-25T17:54:22.448+0300][127.320s][2832][12468][info ][gc] GC(41) Concurrent Preclean
[2020-04-25T17:54:22.449+0300][127.320s][2832][12468][debug][gc] GC(41) Concurrent active time: 0.000ms
[2020-04-25T17:54:22.449+0300][127.320s][2832][12468][info ][gc] GC(41) Concurrent Preclean 0.445ms
[2020-04-25T17:54:22.449+0300][127.320s][2832][12468][info ][gc] GC(41) Concurrent Abortable Preclean
[2020-04-25T17:54:24.541+0300][129.412s][2832][9312 ][info ][gc] GC(42) Pause Young (Allocation Failure) 465M->335M(494M) 16.757ms
[2020-04-25T17:54:26.181+0300][131.052s][2832][12468][debug][gc] GC(41) Concurrent active time: 2.429ms
[2020-04-25T17:54:26.181+0300][131.052s][2832][12468][info ][gc] GC(41) Concurrent Abortable Preclean 3732.218ms
[2020-04-25T17:54:26.181+0300][131.052s][2832][9312 ][debug][gc] GC(41) YG occupancy: 89596 K (157248 K)
[2020-04-25T17:54:26.187+0300][131.058s][2832][9312 ][info ][gc] GC(41) Pause Remark 408M->408M(494M) 5.630ms
[2020-04-25T17:54:26.187+0300][131.058s][2832][12468][info ][gc] GC(41) Concurrent Sweep
[2020-04-25T17:54:26.258+0300][131.130s][2832][12468][debug][gc] GC(41) Concurrent active time: 0.071ms
[2020-04-25T17:54:26.258+0300][131.130s][2832][12468][info ][gc] GC(41) Concurrent Sweep 71.483ms
[2020-04-25T17:54:26.259+0300][131.130s][2832][12468][info ][gc] GC(41) Concurrent Reset
[2020-04-25T17:54:26.259+0300][131.130s][2832][12468][debug][gc] GC(41) Concurrent active time: 0.000ms
[2020-04-25T17:54:26.259+0300][131.130s][2832][12468][info ][gc] GC(41) Concurrent Reset 0.278ms
[2020-04-25T17:54:27.650+0300][132.522s][2832][9312 ][info ][gc] GC(43) Pause Young (Allocation Failure) 471M->341M(494M) 11.682ms
[2020-04-25T17:54:27.651+0300][132.523s][2832][9312 ][info ][gc] GC(44) Pause Initial Mark 344M->344M(494M) 0.838ms
[2020-04-25T17:54:27.651+0300][132.523s][2832][12468][info ][gc] GC(44) Concurrent Mark
[2020-04-25T17:54:28.754+0300][133.625s][2832][12468][debug][gc] GC(44) Concurrent active time: 1.100ms
[2020-04-25T17:54:28.754+0300][133.625s][2832][12468][info ][gc] GC(44) Concurrent Mark 1102.450ms
[2020-04-25T17:54:28.754+0300][133.625s][2832][12468][info ][gc] GC(44) Concurrent Preclean
[2020-04-25T17:54:28.754+0300][133.626s][2832][12468][debug][gc] GC(44) Concurrent active time: 0.000ms
[2020-04-25T17:54:28.754+0300][133.626s][2832][12468][info ][gc] GC(44) Concurrent Preclean 0.519ms
[2020-04-25T17:54:28.754+0300][133.626s][2832][12468][info ][gc] GC(44) Concurrent Abortable Preclean
[2020-04-25T17:54:30.835+0300][135.706s][2832][9312 ][info ][gc] GC(45) Pause Young (Allocation Failure) 478M->346M(494M) 15.583ms
[2020-04-25T17:54:30.835+0300][135.706s][2832][12468][debug][gc] GC(44) Concurrent active time: 1.321ms
[2020-04-25T17:54:30.836+0300][135.706s][2832][12468][info ][gc] GC(44) Concurrent Abortable Preclean 2080.822ms
[2020-04-25T17:54:30.836+0300][135.706s][2832][9312 ][debug][gc] GC(44) YG occupancy: 15509 K (157248 K)
[2020-04-25T17:54:30.839+0300][135.710s][2832][9312 ][info ][gc] GC(44) Pause Remark 349M->349M(494M) 3.297ms
[2020-04-25T17:54:30.839+0300][135.710s][2832][12468][info ][gc] GC(44) Concurrent Sweep
[2020-04-25T17:54:30.911+0300][135.782s][2832][12468][debug][gc] GC(44) Concurrent active time: 0.073ms
[2020-04-25T17:54:30.911+0300][135.782s][2832][12468][info ][gc] GC(44) Concurrent Sweep 72.660ms
[2020-04-25T17:54:30.911+0300][135.783s][2832][12468][info ][gc] GC(44) Concurrent Reset
[2020-04-25T17:54:30.911+0300][135.783s][2832][12468][debug][gc] GC(44) Concurrent active time: 0.000ms
[2020-04-25T17:54:30.911+0300][135.783s][2832][12468][info ][gc] GC(44) Concurrent Reset 0.171ms
[2020-04-25T17:54:32.918+0300][137.789s][2832][9312 ][info ][gc] GC(46) Pause Initial Mark 439M->439M(494M) 6.043ms
[2020-04-25T17:54:32.918+0300][137.789s][2832][12468][info ][gc] GC(46) Concurrent Mark
[2020-04-25T17:54:34.067+0300][138.938s][2832][12468][debug][gc] GC(46) Concurrent active time: 1.105ms
[2020-04-25T17:54:34.067+0300][138.938s][2832][12468][info ][gc] GC(46) Concurrent Mark 1148.680ms
[2020-04-25T17:54:34.067+0300][138.938s][2832][9312 ][debug][gc] GC(48) Concurrent mode failure
[2020-04-25T17:54:34.559+0300][139.430s][2832][9312 ][info ][gc] GC(48) Pause Full (Allocation Failure) 491M->346M(494M) 534.289ms
[2020-04-25T17:54:34.559+0300][139.430s][2832][9312 ][info ][gc] GC(47) Pause Young (Allocation Failure) 483M->346M(494M) 575.501ms
[2020-04-25T17:54:36.563+0300][141.435s][2832][9312 ][info ][gc] GC(49) Pause Initial Mark 436M->436M(494M) 4.637ms
[2020-04-25T17:54:36.563+0300][141.435s][2832][12468][info ][gc] GC(49) Concurrent Mark
[2020-04-25T17:54:37.734+0300][142.605s][2832][12468][debug][gc] GC(49) Concurrent active time: 1.168ms
[2020-04-25T17:54:37.734+0300][142.605s][2832][12468][info ][gc] GC(49) Concurrent Mark 1170.545ms
[2020-04-25T17:54:37.734+0300][142.605s][2832][12468][info ][gc] GC(49) Concurrent Preclean
[2020-04-25T17:54:37.911+0300][142.782s][2832][12468][debug][gc] GC(49) Concurrent active time: 0.177ms
[2020-04-25T17:54:37.911+0300][142.782s][2832][12468][info ][gc] GC(49) Concurrent Preclean 176.735ms
[2020-04-25T17:54:37.911+0300][142.782s][2832][12468][info ][gc] GC(49) Concurrent Abortable Preclean
[2020-04-25T17:54:37.911+0300][142.782s][2832][12468][debug][gc] GC(49) Concurrent active time: 0.000ms
[2020-04-25T17:54:37.911+0300][142.782s][2832][12468][info ][gc] GC(49) Concurrent Abortable Preclean 0.066ms
[2020-04-25T17:54:37.911+0300][142.782s][2832][9312 ][debug][gc] GC(49) YG occupancy: 152110 K (157248 K)
[2020-04-25T17:54:37.920+0300][142.791s][2832][9312 ][info ][gc] GC(49) Pause Remark 489M->489M(494M) 8.756ms
[2020-04-25T17:54:37.920+0300][142.791s][2832][12468][info ][gc] GC(49) Concurrent Sweep
[2020-04-25T17:54:37.997+0300][142.868s][2832][12468][debug][gc] GC(49) Concurrent active time: 0.077ms
[2020-04-25T17:54:37.997+0300][142.868s][2832][12468][info ][gc] GC(49) Concurrent Sweep 76.883ms
[2020-04-25T17:54:37.997+0300][142.868s][2832][12468][info ][gc] GC(49) Concurrent Reset
[2020-04-25T17:54:37.997+0300][142.868s][2832][12468][debug][gc] GC(49) Concurrent active time: 0.000ms
[2020-04-25T17:54:37.997+0300][142.868s][2832][12468][info ][gc] GC(49) Concurrent Reset 0.174ms
[2020-04-25T17:54:38.515+0300][143.387s][2832][9312 ][info ][gc] GC(51) Pause Full (Allocation Failure) 494M->351M(494M) 452.059ms
[2020-04-25T17:54:38.515+0300][143.387s][2832][9312 ][info ][gc] GC(50) Pause Young (Allocation Failure) 494M->351M(494M) 452.128ms
[2020-04-25T17:54:38.520+0300][143.391s][2832][9312 ][info ][gc] GC(52) Pause Initial Mark 354M->354M(494M) 4.236ms
[2020-04-25T17:54:38.520+0300][143.391s][2832][12468][info ][gc] GC(52) Concurrent Mark
[2020-04-25T17:54:39.705+0300][144.576s][2832][12468][debug][gc] GC(52) Concurrent active time: 1.183ms
[2020-04-25T17:54:39.705+0300][144.576s][2832][12468][info ][gc] GC(52) Concurrent Mark 1184.757ms
[2020-04-25T17:54:39.705+0300][144.576s][2832][12468][info ][gc] GC(52) Concurrent Preclean
[2020-04-25T17:54:39.884+0300][144.755s][2832][12468][debug][gc] GC(52) Concurrent active time: 0.179ms
[2020-04-25T17:54:39.884+0300][144.755s][2832][12468][info ][gc] GC(52) Concurrent Preclean 179.386ms
[2020-04-25T17:54:39.884+0300][144.755s][2832][12468][info ][gc] GC(52) Concurrent Abortable Preclean
[2020-04-25T17:54:39.884+0300][144.755s][2832][12468][debug][gc] GC(52) Concurrent active time: 0.000ms
[2020-04-25T17:54:39.884+0300][144.755s][2832][12468][info ][gc] GC(52) Concurrent Abortable Preclean 0.024ms
[2020-04-25T17:54:39.884+0300][144.755s][2832][9312 ][debug][gc] GC(52) YG occupancy: 71906 K (157248 K)
[2020-04-25T17:54:39.892+0300][144.763s][2832][9312 ][info ][gc] GC(52) Pause Remark 411M->411M(494M) 7.825ms
[2020-04-25T17:54:39.892+0300][144.763s][2832][12468][info ][gc] GC(52) Concurrent Sweep
[2020-04-25T17:54:39.972+0300][144.843s][2832][12468][debug][gc] GC(52) Concurrent active time: 0.080ms
[2020-04-25T17:54:39.972+0300][144.843s][2832][12468][info ][gc] GC(52) Concurrent Sweep 80.032ms
[2020-04-25T17:54:39.972+0300][144.843s][2832][12468][info ][gc] GC(52) Concurrent Reset
[2020-04-25T17:54:39.972+0300][144.844s][2832][12468][debug][gc] GC(52) Concurrent active time: 0.000ms
[2020-04-25T17:54:39.972+0300][144.844s][2832][12468][info ][gc] GC(52) Concurrent Reset 0.177ms
[2020-04-25T17:54:42.374+0300][147.245s][2832][9312 ][info ][gc] GC(54) Pause Full (Allocation Failure) 494M->356M(494M) 453.462ms
[2020-04-25T17:54:42.374+0300][147.245s][2832][9312 ][info ][gc] GC(53) Pause Young (Allocation Failure) 494M->356M(494M) 453.533ms
[2020-04-25T17:54:42.381+0300][147.252s][2832][9312 ][info ][gc] GC(55) Pause Initial Mark 358M->358M(494M) 6.768ms
[2020-04-25T17:54:42.381+0300][147.252s][2832][12468][info ][gc] GC(55) Concurrent Mark
[2020-04-25T17:54:43.537+0300][148.408s][2832][12468][debug][gc] GC(55) Concurrent active time: 1.154ms
[2020-04-25T17:54:43.537+0300][148.408s][2832][12468][info ][gc] GC(55) Concurrent Mark 1156.150ms
[2020-04-25T17:54:43.537+0300][148.408s][2832][12468][info ][gc] GC(55) Concurrent Preclean
[2020-04-25T17:54:43.716+0300][148.587s][2832][12468][debug][gc] GC(55) Concurrent active time: 0.179ms
[2020-04-25T17:54:43.716+0300][148.587s][2832][12468][info ][gc] GC(55) Concurrent Preclean 178.751ms
[2020-04-25T17:54:43.716+0300][148.587s][2832][12468][info ][gc] GC(55) Concurrent Abortable Preclean
[2020-04-25T17:54:43.716+0300][148.587s][2832][12468][debug][gc] GC(55) Concurrent active time: 0.000ms
[2020-04-25T17:54:43.716+0300][148.587s][2832][12468][info ][gc] GC(55) Concurrent Abortable Preclean 0.029ms
[2020-04-25T17:54:43.716+0300][148.587s][2832][9312 ][debug][gc] GC(55) YG occupancy: 76728 K (157248 K)
[2020-04-25T17:54:43.728+0300][148.600s][2832][9312 ][info ][gc] GC(55) Pause Remark 416M->416M(494M) 12.428ms
[2020-04-25T17:54:43.728+0300][148.600s][2832][12468][info ][gc] GC(55) Concurrent Sweep
[2020-04-25T17:54:43.805+0300][148.676s][2832][12468][debug][gc] GC(55) Concurrent active time: 0.077ms
[2020-04-25T17:54:43.805+0300][148.676s][2832][12468][info ][gc] GC(55) Concurrent Sweep 76.757ms
[2020-04-25T17:54:43.805+0300][148.676s][2832][12468][info ][gc] GC(55) Concurrent Reset
[2020-04-25T17:54:43.805+0300][148.677s][2832][12468][debug][gc] GC(55) Concurrent active time: 0.000ms
[2020-04-25T17:54:43.805+0300][148.677s][2832][12468][info ][gc] GC(55) Concurrent Reset 0.172ms
[2020-04-25T17:54:46.123+0300][150.994s][2832][9312 ][info ][gc] GC(57) Pause Full (Allocation Failure) 494M->360M(494M) 456.166ms
[2020-04-25T17:54:46.123+0300][150.994s][2832][9312 ][info ][gc] GC(56) Pause Young (Allocation Failure) 494M->360M(494M) 456.233ms
[2020-04-25T17:54:46.131+0300][151.002s][2832][9312 ][info ][gc] GC(58) Pause Initial Mark 363M->363M(494M) 8.211ms
[2020-04-25T17:54:46.131+0300][151.002s][2832][12468][info ][gc] GC(58) Concurrent Mark
[2020-04-25T17:54:47.307+0300][152.178s][2832][12468][debug][gc] GC(58) Concurrent active time: 1.174ms
[2020-04-25T17:54:47.307+0300][152.178s][2832][12468][info ][gc] GC(58) Concurrent Mark 1176.086ms
[2020-04-25T17:54:47.307+0300][152.178s][2832][12468][info ][gc] GC(58) Concurrent Preclean
[2020-04-25T17:54:47.489+0300][152.361s][2832][12468][debug][gc] GC(58) Concurrent active time: 0.182ms
[2020-04-25T17:54:47.489+0300][152.361s][2832][12468][info ][gc] GC(58) Concurrent Preclean 182.280ms
[2020-04-25T17:54:47.489+0300][152.361s][2832][12468][info ][gc] GC(58) Concurrent Abortable Preclean
[2020-04-25T17:54:47.489+0300][152.361s][2832][12468][debug][gc] GC(58) Concurrent active time: 0.000ms
[2020-04-25T17:54:47.489+0300][152.361s][2832][12468][info ][gc] GC(58) Concurrent Abortable Preclean 0.024ms
[2020-04-25T17:54:47.489+0300][152.361s][2832][9312 ][debug][gc] GC(58) YG occupancy: 155408 K (157248 K)
[2020-04-25T17:54:47.574+0300][152.445s][2832][9312 ][info ][gc] GC(58) Pause Remark 493M->493M(494M) 84.642ms
[2020-04-25T17:54:47.574+0300][152.445s][2832][12468][info ][gc] GC(58) Concurrent Sweep
[2020-04-25T17:54:47.659+0300][152.530s][2832][12468][debug][gc] GC(58) Concurrent active time: 0.084ms
[2020-04-25T17:54:47.659+0300][152.530s][2832][12468][info ][gc] GC(58) Concurrent Sweep 84.285ms
[2020-04-25T17:54:47.659+0300][152.530s][2832][9312 ][debug][gc] GC(59) Concurrent mode failure
[2020-04-25T17:54:48.142+0300][153.014s][2832][9312 ][info ][gc] GC(59) Pause Full (Allocation Failure) 494M->398M(494M) 514.104ms
[2020-04-25T17:54:49.983+0300][154.854s][2832][9312 ][info ][gc] GC(61) Pause Full (Allocation Failure) 459M->400M(494M) 431.807ms
[2020-04-25T17:54:49.983+0300][154.854s][2832][9312 ][info ][gc] GC(60) Pause Young (Allocation Failure) 454M->400M(494M) 556.734ms
[2020-04-25T17:54:50.109+0300][154.981s][2832][9312 ][info ][gc] GC(62) Pause Initial Mark 402M->402M(494M) 126.262ms
[2020-04-25T17:54:50.109+0300][154.981s][2832][12468][info ][gc] GC(62) Concurrent Mark
[2020-04-25T17:54:50.270+0300][155.141s][2832][12468][debug][gc] GC(62) Concurrent active time: 0.160ms
[2020-04-25T17:54:50.270+0300][155.141s][2832][12468][info ][gc] GC(62) Concurrent Mark 160.053ms
[2020-04-25T17:54:50.270+0300][155.141s][2832][12468][info ][gc] GC(62) Concurrent Preclean
[2020-04-25T17:54:50.428+0300][155.300s][2832][12468][debug][gc] GC(62) Concurrent active time: 0.159ms
[2020-04-25T17:54:50.428+0300][155.300s][2832][12468][info ][gc] GC(62) Concurrent Preclean 158.950ms
[2020-04-25T17:54:50.428+0300][155.300s][2832][12468][info ][gc] GC(62) Concurrent Abortable Preclean
[2020-04-25T17:54:51.682+0300][156.553s][2832][12468][debug][gc] GC(62) Concurrent active time: 0.153ms
[2020-04-25T17:54:51.682+0300][156.553s][2832][12468][info ][gc] GC(62) Concurrent Abortable Preclean 1253.470ms
[2020-04-25T17:54:51.682+0300][156.553s][2832][9312 ][debug][gc] GC(64) Concurrent mode failure
[2020-04-25T17:54:52.116+0300][156.987s][2832][9312 ][info ][gc] GC(64) Pause Full (Allocation Failure) 459M->402M(494M) 584.314ms
[2020-04-25T17:54:52.116+0300][156.987s][2832][9312 ][info ][gc] GC(63) Pause Young (Allocation Failure) 454M->402M(494M) 727.305ms
[2020-04-25T17:54:53.892+0300][158.763s][2832][9312 ][info ][gc] GC(66) Pause Full (Allocation Failure) 461M->404M(494M) 430.250ms
[2020-04-25T17:54:53.892+0300][158.764s][2832][9312 ][info ][gc] GC(65) Pause Young (Allocation Failure) 454M->404M(494M) 585.009ms
[2020-04-25T17:54:54.021+0300][158.892s][2832][9312 ][info ][gc] GC(67) Pause Initial Mark 405M->405M(494M) 128.354ms
[2020-04-25T17:54:54.021+0300][158.892s][2832][12468][info ][gc] GC(67) Concurrent Mark
[2020-04-25T17:54:54.172+0300][159.044s][2832][12468][debug][gc] GC(67) Concurrent active time: 0.152ms
[2020-04-25T17:54:54.172+0300][159.044s][2832][12468][info ][gc] GC(67) Concurrent Mark 151.821ms
[2020-04-25T17:54:54.172+0300][159.044s][2832][12468][info ][gc] GC(67) Concurrent Preclean
[2020-04-25T17:54:54.331+0300][159.202s][2832][12468][debug][gc] GC(67) Concurrent active time: 0.158ms
[2020-04-25T17:54:54.331+0300][159.202s][2832][12468][info ][gc] GC(67) Concurrent Preclean 158.356ms
[2020-04-25T17:54:54.331+0300][159.202s][2832][12468][info ][gc] GC(67) Concurrent Abortable Preclean
[2020-04-25T17:54:55.540+0300][160.411s][2832][12468][debug][gc] GC(67) Concurrent active time: 0.159ms
[2020-04-25T17:54:55.540+0300][160.411s][2832][12468][info ][gc] GC(67) Concurrent Abortable Preclean 1208.790ms
[2020-04-25T17:54:55.540+0300][160.411s][2832][9312 ][debug][gc] GC(69) Concurrent mode failure
[2020-04-25T17:54:55.971+0300][160.843s][2832][9312 ][info ][gc] GC(69) Pause Full (Allocation Failure) 463M->405M(494M) 588.137ms
[2020-04-25T17:54:55.971+0300][160.843s][2832][9312 ][info ][gc] GC(68) Pause Young (Allocation Failure) 454M->405M(494M) 759.096ms
[2020-04-25T17:54:57.718+0300][162.589s][2832][9312 ][info ][gc] GC(71) Pause Full (Allocation Failure) 465M->407M(494M) 438.083ms
[2020-04-25T17:54:57.718+0300][162.589s][2832][9312 ][info ][gc] GC(70) Pause Young (Allocation Failure) 454M->407M(494M) 615.658ms
[2020-04-25T17:54:57.848+0300][162.720s][2832][9312 ][info ][gc] GC(72) Pause Initial Mark 408M->408M(494M) 130.190ms
[2020-04-25T17:54:57.848+0300][162.720s][2832][12468][info ][gc] GC(72) Concurrent Mark
[2020-04-25T17:54:58.001+0300][162.872s][2832][12468][debug][gc] GC(72) Concurrent active time: 0.153ms
[2020-04-25T17:54:58.001+0300][162.872s][2832][12468][info ][gc] GC(72) Concurrent Mark 152.645ms
[2020-04-25T17:54:58.001+0300][162.872s][2832][12468][info ][gc] GC(72) Concurrent Preclean
[2020-04-25T17:54:58.157+0300][163.028s][2832][12468][debug][gc] GC(72) Concurrent active time: 0.155ms
[2020-04-25T17:54:58.157+0300][163.028s][2832][12468][info ][gc] GC(72) Concurrent Preclean 155.427ms
[2020-04-25T17:54:58.157+0300][163.028s][2832][12468][info ][gc] GC(72) Concurrent Abortable Preclean
[2020-04-25T17:54:59.285+0300][164.156s][2832][12468][debug][gc] GC(72) Concurrent active time: 0.155ms
[2020-04-25T17:54:59.285+0300][164.156s][2832][12468][info ][gc] GC(72) Concurrent Abortable Preclean 1128.133ms
[2020-04-25T17:54:59.285+0300][164.156s][2832][9312 ][debug][gc] GC(74) Concurrent mode failure
[2020-04-25T17:54:59.724+0300][164.596s][2832][9312 ][info ][gc] GC(74) Pause Full (Allocation Failure) 467M->409M(494M) 592.812ms
[2020-04-25T17:54:59.724+0300][164.596s][2832][9312 ][info ][gc] GC(73) Pause Young (Allocation Failure) 454M->409M(494M) 776.507ms
[2020-04-25T17:55:01.431+0300][166.303s][2832][9312 ][info ][gc] GC(76) Pause Full (Allocation Failure) 468M->410M(494M) 442.265ms
[2020-04-25T17:55:01.431+0300][166.303s][2832][9312 ][info ][gc] GC(75) Pause Young (Allocation Failure) 454M->410M(494M) 653.788ms
[2020-04-25T17:55:01.564+0300][166.435s][2832][9312 ][info ][gc] GC(77) Pause Initial Mark 410M->410M(494M) 132.373ms
[2020-04-25T17:55:01.564+0300][166.435s][2832][12468][info ][gc] GC(77) Concurrent Mark
[2020-04-25T17:55:01.712+0300][166.584s][2832][12468][debug][gc] GC(77) Concurrent active time: 0.148ms
[2020-04-25T17:55:01.712+0300][166.584s][2832][12468][info ][gc] GC(77) Concurrent Mark 148.369ms
[2020-04-25T17:55:01.712+0300][166.584s][2832][12468][info ][gc] GC(77) Concurrent Preclean
[2020-04-25T17:55:01.870+0300][166.741s][2832][12468][debug][gc] GC(77) Concurrent active time: 0.157ms
[2020-04-25T17:55:01.870+0300][166.741s][2832][12468][info ][gc] GC(77) Concurrent Preclean 157.094ms
[2020-04-25T17:55:01.870+0300][166.741s][2832][12468][info ][gc] GC(77) Concurrent Abortable Preclean
[2020-04-25T17:55:02.665+0300][167.535s][2832][12468][debug][gc] GC(77) Concurrent active time: 0.002ms
[2020-04-25T17:55:02.665+0300][167.535s][2832][12468][info ][gc] GC(77) Concurrent Abortable Preclean 794.713ms
[2020-04-25T17:55:02.797+0300][167.669s][2832][9312 ][debug][gc] GC(79) Concurrent mode failure
[2020-04-25T17:55:03.241+0300][168.112s][2832][9312 ][info ][gc] GC(79) Pause Full (Allocation Failure) 470M->412M(494M) 443.348ms
[2020-04-25T17:55:03.241+0300][168.112s][2832][9312 ][info ][gc] GC(78) Pause Young (Allocation Failure) 454M->412M(494M) 656.407ms
[2020-04-25T17:55:04.898+0300][169.769s][2832][9312 ][info ][gc] GC(81) Pause Full (Allocation Failure) 471M->413M(494M) 448.225ms
[2020-04-25T17:55:04.898+0300][169.769s][2832][9312 ][info ][gc] GC(80) Pause Young (Allocation Failure) 454M->413M(494M) 674.370ms
[2020-04-25T17:55:05.030+0300][169.902s][2832][9312 ][info ][gc] GC(82) Pause Initial Mark 414M->414M(494M) 132.975ms
[2020-04-25T17:55:05.030+0300][169.902s][2832][12468][info ][gc] GC(82) Concurrent Mark
[2020-04-25T17:55:05.193+0300][170.065s][2832][12468][debug][gc] GC(82) Concurrent active time: 0.163ms
[2020-04-25T17:55:05.194+0300][170.065s][2832][12468][info ][gc] GC(82) Concurrent Mark 162.642ms
[2020-04-25T17:55:05.194+0300][170.065s][2832][12468][info ][gc] GC(82) Concurrent Preclean
[2020-04-25T17:55:05.351+0300][170.223s][2832][12468][debug][gc] GC(82) Concurrent active time: 0.158ms
[2020-04-25T17:55:05.351+0300][170.223s][2832][12468][info ][gc] GC(82) Concurrent Preclean 158.148ms
[2020-04-25T17:55:05.351+0300][170.223s][2832][12468][info ][gc] GC(82) Concurrent Abortable Preclean
[2020-04-25T17:55:06.405+0300][171.276s][2832][12468][debug][gc] GC(82) Concurrent active time: 0.155ms
[2020-04-25T17:55:06.405+0300][171.276s][2832][12468][info ][gc] GC(82) Concurrent Abortable Preclean 1053.537ms
[2020-04-25T17:55:06.406+0300][171.276s][2832][9312 ][debug][gc] GC(84) Concurrent mode failure
[2020-04-25T17:55:06.860+0300][171.731s][2832][9312 ][info ][gc] GC(84) Pause Full (Allocation Failure) 471M->414M(494M) 607.910ms
[2020-04-25T17:55:06.860+0300][171.731s][2832][9312 ][info ][gc] GC(83) Pause Young (Allocation Failure) 454M->414M(494M) 860.977ms
[2020-04-25T17:55:08.490+0300][173.361s][2832][9312 ][info ][gc] GC(86) Pause Full (Allocation Failure) 471M->416M(494M) 460.752ms
[2020-04-25T17:55:08.490+0300][173.361s][2832][9312 ][info ][gc] GC(85) Pause Young (Allocation Failure) 454M->416M(494M) 715.726ms
[2020-04-25T17:55:08.624+0300][173.494s][2832][9312 ][info ][gc] GC(87) Pause Initial Mark 417M->417M(494M) 133.352ms
[2020-04-25T17:55:08.624+0300][173.495s][2832][12468][info ][gc] GC(87) Concurrent Mark
[2020-04-25T17:55:08.777+0300][173.649s][2832][12468][debug][gc] GC(87) Concurrent active time: 0.154ms
[2020-04-25T17:55:08.777+0300][173.649s][2832][12468][info ][gc] GC(87) Concurrent Mark 154.304ms
[2020-04-25T17:55:08.777+0300][173.649s][2832][12468][info ][gc] GC(87) Concurrent Preclean
[2020-04-25T17:55:08.933+0300][173.804s][2832][12468][debug][gc] GC(87) Concurrent active time: 0.155ms
[2020-04-25T17:55:08.933+0300][173.804s][2832][12468][info ][gc] GC(87) Concurrent Preclean 155.539ms
[2020-04-25T17:55:08.933+0300][173.804s][2832][12468][info ][gc] GC(87) Concurrent Abortable Preclean
[2020-04-25T17:55:09.940+0300][174.812s][2832][12468][debug][gc] GC(87) Concurrent active time: 0.153ms
[2020-04-25T17:55:09.940+0300][174.812s][2832][12468][info ][gc] GC(87) Concurrent Abortable Preclean 1007.332ms
[2020-04-25T17:55:09.940+0300][174.812s][2832][9312 ][debug][gc] GC(89) Concurrent mode failure
[2020-04-25T17:55:10.406+0300][175.277s][2832][9312 ][info ][gc] GC(89) Pause Full (Allocation Failure) 471M->417M(494M) 616.179ms
[2020-04-25T17:55:10.406+0300][175.277s][2832][9312 ][info ][gc] GC(88) Pause Young (Allocation Failure) 454M->417M(494M) 880.134ms
[2020-04-25T17:55:12.021+0300][176.891s][2832][9312 ][info ][gc] GC(91) Pause Full (Allocation Failure) 471M->418M(494M) 478.355ms
[2020-04-25T17:55:12.021+0300][176.891s][2832][9312 ][info ][gc] GC(90) Pause Young (Allocation Failure) 454M->418M(494M) 762.082ms
[2020-04-25T17:55:12.154+0300][177.025s][2832][9312 ][info ][gc] GC(92) Pause Initial Mark 419M->419M(494M) 133.585ms
[2020-04-25T17:55:12.154+0300][177.025s][2832][12468][info ][gc] GC(92) Concurrent Mark
[2020-04-25T17:55:12.313+0300][177.184s][2832][12468][debug][gc] GC(92) Concurrent active time: 0.159ms
[2020-04-25T17:55:12.313+0300][177.184s][2832][12468][info ][gc] GC(92) Concurrent Mark 158.989ms
[2020-04-25T17:55:12.313+0300][177.184s][2832][12468][info ][gc] GC(92) Concurrent Preclean
[2020-04-25T17:55:12.470+0300][177.342s][2832][12468][debug][gc] GC(92) Concurrent active time: 0.158ms
[2020-04-25T17:55:12.470+0300][177.342s][2832][12468][info ][gc] GC(92) Concurrent Preclean 157.632ms
[2020-04-25T17:55:12.470+0300][177.342s][2832][12468][info ][gc] GC(92) Concurrent Abortable Preclean
[2020-04-25T17:55:13.076+0300][177.947s][2832][12468][debug][gc] GC(92) Concurrent active time: 0.002ms
[2020-04-25T17:55:13.076+0300][177.947s][2832][12468][info ][gc] GC(92) Concurrent Abortable Preclean 604.650ms
[2020-04-25T17:55:13.271+0300][178.142s][2832][9312 ][debug][gc] GC(94) Concurrent mode failure
[2020-04-25T17:55:13.736+0300][178.608s][2832][9312 ][info ][gc] GC(94) Pause Full (Allocation Failure) 471M->420M(494M) 465.229ms
[2020-04-25T17:55:13.736+0300][178.608s][2832][9312 ][info ][gc] GC(93) Pause Young (Allocation Failure) 454M->420M(494M) 747.495ms
[2020-04-25T17:55:15.297+0300][180.168s][2832][9312 ][info ][gc] GC(96) Pause Full (Allocation Failure) 471M->421M(494M) 469.585ms
[2020-04-25T17:55:15.297+0300][180.168s][2832][9312 ][info ][gc] GC(95) Pause Young (Allocation Failure) 454M->421M(494M) 763.327ms
[2020-04-25T17:55:15.434+0300][180.305s][2832][9312 ][info ][gc] GC(97) Pause Initial Mark 421M->421M(494M) 136.879ms
[2020-04-25T17:55:15.434+0300][180.305s][2832][12468][info ][gc] GC(97) Concurrent Mark
[2020-04-25T17:55:15.590+0300][180.461s][2832][12468][debug][gc] GC(97) Concurrent active time: 0.156ms
[2020-04-25T17:55:15.590+0300][180.461s][2832][12468][info ][gc] GC(97) Concurrent Mark 155.869ms
[2020-04-25T17:55:15.590+0300][180.461s][2832][12468][info ][gc] GC(97) Concurrent Preclean
[2020-04-25T17:55:15.747+0300][180.618s][2832][12468][debug][gc] GC(97) Concurrent active time: 0.157ms
[2020-04-25T17:55:15.747+0300][180.618s][2832][12468][info ][gc] GC(97) Concurrent Preclean 156.865ms
[2020-04-25T17:55:15.747+0300][180.618s][2832][12468][info ][gc] GC(97) Concurrent Abortable Preclean
[2020-04-25T17:55:16.251+0300][181.122s][2832][12468][debug][gc] GC(97) Concurrent active time: 0.001ms
[2020-04-25T17:55:16.251+0300][181.122s][2832][12468][info ][gc] GC(97) Concurrent Abortable Preclean 503.894ms
[2020-04-25T17:55:16.535+0300][181.406s][2832][9312 ][debug][gc] GC(99) Concurrent mode failure
[2020-04-25T17:55:17.002+0300][181.874s][2832][9312 ][info ][gc] GC(99) Pause Full (Allocation Failure) 471M->422M(494M) 468.072ms
[2020-04-25T17:55:17.002+0300][181.874s][2832][9312 ][info ][gc] GC(98) Pause Young (Allocation Failure) 454M->422M(494M) 789.940ms
[2020-04-25T17:55:18.529+0300][183.400s][2832][9312 ][info ][gc] GC(101) Pause Full (Allocation Failure) 471M->423M(494M) 466.333ms
[2020-04-25T17:55:18.529+0300][183.400s][2832][9312 ][info ][gc] GC(100) Pause Young (Allocation Failure) 454M->423M(494M) 790.066ms
[2020-04-25T17:55:18.665+0300][183.536s][2832][9312 ][info ][gc] GC(102) Pause Initial Mark 424M->424M(494M) 135.307ms
[2020-04-25T17:55:18.665+0300][183.536s][2832][12468][info ][gc] GC(102) Concurrent Mark
[2020-04-25T17:55:18.818+0300][183.690s][2832][12468][debug][gc] GC(102) Concurrent active time: 0.154ms
[2020-04-25T17:55:18.818+0300][183.690s][2832][12468][info ][gc] GC(102) Concurrent Mark 154.131ms
[2020-04-25T17:55:18.818+0300][183.690s][2832][12468][info ][gc] GC(102) Concurrent Preclean
[2020-04-25T17:55:18.976+0300][183.847s][2832][12468][debug][gc] GC(102) Concurrent active time: 0.157ms
[2020-04-25T17:55:18.976+0300][183.847s][2832][12468][info ][gc] GC(102) Concurrent Preclean 157.307ms
[2020-04-25T17:55:18.976+0300][183.847s][2832][12468][info ][gc] GC(102) Concurrent Abortable Preclean
[2020-04-25T17:55:19.480+0300][184.350s][2832][12468][debug][gc] GC(102) Concurrent active time: 0.001ms
[2020-04-25T17:55:19.480+0300][184.350s][2832][12468][info ][gc] GC(102) Concurrent Abortable Preclean 503.128ms
[2020-04-25T17:55:19.733+0300][184.604s][2832][9312 ][debug][gc] GC(104) Concurrent mode failure
[2020-04-25T17:55:20.205+0300][185.076s][2832][9312 ][info ][gc] GC(104) Pause Full (Allocation Failure) 471M->424M(494M) 472.334ms
[2020-04-25T17:55:20.205+0300][185.076s][2832][9312 ][info ][gc] GC(103) Pause Young (Allocation Failure) 454M->424M(494M) 814.567ms
[2020-04-25T17:55:21.733+0300][186.604s][2832][9312 ][info ][gc] GC(106) Pause Full (Allocation Failure) 471M->425M(494M) 469.571ms
[2020-04-25T17:55:21.733+0300][186.604s][2832][9312 ][info ][gc] GC(105) Pause Young (Allocation Failure) 454M->425M(494M) 828.726ms
[2020-04-25T17:55:21.869+0300][186.741s][2832][9312 ][info ][gc] GC(107) Pause Initial Mark 426M->426M(494M) 136.849ms
[2020-04-25T17:55:21.869+0300][186.741s][2832][12468][info ][gc] GC(107) Concurrent Mark
[2020-04-25T17:55:22.026+0300][186.897s][2832][12468][debug][gc] GC(107) Concurrent active time: 0.156ms
[2020-04-25T17:55:22.026+0300][186.897s][2832][12468][info ][gc] GC(107) Concurrent Mark 156.361ms
[2020-04-25T17:55:22.026+0300][186.897s][2832][12468][info ][gc] GC(107) Concurrent Preclean
[2020-04-25T17:55:22.181+0300][187.053s][2832][12468][debug][gc] GC(107) Concurrent active time: 0.156ms
[2020-04-25T17:55:22.181+0300][187.053s][2832][12468][info ][gc] GC(107) Concurrent Preclean 155.776ms
[2020-04-25T17:55:22.181+0300][187.053s][2832][12468][info ][gc] GC(107) Concurrent Abortable Preclean
[2020-04-25T17:55:23.046+0300][187.918s][2832][12468][debug][gc] GC(107) Concurrent active time: 0.153ms
[2020-04-25T17:55:23.046+0300][187.918s][2832][12468][info ][gc] GC(107) Concurrent Abortable Preclean 864.466ms
[2020-04-25T17:55:23.046+0300][187.918s][2832][9312 ][debug][gc] GC(109) Concurrent mode failure
[2020-04-25T17:55:23.519+0300][188.391s][2832][9312 ][info ][gc] GC(109) Pause Full (Allocation Failure) 471M->426M(494M) 624.913ms
[2020-04-25T17:55:23.520+0300][188.391s][2832][9312 ][info ][gc] GC(108) Pause Young (Allocation Failure) 454M->426M(494M) 965.870ms
[2020-04-25T17:55:24.997+0300][189.868s][2832][9312 ][info ][gc] GC(111) Pause Full (Allocation Failure) 471M->427M(494M) 472.755ms
[2020-04-25T17:55:24.997+0300][189.868s][2832][9312 ][info ][gc] GC(110) Pause Young (Allocation Failure) 454M->427M(494M) 834.157ms
[2020-04-25T17:55:25.167+0300][190.039s][2832][9312 ][info ][gc] GC(112) Pause Initial Mark 427M->427M(494M) 170.503ms
[2020-04-25T17:55:25.167+0300][190.039s][2832][12468][info ][gc] GC(112) Concurrent Mark
[2020-04-25T17:55:25.339+0300][190.211s][2832][12468][debug][gc] GC(112) Concurrent active time: 0.172ms
[2020-04-25T17:55:25.339+0300][190.211s][2832][12468][info ][gc] GC(112) Concurrent Mark 171.653ms
[2020-04-25T17:55:25.340+0300][190.211s][2832][12468][info ][gc] GC(112) Concurrent Preclean
[2020-04-25T17:55:25.499+0300][190.370s][2832][12468][debug][gc] GC(112) Concurrent active time: 0.159ms
[2020-04-25T17:55:25.499+0300][190.370s][2832][12468][info ][gc] GC(112) Concurrent Preclean 159.306ms
[2020-04-25T17:55:25.499+0300][190.370s][2832][12468][info ][gc] GC(112) Concurrent Abortable Preclean
[2020-04-25T17:55:25.901+0300][190.772s][2832][12468][debug][gc] GC(112) Concurrent active time: 0.001ms
[2020-04-25T17:55:25.901+0300][190.772s][2832][12468][info ][gc] GC(112) Concurrent Abortable Preclean 402.237ms
[2020-04-25T17:55:26.178+0300][191.049s][2832][9312 ][debug][gc] GC(114) Concurrent mode failure
[2020-04-25T17:55:26.653+0300][191.525s][2832][9312 ][info ][gc] GC(114) Pause Full (Allocation Failure) 471M->428M(494M) 476.357ms
[2020-04-25T17:55:26.653+0300][191.525s][2832][9312 ][info ][gc] GC(113) Pause Young (Allocation Failure) 454M->428M(494M) 848.029ms
[2020-04-25T17:55:28.120+0300][192.991s][2832][9312 ][info ][gc] GC(116) Pause Full (Allocation Failure) 471M->429M(494M) 470.763ms
[2020-04-25T17:55:28.120+0300][192.991s][2832][9312 ][info ][gc] GC(115) Pause Young (Allocation Failure) 454M->429M(494M) 848.687ms
[2020-04-25T17:55:28.257+0300][193.129s][2832][9312 ][info ][gc] GC(117) Pause Initial Mark 429M->429M(494M) 137.639ms
[2020-04-25T17:55:28.257+0300][193.129s][2832][12468][info ][gc] GC(117) Concurrent Mark
[2020-04-25T17:55:28.416+0300][193.287s][2832][12468][debug][gc] GC(117) Concurrent active time: 0.158ms
[2020-04-25T17:55:28.416+0300][193.287s][2832][12468][info ][gc] GC(117) Concurrent Mark 158.540ms
[2020-04-25T17:55:28.416+0300][193.287s][2832][12468][info ][gc] GC(117) Concurrent Preclean
[2020-04-25T17:55:28.573+0300][193.445s][2832][12468][debug][gc] GC(117) Concurrent active time: 0.157ms
[2020-04-25T17:55:28.573+0300][193.445s][2832][12468][info ][gc] GC(117) Concurrent Preclean 157.485ms
[2020-04-25T17:55:28.573+0300][193.445s][2832][12468][info ][gc] GC(117) Concurrent Abortable Preclean
[2020-04-25T17:55:29.403+0300][194.274s][2832][12468][debug][gc] GC(117) Concurrent active time: 0.152ms
[2020-04-25T17:55:29.403+0300][194.274s][2832][12468][info ][gc] GC(117) Concurrent Abortable Preclean 829.472ms
[2020-04-25T17:55:29.403+0300][194.274s][2832][9312 ][debug][gc] GC(119) Concurrent mode failure
[2020-04-25T17:55:29.878+0300][194.749s][2832][9312 ][info ][gc] GC(119) Pause Full (Allocation Failure) 471M->429M(494M) 625.779ms
[2020-04-25T17:55:29.878+0300][194.749s][2832][9312 ][info ][gc] GC(118) Pause Young (Allocation Failure) 454M->429M(494M) 1018.740ms
[2020-04-25T17:55:31.315+0300][196.187s][2832][9312 ][info ][gc] GC(121) Pause Full (Allocation Failure) 471M->430M(494M) 473.995ms
[2020-04-25T17:55:31.315+0300][196.187s][2832][9312 ][info ][gc] GC(120) Pause Young (Allocation Failure) 454M->430M(494M) 865.946ms
[2020-04-25T17:55:31.455+0300][196.326s][2832][9312 ][info ][gc] GC(122) Pause Initial Mark 431M->431M(494M) 139.118ms
[2020-04-25T17:55:31.455+0300][196.326s][2832][12468][info ][gc] GC(122) Concurrent Mark
[2020-04-25T17:55:31.604+0300][196.476s][2832][12468][debug][gc] GC(122) Concurrent active time: 0.150ms
[2020-04-25T17:55:31.604+0300][196.476s][2832][12468][info ][gc] GC(122) Concurrent Mark 149.668ms
[2020-04-25T17:55:31.604+0300][196.476s][2832][12468][info ][gc] GC(122) Concurrent Preclean
[2020-04-25T17:55:31.762+0300][196.633s][2832][12468][debug][gc] GC(122) Concurrent active time: 0.157ms
[2020-04-25T17:55:31.762+0300][196.633s][2832][12468][info ][gc] GC(122) Concurrent Preclean 157.462ms
[2020-04-25T17:55:31.762+0300][196.633s][2832][12468][info ][gc] GC(122) Concurrent Abortable Preclean
[2020-04-25T17:55:32.540+0300][197.411s][2832][12468][debug][gc] GC(122) Concurrent active time: 0.152ms
[2020-04-25T17:55:32.540+0300][197.411s][2832][12468][info ][gc] GC(122) Concurrent Abortable Preclean 777.565ms
[2020-04-25T17:55:32.540+0300][197.411s][2832][9312 ][debug][gc] GC(124) Concurrent mode failure
[2020-04-25T17:55:33.014+0300][197.886s][2832][9312 ][info ][gc] GC(124) Pause Full (Allocation Failure) 471M->431M(494M) 627.151ms
[2020-04-25T17:55:33.015+0300][197.886s][2832][9312 ][info ][gc] GC(123) Pause Young (Allocation Failure) 454M->431M(494M) 991.464ms
[2020-04-25T17:55:34.425+0300][199.296s][2832][9312 ][info ][gc] GC(126) Pause Full (Allocation Failure) 471M->432M(494M) 476.773ms
[2020-04-25T17:55:34.425+0300][199.296s][2832][9312 ][info ][gc] GC(125) Pause Young (Allocation Failure) 454M->432M(494M) 877.067ms
[2020-04-25T17:55:34.596+0300][199.467s][2832][9312 ][info ][gc] GC(127) Pause Initial Mark 432M->432M(494M) 171.464ms
[2020-04-25T17:55:34.596+0300][199.467s][2832][12468][info ][gc] GC(127) Concurrent Mark
[2020-04-25T17:55:34.755+0300][199.626s][2832][12468][debug][gc] GC(127) Concurrent active time: 0.159ms
[2020-04-25T17:55:34.755+0300][199.626s][2832][12468][info ][gc] GC(127) Concurrent Mark 159.092ms
[2020-04-25T17:55:34.755+0300][199.626s][2832][12468][info ][gc] GC(127) Concurrent Preclean
[2020-04-25T17:55:34.912+0300][199.784s][2832][12468][debug][gc] GC(127) Concurrent active time: 0.157ms
[2020-04-25T17:55:34.912+0300][199.784s][2832][12468][info ][gc] GC(127) Concurrent Preclean 157.155ms
[2020-04-25T17:55:34.912+0300][199.784s][2832][12468][info ][gc] GC(127) Concurrent Abortable Preclean
[2020-04-25T17:55:35.215+0300][200.085s][2832][12468][debug][gc] GC(127) Concurrent active time: 0.001ms
[2020-04-25T17:55:35.215+0300][200.085s][2832][12468][info ][gc] GC(127) Concurrent Abortable Preclean 301.811ms
[2020-04-25T17:55:35.561+0300][200.432s][2832][9312 ][debug][gc] GC(129) Concurrent mode failure
[2020-04-25T17:55:36.037+0300][200.909s][2832][9312 ][info ][gc] GC(129) Pause Full (Allocation Failure) 471M->433M(494M) 477.054ms
[2020-04-25T17:55:36.037+0300][200.909s][2832][9312 ][info ][gc] GC(128) Pause Young (Allocation Failure) 454M->433M(494M) 917.037ms
[2020-04-25T17:55:37.434+0300][202.305s][2832][9312 ][info ][gc] GC(131) Pause Full (Allocation Failure) 471M->433M(494M) 475.286ms
[2020-04-25T17:55:37.434+0300][202.305s][2832][9312 ][info ][gc] GC(130) Pause Young (Allocation Failure) 454M->433M(494M) 902.248ms
[2020-04-25T17:55:37.574+0300][202.446s][2832][9312 ][info ][gc] GC(132) Pause Initial Mark 434M->434M(494M) 140.709ms
[2020-04-25T17:55:37.574+0300][202.446s][2832][12468][info ][gc] GC(132) Concurrent Mark
[2020-04-25T17:55:37.732+0300][202.604s][2832][12468][debug][gc] GC(132) Concurrent active time: 0.158ms
[2020-04-25T17:55:37.733+0300][202.604s][2832][12468][info ][gc] GC(132) Concurrent Mark 157.935ms
[2020-04-25T17:55:37.733+0300][202.604s][2832][12468][info ][gc] GC(132) Concurrent Preclean
[2020-04-25T17:55:37.889+0300][202.761s][2832][12468][debug][gc] GC(132) Concurrent active time: 0.157ms
[2020-04-25T17:55:37.889+0300][202.761s][2832][12468][info ][gc] GC(132) Concurrent Preclean 157.470ms
[2020-04-25T17:55:37.889+0300][202.761s][2832][12468][info ][gc] GC(132) Concurrent Abortable Preclean
[2020-04-25T17:55:38.092+0300][202.963s][2832][12468][debug][gc] GC(132) Concurrent active time: 0.001ms
[2020-04-25T17:55:38.092+0300][202.963s][2832][12468][info ][gc] GC(132) Concurrent Abortable Preclean 201.595ms
[2020-04-25T17:55:38.518+0300][203.389s][2832][9312 ][debug][gc] GC(134) Concurrent mode failure
[2020-04-25T17:55:38.996+0300][203.868s][2832][9312 ][info ][gc] GC(134) Pause Full (Allocation Failure) 471M->434M(494M) 478.344ms
[2020-04-25T17:55:38.996+0300][203.868s][2832][9312 ][info ][gc] GC(133) Pause Young (Allocation Failure) 454M->434M(494M) 920.702ms
[2020-04-25T17:55:40.412+0300][205.283s][2832][9312 ][info ][gc] GC(136) Pause Full (Allocation Failure) 471M->435M(494M) 505.260ms
[2020-04-25T17:55:40.412+0300][205.283s][2832][9312 ][info ][gc] GC(135) Pause Young (Allocation Failure) 454M->435M(494M) 953.599ms
[2020-04-25T17:55:40.553+0300][205.425s][2832][9312 ][info ][gc] GC(137) Pause Initial Mark 435M->435M(494M) 141.804ms
[2020-04-25T17:55:40.554+0300][205.425s][2832][12468][info ][gc] GC(137) Concurrent Mark
[2020-04-25T17:55:40.712+0300][205.583s][2832][12468][debug][gc] GC(137) Concurrent active time: 0.158ms
[2020-04-25T17:55:40.712+0300][205.583s][2832][12468][info ][gc] GC(137) Concurrent Mark 158.277ms
[2020-04-25T17:55:40.712+0300][205.583s][2832][12468][info ][gc] GC(137) Concurrent Preclean
[2020-04-25T17:55:40.870+0300][205.742s][2832][12468][debug][gc] GC(137) Concurrent active time: 0.158ms
[2020-04-25T17:55:40.870+0300][205.742s][2832][12468][info ][gc] GC(137) Concurrent Preclean 158.267ms
[2020-04-25T17:55:40.870+0300][205.742s][2832][12468][info ][gc] GC(137) Concurrent Abortable Preclean
[2020-04-25T17:55:41.601+0300][206.472s][2832][12468][debug][gc] GC(137) Concurrent active time: 0.152ms
[2020-04-25T17:55:41.601+0300][206.472s][2832][12468][info ][gc] GC(137) Concurrent Abortable Preclean 729.865ms
[2020-04-25T17:55:41.601+0300][206.472s][2832][9312 ][debug][gc] GC(139) Concurrent mode failure
[2020-04-25T17:55:42.080+0300][206.952s][2832][9312 ][info ][gc] GC(139) Pause Full (Allocation Failure) 471M->435M(494M) 632.144ms
[2020-04-25T17:55:42.081+0300][206.952s][2832][9312 ][info ][gc] GC(138) Pause Young (Allocation Failure) 454M->435M(494M) 1063.195ms
[2020-04-25T17:55:43.437+0300][208.308s][2832][9312 ][info ][gc] GC(141) Pause Full (Allocation Failure) 471M->436M(494M) 477.559ms
[2020-04-25T17:55:43.438+0300][208.308s][2832][9312 ][info ][gc] GC(140) Pause Young (Allocation Failure) 454M->436M(494M) 926.956ms
[2020-04-25T17:55:43.579+0300][208.451s][2832][9312 ][info ][gc] GC(142) Pause Initial Mark 436M->436M(494M) 142.176ms
[2020-04-25T17:55:43.579+0300][208.451s][2832][12468][info ][gc] GC(142) Concurrent Mark
[2020-04-25T17:55:43.749+0300][208.620s][2832][12468][debug][gc] GC(142) Concurrent active time: 0.169ms
[2020-04-25T17:55:43.749+0300][208.620s][2832][12468][info ][gc] GC(142) Concurrent Mark 169.358ms
[2020-04-25T17:55:43.749+0300][208.620s][2832][12468][info ][gc] GC(142) Concurrent Preclean
[2020-04-25T17:55:43.913+0300][208.784s][2832][12468][debug][gc] GC(142) Concurrent active time: 0.164ms
[2020-04-25T17:55:43.913+0300][208.784s][2832][12468][info ][gc] GC(142) Concurrent Preclean 164.116ms
[2020-04-25T17:55:43.913+0300][208.784s][2832][12468][info ][gc] GC(142) Concurrent Abortable Preclean
[2020-04-25T17:55:44.124+0300][208.995s][2832][12468][debug][gc] GC(142) Concurrent active time: 0.001ms
[2020-04-25T17:55:44.124+0300][208.995s][2832][12468][info ][gc] GC(142) Concurrent Abortable Preclean 210.972ms
[2020-04-25T17:55:44.470+0300][209.341s][2832][9312 ][debug][gc] GC(144) Concurrent mode failure
[2020-04-25T17:55:44.948+0300][209.819s][2832][9312 ][info ][gc] GC(144) Pause Full (Allocation Failure) 471M->437M(494M) 478.093ms
[2020-04-25T17:55:44.949+0300][209.819s][2832][9312 ][info ][gc] GC(143) Pause Young (Allocation Failure) 454M->437M(494M) 933.214ms
[2020-04-25T17:55:46.299+0300][211.170s][2832][9312 ][info ][gc] GC(146) Pause Full (Allocation Failure) 471M->437M(494M) 481.912ms
[2020-04-25T17:55:46.299+0300][211.170s][2832][9312 ][info ][gc] GC(145) Pause Young (Allocation Failure) 454M->437M(494M) 945.782ms
[2020-04-25T17:55:46.443+0300][211.314s][2832][9312 ][info ][gc] GC(147) Pause Initial Mark 438M->438M(494M) 143.698ms
[2020-04-25T17:55:46.443+0300][211.314s][2832][12468][info ][gc] GC(147) Concurrent Mark
[2020-04-25T17:55:46.604+0300][211.476s][2832][12468][debug][gc] GC(147) Concurrent active time: 0.162ms
[2020-04-25T17:55:46.604+0300][211.476s][2832][12468][info ][gc] GC(147) Concurrent Mark 161.595ms
[2020-04-25T17:55:46.604+0300][211.476s][2832][12468][info ][gc] GC(147) Concurrent Preclean
[2020-04-25T17:55:46.763+0300][211.634s][2832][12468][debug][gc] GC(147) Concurrent active time: 0.158ms
[2020-04-25T17:55:46.763+0300][211.634s][2832][12468][info ][gc] GC(147) Concurrent Preclean 158.130ms
[2020-04-25T17:55:46.763+0300][211.634s][2832][12468][info ][gc] GC(147) Concurrent Abortable Preclean
[2020-04-25T17:55:47.452+0300][212.323s][2832][12468][debug][gc] GC(147) Concurrent active time: 0.151ms
[2020-04-25T17:55:47.452+0300][212.323s][2832][12468][info ][gc] GC(147) Concurrent Abortable Preclean 688.758ms
[2020-04-25T17:55:47.452+0300][212.323s][2832][9312 ][debug][gc] GC(149) Concurrent mode failure
[2020-04-25T17:55:47.932+0300][212.803s][2832][9312 ][info ][gc] GC(149) Pause Full (Allocation Failure) 471M->438M(494M) 631.372ms
[2020-04-25T17:55:47.932+0300][212.803s][2832][9312 ][info ][gc] GC(148) Pause Young (Allocation Failure) 454M->438M(494M) 1083.539ms
[2020-04-25T17:55:49.284+0300][214.155s][2832][9312 ][info ][gc] GC(151) Pause Full (Allocation Failure) 471M->438M(494M) 494.780ms
[2020-04-25T17:55:49.284+0300][214.155s][2832][9312 ][info ][gc] GC(150) Pause Young (Allocation Failure) 454M->438M(494M) 970.688ms
[2020-04-25T17:55:49.434+0300][214.305s][2832][9312 ][info ][gc] GC(152) Pause Initial Mark 439M->439M(494M) 149.670ms
[2020-04-25T17:55:49.434+0300][214.305s][2832][12468][info ][gc] GC(152) Concurrent Mark
[2020-04-25T17:55:49.595+0300][214.466s][2832][12468][debug][gc] GC(152) Concurrent active time: 0.161ms
[2020-04-25T17:55:49.595+0300][214.466s][2832][12468][info ][gc] GC(152) Concurrent Mark 161.427ms
[2020-04-25T17:55:49.595+0300][214.467s][2832][12468][info ][gc] GC(152) Concurrent Preclean
[2020-04-25T17:55:49.754+0300][214.625s][2832][12468][debug][gc] GC(152) Concurrent active time: 0.159ms
[2020-04-25T17:55:49.754+0300][214.625s][2832][12468][info ][gc] GC(152) Concurrent Preclean 158.838ms
[2020-04-25T17:55:49.754+0300][214.625s][2832][12468][info ][gc] GC(152) Concurrent Abortable Preclean
[2020-04-25T17:55:50.443+0300][215.314s][2832][12468][debug][gc] GC(152) Concurrent active time: 0.153ms
[2020-04-25T17:55:50.443+0300][215.314s][2832][12468][info ][gc] GC(152) Concurrent Abortable Preclean 689.113ms
[2020-04-25T17:55:50.443+0300][215.315s][2832][9312 ][debug][gc] GC(154) Concurrent mode failure
[2020-04-25T17:55:50.926+0300][215.797s][2832][9312 ][info ][gc] GC(154) Pause Full (Allocation Failure) 471M->439M(494M) 634.981ms
[2020-04-25T17:55:50.926+0300][215.797s][2832][9312 ][info ][gc] GC(153) Pause Young (Allocation Failure) 454M->439M(494M) 1104.054ms
[2020-04-25T17:55:52.259+0300][217.130s][2832][9312 ][info ][gc] GC(156) Pause Full (Allocation Failure) 471M->439M(494M) 483.797ms
[2020-04-25T17:55:52.259+0300][217.130s][2832][9312 ][info ][gc] GC(155) Pause Young (Allocation Failure) 454M->439M(494M) 974.317ms
[2020-04-25T17:55:52.402+0300][217.273s][2832][9312 ][info ][gc] GC(157) Pause Initial Mark 440M->440M(494M) 142.533ms
[2020-04-25T17:55:52.402+0300][217.273s][2832][12468][info ][gc] GC(157) Concurrent Mark
[2020-04-25T17:55:52.554+0300][217.425s][2832][12468][debug][gc] GC(157) Concurrent active time: 0.152ms
[2020-04-25T17:55:52.554+0300][217.425s][2832][12468][info ][gc] GC(157) Concurrent Mark 152.147ms
[2020-04-25T17:55:52.554+0300][217.425s][2832][12468][info ][gc] GC(157) Concurrent Preclean
[2020-04-25T17:55:52.714+0300][217.585s][2832][12468][debug][gc] GC(157) Concurrent active time: 0.160ms
[2020-04-25T17:55:52.714+0300][217.585s][2832][12468][info ][gc] GC(157) Concurrent Preclean 159.667ms
[2020-04-25T17:55:52.714+0300][217.585s][2832][12468][info ][gc] GC(157) Concurrent Abortable Preclean
[2020-04-25T17:55:52.815+0300][217.685s][2832][12468][debug][gc] GC(157) Concurrent active time: 0.000ms
[2020-04-25T17:55:52.815+0300][217.685s][2832][12468][info ][gc] GC(157) Concurrent Abortable Preclean 100.352ms
[2020-04-25T17:55:53.265+0300][218.136s][2832][9312 ][debug][gc] GC(159) Concurrent mode failure
[2020-04-25T17:55:53.748+0300][218.619s][2832][9312 ][info ][gc] GC(159) Pause Full (Allocation Failure) 471M->440M(494M) 482.564ms
[2020-04-25T17:55:53.748+0300][218.619s][2832][9312 ][info ][gc] GC(158) Pause Young (Allocation Failure) 454M->440M(494M) 984.999ms
[2020-04-25T17:55:55.054+0300][219.925s][2832][9312 ][info ][gc] GC(161) Pause Full (Allocation Failure) 471M->440M(494M) 481.865ms
[2020-04-25T17:55:55.054+0300][219.925s][2832][9312 ][info ][gc] GC(160) Pause Young (Allocation Failure) 454M->440M(494M) 980.052ms
[2020-04-25T17:55:55.199+0300][220.071s][2832][9312 ][info ][gc] GC(162) Pause Initial Mark 441M->441M(494M) 145.379ms
[2020-04-25T17:55:55.199+0300][220.071s][2832][12468][info ][gc] GC(162) Concurrent Mark
[2020-04-25T17:55:55.360+0300][220.231s][2832][12468][debug][gc] GC(162) Concurrent active time: 0.160ms
[2020-04-25T17:55:55.360+0300][220.231s][2832][12468][info ][gc] GC(162) Concurrent Mark 160.140ms
[2020-04-25T17:55:55.360+0300][220.231s][2832][12468][info ][gc] GC(162) Concurrent Preclean
[2020-04-25T17:55:55.516+0300][220.387s][2832][12468][debug][gc] GC(162) Concurrent active time: 0.157ms
[2020-04-25T17:55:55.516+0300][220.387s][2832][12468][info ][gc] GC(162) Concurrent Preclean 156.673ms
[2020-04-25T17:55:55.516+0300][220.387s][2832][12468][info ][gc] GC(162) Concurrent Abortable Preclean
[2020-04-25T17:55:55.617+0300][220.488s][2832][12468][debug][gc] GC(162) Concurrent active time: 0.000ms
[2020-04-25T17:55:55.617+0300][220.488s][2832][12468][info ][gc] GC(162) Concurrent Abortable Preclean 100.402ms
[2020-04-25T17:55:56.052+0300][220.923s][2832][9312 ][debug][gc] GC(164) Concurrent mode failure
[2020-04-25T17:55:56.535+0300][221.406s][2832][9312 ][info ][gc] GC(164) Pause Full (Allocation Failure) 471M->441M(494M) 482.153ms
[2020-04-25T17:55:56.535+0300][221.406s][2832][9312 ][info ][gc] GC(163) Pause Young (Allocation Failure) 454M->441M(494M) 1005.034ms
[2020-04-25T17:55:57.829+0300][222.700s][2832][9312 ][info ][gc] GC(166) Pause Full (Allocation Failure) 471M->441M(494M) 482.925ms
[2020-04-25T17:55:57.829+0300][222.700s][2832][9312 ][info ][gc] GC(165) Pause Young (Allocation Failure) 454M->441M(494M) 994.299ms
[2020-04-25T17:55:57.972+0300][222.843s][2832][9312 ][info ][gc] GC(167) Pause Initial Mark 442M->442M(494M) 143.062ms
[2020-04-25T17:55:57.972+0300][222.843s][2832][12468][info ][gc] GC(167) Concurrent Mark
[2020-04-25T17:55:58.124+0300][222.995s][2832][12468][debug][gc] GC(167) Concurrent active time: 0.152ms
[2020-04-25T17:55:58.124+0300][222.995s][2832][12468][info ][gc] GC(167) Concurrent Mark 152.067ms
[2020-04-25T17:55:58.124+0300][222.995s][2832][12468][info ][gc] GC(167) Concurrent Preclean
[2020-04-25T17:55:58.767+0300][223.638s][2832][12468][debug][gc] GC(167) Concurrent active time: 0.160ms
[2020-04-25T17:55:58.767+0300][223.638s][2832][12468][info ][gc] GC(167) Concurrent Preclean 642.662ms
[2020-04-25T17:55:58.767+0300][223.638s][2832][9312 ][debug][gc] GC(169) Concurrent mode failure
[2020-04-25T17:55:59.248+0300][224.120s][2832][9312 ][info ][gc] GC(169) Pause Full (Allocation Failure) 471M->442M(494M) 490.245ms
[2020-04-25T17:55:59.248+0300][224.120s][2832][9312 ][info ][gc] GC(168) Pause Young (Allocation Failure) 454M->442M(494M) 973.112ms
[2020-04-25T17:56:00.556+0300][225.427s][2832][9312 ][info ][gc] GC(171) Pause Full (Allocation Failure) 471M->442M(494M) 488.927ms
[2020-04-25T17:56:00.556+0300][225.427s][2832][9312 ][info ][gc] GC(170) Pause Young (Allocation Failure) 454M->442M(494M) 1018.885ms
[2020-04-25T17:56:00.699+0300][225.570s][2832][9312 ][info ][gc] GC(172) Pause Initial Mark 442M->442M(494M) 143.182ms
[2020-04-25T17:56:00.699+0300][225.570s][2832][12468][info ][gc] GC(172) Concurrent Mark
[2020-04-25T17:56:00.853+0300][225.725s][2832][12468][debug][gc] GC(172) Concurrent active time: 0.154ms
[2020-04-25T17:56:00.854+0300][225.725s][2832][12468][info ][gc] GC(172) Concurrent Mark 154.488ms
[2020-04-25T17:56:00.854+0300][225.725s][2832][12468][info ][gc] GC(172) Concurrent Preclean
[2020-04-25T17:56:01.510+0300][226.381s][2832][12468][debug][gc] GC(172) Concurrent active time: 0.157ms
[2020-04-25T17:56:01.510+0300][226.381s][2832][12468][info ][gc] GC(172) Concurrent Preclean 656.555ms
[2020-04-25T17:56:01.510+0300][226.381s][2832][9312 ][debug][gc] GC(174) Concurrent mode failure
[2020-04-25T17:56:01.993+0300][226.865s][2832][9312 ][info ][gc] GC(174) Pause Full (Allocation Failure) 471M->442M(494M) 503.667ms
[2020-04-25T17:56:01.994+0300][226.865s][2832][9312 ][info ][gc] GC(173) Pause Young (Allocation Failure) 454M->442M(494M) 1003.354ms
[2020-04-25T17:56:03.288+0300][228.159s][2832][9312 ][info ][gc] GC(176) Pause Full (Allocation Failure) 471M->443M(494M) 486.827ms
[2020-04-25T17:56:03.288+0300][228.159s][2832][9312 ][info ][gc] GC(175) Pause Young (Allocation Failure) 454M->443M(494M) 1029.833ms
[2020-04-25T17:56:03.463+0300][228.334s][2832][9312 ][info ][gc] GC(177) Pause Initial Mark 443M->443M(494M) 175.709ms
[2020-04-25T17:56:03.463+0300][228.335s][2832][12468][info ][gc] GC(177) Concurrent Mark
[2020-04-25T17:56:03.621+0300][228.492s][2832][12468][debug][gc] GC(177) Concurrent active time: 0.158ms
[2020-04-25T17:56:03.621+0300][228.492s][2832][12468][info ][gc] GC(177) Concurrent Mark 157.737ms
[2020-04-25T17:56:03.621+0300][228.492s][2832][12468][info ][gc] GC(177) Concurrent Preclean
[2020-04-25T17:56:04.326+0300][229.197s][2832][12468][debug][gc] GC(177) Concurrent active time: 0.155ms
[2020-04-25T17:56:04.326+0300][229.197s][2832][12468][info ][gc] GC(177) Concurrent Preclean 705.127ms
[2020-04-25T17:56:04.326+0300][229.197s][2832][9312 ][debug][gc] GC(179) Concurrent mode failure
[2020-04-25T17:56:04.812+0300][229.684s][2832][9312 ][info ][gc] GC(179) Pause Full (Allocation Failure) 471M->443M(494M) 529.673ms
[2020-04-25T17:56:04.812+0300][229.684s][2832][9312 ][info ][gc] GC(178) Pause Young (Allocation Failure) 454M->443M(494M) 1079.438ms
[2020-04-25T17:56:06.080+0300][230.951s][2832][9312 ][info ][gc] GC(181) Pause Full (Allocation Failure) 471M->444M(494M) 492.220ms
[2020-04-25T17:56:06.080+0300][230.951s][2832][9312 ][info ][gc] GC(180) Pause Young (Allocation Failure) 454M->444M(494M) 1017.787ms
[2020-04-25T17:56:06.230+0300][231.101s][2832][9312 ][info ][gc] GC(182) Pause Initial Mark 444M->444M(494M) 149.209ms
[2020-04-25T17:56:06.230+0300][231.101s][2832][12468][info ][gc] GC(182) Concurrent Mark
[2020-04-25T17:56:06.399+0300][231.270s][2832][12468][debug][gc] GC(182) Concurrent active time: 0.169ms
[2020-04-25T17:56:06.399+0300][231.270s][2832][12468][info ][gc] GC(182) Concurrent Mark 169.498ms
[2020-04-25T17:56:06.399+0300][231.270s][2832][12468][info ][gc] GC(182) Concurrent Preclean
[2020-04-25T17:56:07.075+0300][231.947s][2832][12468][debug][gc] GC(182) Concurrent active time: 0.154ms
[2020-04-25T17:56:07.075+0300][231.947s][2832][12468][info ][gc] GC(182) Concurrent Preclean 676.721ms
[2020-04-25T17:56:07.075+0300][231.947s][2832][9312 ][debug][gc] GC(184) Concurrent mode failure
[2020-04-25T17:56:07.560+0300][232.432s][2832][9312 ][info ][gc] GC(184) Pause Full (Allocation Failure) 471M->444M(494M) 552.647ms
[2020-04-25T17:56:07.560+0300][232.432s][2832][9312 ][info ][gc] GC(183) Pause Young (Allocation Failure) 454M->444M(494M) 1075.582ms
[2020-04-25T17:56:08.784+0300][233.655s][2832][9312 ][info ][gc] GC(186) Pause Full (Allocation Failure) 471M->444M(494M) 483.310ms
[2020-04-25T17:56:08.784+0300][233.655s][2832][9312 ][info ][gc] GC(185) Pause Young (Allocation Failure) 454M->444M(494M) 995.065ms
[2020-04-25T17:56:08.928+0300][233.800s][2832][9312 ][info ][gc] GC(187) Pause Initial Mark 445M->445M(494M) 144.918ms
[2020-04-25T17:56:08.928+0300][233.800s][2832][12468][info ][gc] GC(187) Concurrent Mark
[2020-04-25T17:56:09.078+0300][233.949s][2832][12468][debug][gc] GC(187) Concurrent active time: 0.149ms
[2020-04-25T17:56:09.078+0300][233.949s][2832][12468][info ][gc] GC(187) Concurrent Mark 149.207ms
[2020-04-25T17:56:09.078+0300][233.949s][2832][12468][info ][gc] GC(187) Concurrent Preclean
[2020-04-25T17:56:09.779+0300][234.651s][2832][12468][debug][gc] GC(187) Concurrent active time: 0.154ms
[2020-04-25T17:56:09.779+0300][234.651s][2832][12468][info ][gc] GC(187) Concurrent Preclean 701.195ms
[2020-04-25T17:56:09.779+0300][234.651s][2832][9312 ][debug][gc] GC(189) Concurrent mode failure
[2020-04-25T17:56:10.263+0300][235.134s][2832][9312 ][info ][gc] GC(189) Pause Full (Allocation Failure) 471M->445M(494M) 560.380ms
[2020-04-25T17:56:10.263+0300][235.134s][2832][9312 ][info ][gc] GC(188) Pause Young (Allocation Failure) 454M->445M(494M) 1107.309ms
[2020-04-25T17:56:11.494+0300][236.365s][2832][9312 ][info ][gc] GC(191) Pause Full (Allocation Failure) 471M->445M(494M) 488.900ms
[2020-04-25T17:56:11.494+0300][236.365s][2832][9312 ][info ][gc] GC(190) Pause Young (Allocation Failure) 454M->445M(494M) 1018.029ms
[2020-04-25T17:56:11.639+0300][236.510s][2832][9312 ][info ][gc] GC(192) Pause Initial Mark 445M->445M(494M) 145.232ms
[2020-04-25T17:56:11.639+0300][236.510s][2832][12468][info ][gc] GC(192) Concurrent Mark
[2020-04-25T17:56:11.789+0300][236.660s][2832][12468][debug][gc] GC(192) Concurrent active time: 0.150ms
[2020-04-25T17:56:11.789+0300][236.660s][2832][12468][info ][gc] GC(192) Concurrent Mark 150.285ms
[2020-04-25T17:56:11.789+0300][236.660s][2832][12468][info ][gc] GC(192) Concurrent Preclean
[2020-04-25T17:56:12.452+0300][237.323s][2832][12468][debug][gc] GC(192) Concurrent active time: 0.153ms
[2020-04-25T17:56:12.452+0300][237.323s][2832][12468][info ][gc] GC(192) Concurrent Preclean 662.724ms
[2020-04-25T17:56:12.452+0300][237.323s][2832][9312 ][debug][gc] GC(194) Concurrent mode failure
[2020-04-25T17:56:12.942+0300][237.813s][2832][9312 ][info ][gc] GC(194) Pause Full (Allocation Failure) 471M->445M(494M) 572.460ms
[2020-04-25T17:56:12.943+0300][237.814s][2832][9312 ][info ][gc] GC(193) Pause Young (Allocation Failure) 454M->445M(494M) 1081.637ms
[2020-04-25T17:56:14.197+0300][239.068s][2832][9312 ][info ][gc] GC(196) Pause Full (Allocation Failure) 471M->446M(494M) 486.352ms
[2020-04-25T17:56:14.197+0300][239.068s][2832][9312 ][info ][gc] GC(195) Pause Young (Allocation Failure) 454M->446M(494M) 1050.482ms
[2020-04-25T17:56:14.374+0300][239.245s][2832][9312 ][info ][gc] GC(197) Pause Initial Mark 446M->446M(494M) 176.865ms
[2020-04-25T17:56:14.374+0300][239.245s][2832][12468][info ][gc] GC(197) Concurrent Mark
[2020-04-25T17:56:14.525+0300][239.396s][2832][12468][debug][gc] GC(197) Concurrent active time: 0.150ms
[2020-04-25T17:56:14.525+0300][239.396s][2832][12468][info ][gc] GC(197) Concurrent Mark 150.473ms
[2020-04-25T17:56:14.525+0300][239.396s][2832][12468][info ][gc] GC(197) Concurrent Preclean
[2020-04-25T17:56:15.253+0300][240.124s][2832][12468][debug][gc] GC(197) Concurrent active time: 0.154ms
[2020-04-25T17:56:15.253+0300][240.124s][2832][12468][info ][gc] GC(197) Concurrent Preclean 728.205ms
[2020-04-25T17:56:15.253+0300][240.124s][2832][9312 ][debug][gc] GC(199) Concurrent mode failure
[2020-04-25T17:56:15.739+0300][240.611s][2832][9312 ][info ][gc] GC(199) Pause Full (Allocation Failure) 471M->446M(494M) 580.705ms
[2020-04-25T17:56:15.740+0300][240.611s][2832][9312 ][info ][gc] GC(198) Pause Young (Allocation Failure) 454M->446M(494M) 1155.230ms
[2020-04-25T17:56:16.973+0300][241.844s][2832][9312 ][info ][gc] GC(201) Pause Full (Allocation Failure) 471M->446M(494M) 487.685ms
[2020-04-25T17:56:16.973+0300][241.844s][2832][9312 ][info ][gc] GC(200) Pause Young (Allocation Failure) 454M->446M(494M) 1045.632ms
[2020-04-25T17:56:17.149+0300][242.020s][2832][9312 ][info ][gc] GC(202) Pause Initial Mark 446M->446M(494M) 175.440ms
[2020-04-25T17:56:17.149+0300][242.020s][2832][12468][info ][gc] GC(202) Concurrent Mark
[2020-04-25T17:56:17.301+0300][242.173s][2832][12468][debug][gc] GC(202) Concurrent active time: 0.153ms
[2020-04-25T17:56:17.301+0300][242.173s][2832][12468][info ][gc] GC(202) Concurrent Mark 152.975ms
[2020-04-25T17:56:17.301+0300][242.173s][2832][12468][info ][gc] GC(202) Concurrent Preclean
[2020-04-25T17:56:18.025+0300][242.897s][2832][12468][debug][gc] GC(202) Concurrent active time: 0.152ms
[2020-04-25T17:56:18.025+0300][242.897s][2832][12468][info ][gc] GC(202) Concurrent Preclean 723.918ms
[2020-04-25T17:56:18.025+0300][242.897s][2832][9312 ][debug][gc] GC(204) Concurrent mode failure
[2020-04-25T17:56:18.511+0300][243.382s][2832][9312 ][info ][gc] GC(204) Pause Full (Allocation Failure) 471M->446M(494M) 594.844ms
[2020-04-25T17:56:18.511+0300][243.382s][2832][9312 ][info ][gc] GC(203) Pause Young (Allocation Failure) 454M->446M(494M) 1166.224ms
[2020-04-25T17:56:19.751+0300][244.622s][2832][9312 ][info ][gc] GC(206) Pause Full (Allocation Failure) 471M->447M(494M) 486.405ms
[2020-04-25T17:56:19.751+0300][244.622s][2832][9312 ][info ][gc] GC(205) Pause Young (Allocation Failure) 454M->447M(494M) 1067.888ms
[2020-04-25T17:56:19.899+0300][244.770s][2832][9312 ][info ][gc] GC(207) Pause Initial Mark 447M->447M(494M) 148.532ms
[2020-04-25T17:56:19.899+0300][244.770s][2832][12468][info ][gc] GC(207) Concurrent Mark
[2020-04-25T17:56:20.048+0300][244.919s][2832][12468][debug][gc] GC(207) Concurrent active time: 0.149ms
[2020-04-25T17:56:20.048+0300][244.919s][2832][12468][info ][gc] GC(207) Concurrent Mark 148.962ms
[2020-04-25T17:56:20.048+0300][244.919s][2832][12468][info ][gc] GC(207) Concurrent Preclean
[2020-04-25T17:56:20.756+0300][245.627s][2832][12468][debug][gc] GC(207) Concurrent active time: 0.156ms
[2020-04-25T17:56:20.756+0300][245.627s][2832][12468][info ][gc] GC(207) Concurrent Preclean 708.063ms
[2020-04-25T17:56:20.756+0300][245.627s][2832][9312 ][debug][gc] GC(209) Concurrent mode failure
[2020-04-25T17:56:21.250+0300][246.121s][2832][9312 ][info ][gc] GC(209) Pause Full (Allocation Failure) 471M->447M(494M) 624.105ms
[2020-04-25T17:56:21.250+0300][246.121s][2832][9312 ][info ][gc] GC(208) Pause Young (Allocation Failure) 454M->447M(494M) 1175.742ms
[2020-04-25T17:56:22.512+0300][247.384s][2832][9312 ][info ][gc] GC(211) Pause Full (Allocation Failure) 471M->447M(494M) 523.630ms
[2020-04-25T17:56:22.512+0300][247.384s][2832][9312 ][info ][gc] GC(210) Pause Young (Allocation Failure) 454M->447M(494M) 1094.987ms
[2020-04-25T17:56:22.659+0300][247.530s][2832][9312 ][info ][gc] GC(212) Pause Initial Mark 447M->447M(494M) 146.352ms
[2020-04-25T17:56:22.659+0300][247.530s][2832][12468][info ][gc] GC(212) Concurrent Mark
[2020-04-25T17:56:22.819+0300][247.691s][2832][12468][debug][gc] GC(212) Concurrent active time: 0.160ms
[2020-04-25T17:56:22.819+0300][247.691s][2832][12468][info ][gc] GC(212) Concurrent Mark 160.446ms
[2020-04-25T17:56:22.819+0300][247.691s][2832][12468][info ][gc] GC(212) Concurrent Preclean
[2020-04-25T17:56:23.541+0300][248.413s][2832][12468][debug][gc] GC(212) Concurrent active time: 0.154ms
[2020-04-25T17:56:23.542+0300][248.413s][2832][12468][info ][gc] GC(212) Concurrent Preclean 722.581ms
[2020-04-25T17:56:23.542+0300][248.413s][2832][9312 ][debug][gc] GC(214) Concurrent mode failure
[2020-04-25T17:56:24.031+0300][248.903s][2832][9312 ][info ][gc] GC(214) Pause Full (Allocation Failure) 471M->447M(494M) 613.250ms
[2020-04-25T17:56:24.031+0300][248.903s][2832][9312 ][info ][gc] GC(213) Pause Young (Allocation Failure) 454M->447M(494M) 1181.521ms
[2020-04-25T17:56:25.257+0300][250.128s][2832][9312 ][info ][gc] GC(216) Pause Full (Allocation Failure) 471M->448M(494M) 489.406ms
[2020-04-25T17:56:25.257+0300][250.128s][2832][9312 ][info ][gc] GC(215) Pause Young (Allocation Failure) 454M->448M(494M) 1073.907ms
[2020-04-25T17:56:25.409+0300][250.281s][2832][9312 ][info ][gc] GC(217) Pause Initial Mark 448M->448M(494M) 152.764ms
[2020-04-25T17:56:25.409+0300][250.281s][2832][12468][info ][gc] GC(217) Concurrent Mark
[2020-04-25T17:56:25.576+0300][250.447s][2832][12468][debug][gc] GC(217) Concurrent active time: 0.166ms
[2020-04-25T17:56:25.576+0300][250.447s][2832][12468][info ][gc] GC(217) Concurrent Mark 166.141ms
[2020-04-25T17:56:25.576+0300][250.447s][2832][12468][info ][gc] GC(217) Concurrent Preclean
[2020-04-25T17:56:26.282+0300][251.154s][2832][12468][debug][gc] GC(217) Concurrent active time: 0.152ms
[2020-04-25T17:56:26.282+0300][251.154s][2832][12468][info ][gc] GC(217) Concurrent Preclean 706.452ms
[2020-04-25T17:56:26.282+0300][251.154s][2832][9312 ][debug][gc] GC(219) Concurrent mode failure
[2020-04-25T17:56:26.798+0300][251.669s][2832][9312 ][info ][gc] GC(219) Pause Full (Allocation Failure) 471M->448M(494M) 661.053ms
[2020-04-25T17:56:26.798+0300][251.669s][2832][9312 ][info ][gc] GC(218) Pause Young (Allocation Failure) 454M->448M(494M) 1215.479ms
[2020-04-25T17:56:28.013+0300][252.885s][2832][9312 ][info ][gc] GC(221) Pause Full (Allocation Failure) 471M->448M(494M) 499.966ms
[2020-04-25T17:56:28.013+0300][252.885s][2832][9312 ][info ][gc] GC(220) Pause Young (Allocation Failure) 454M->448M(494M) 1058.687ms
[2020-04-25T17:56:28.162+0300][253.034s][2832][9312 ][info ][gc] GC(222) Pause Initial Mark 448M->448M(494M) 148.623ms
[2020-04-25T17:56:28.163+0300][253.034s][2832][12468][info ][gc] GC(222) Concurrent Mark
[2020-04-25T17:56:28.322+0300][253.193s][2832][12468][debug][gc] GC(222) Concurrent active time: 0.159ms
[2020-04-25T17:56:28.322+0300][253.193s][2832][12468][info ][gc] GC(222) Concurrent Mark 158.813ms
[2020-04-25T17:56:28.322+0300][253.193s][2832][12468][info ][gc] GC(222) Concurrent Preclean
[2020-04-25T17:56:29.063+0300][253.934s][2832][12468][debug][gc] GC(222) Concurrent active time: 0.153ms
[2020-04-25T17:56:29.063+0300][253.934s][2832][12468][info ][gc] GC(222) Concurrent Preclean 741.166ms
[2020-04-25T17:56:29.063+0300][253.934s][2832][9312 ][debug][gc] GC(224) Concurrent mode failure
[2020-04-25T17:56:29.555+0300][254.427s][2832][9312 ][info ][gc] GC(224) Pause Full (Allocation Failure) 471M->448M(494M) 644.719ms
[2020-04-25T17:56:29.556+0300][254.427s][2832][9312 ][info ][gc] GC(223) Pause Young (Allocation Failure) 454M->448M(494M) 1232.839ms
[2020-04-25T17:56:30.740+0300][255.611s][2832][9312 ][info ][gc] GC(226) Pause Full (Allocation Failure) 471M->448M(494M) 494.114ms
[2020-04-25T17:56:30.740+0300][255.611s][2832][9312 ][info ][gc] GC(225) Pause Young (Allocation Failure) 454M->448M(494M) 1044.249ms
[2020-04-25T17:56:30.920+0300][255.790s][2832][9312 ][info ][gc] GC(227) Pause Initial Mark 449M->449M(494M) 179.207ms
[2020-04-25T17:56:30.920+0300][255.791s][2832][12468][info ][gc] GC(227) Concurrent Mark
[2020-04-25T17:56:31.632+0300][256.503s][2832][12468][debug][gc] GC(227) Concurrent active time: 0.159ms
[2020-04-25T17:56:31.632+0300][256.503s][2832][12468][info ][gc] GC(227) Concurrent Mark 712.244ms
[2020-04-25T17:56:31.632+0300][256.503s][2832][9312 ][debug][gc] GC(229) Concurrent mode failure
[2020-04-25T17:56:32.124+0300][256.996s][2832][9312 ][info ][gc] GC(229) Pause Full (Allocation Failure) 471M->449M(494M) 507.561ms
[2020-04-25T17:56:32.124+0300][256.996s][2832][9312 ][info ][gc] GC(228) Pause Young (Allocation Failure) 454M->449M(494M) 1060.764ms
[2020-04-25T17:56:33.322+0300][258.194s][2832][9312 ][info ][gc] GC(231) Pause Full (Allocation Failure) 471M->449M(494M) 510.420ms
[2020-04-25T17:56:33.322+0300][258.194s][2832][9312 ][info ][gc] GC(230) Pause Young (Allocation Failure) 454M->449M(494M) 1072.247ms
[2020-04-25T17:56:33.473+0300][258.344s][2832][9312 ][info ][gc] GC(232) Pause Initial Mark 449M->449M(494M) 150.316ms
[2020-04-25T17:56:33.473+0300][258.344s][2832][12468][info ][gc] GC(232) Concurrent Mark
[2020-04-25T17:56:34.203+0300][259.075s][2832][12468][debug][gc] GC(232) Concurrent active time: 0.157ms
[2020-04-25T17:56:34.203+0300][259.075s][2832][12468][info ][gc] GC(232) Concurrent Mark 730.558ms
[2020-04-25T17:56:34.204+0300][259.075s][2832][9312 ][debug][gc] GC(234) Concurrent mode failure
[2020-04-25T17:56:34.719+0300][259.590s][2832][9312 ][info ][gc] GC(234) Pause Full (Allocation Failure) 471M->449M(494M) 539.896ms
[2020-04-25T17:56:34.719+0300][259.590s][2832][9312 ][info ][gc] GC(233) Pause Young (Allocation Failure) 454M->449M(494M) 1113.293ms
[2020-04-25T17:56:35.874+0300][260.746s][2832][9312 ][info ][gc] GC(236) Pause Full (Allocation Failure) 471M->449M(494M) 491.946ms
[2020-04-25T17:56:35.874+0300][260.746s][2832][9312 ][info ][gc] GC(235) Pause Young (Allocation Failure) 454M->449M(494M) 1038.895ms
[2020-04-25T17:56:36.025+0300][260.896s][2832][9312 ][info ][gc] GC(237) Pause Initial Mark 449M->449M(494M) 150.098ms
[2020-04-25T17:56:36.025+0300][260.896s][2832][12468][info ][gc] GC(237) Concurrent Mark
[2020-04-25T17:56:36.764+0300][261.635s][2832][12468][debug][gc] GC(237) Concurrent active time: 0.150ms
[2020-04-25T17:56:36.764+0300][261.635s][2832][12468][info ][gc] GC(237) Concurrent Mark 739.146ms
[2020-04-25T17:56:36.764+0300][261.635s][2832][9312 ][debug][gc] GC(239) Concurrent mode failure
[2020-04-25T17:56:37.253+0300][262.124s][2832][9312 ][info ][gc] GC(239) Pause Full (Allocation Failure) 471M->449M(494M) 516.158ms
[2020-04-25T17:56:37.253+0300][262.124s][2832][9312 ][info ][gc] GC(238) Pause Young (Allocation Failure) 454M->449M(494M) 1104.793ms
[2020-04-25T17:56:38.435+0300][263.306s][2832][9312 ][info ][gc] GC(241) Pause Full (Allocation Failure) 471M->450M(494M) 495.111ms
[2020-04-25T17:56:38.435+0300][263.306s][2832][9312 ][info ][gc] GC(240) Pause Young (Allocation Failure) 454M->450M(494M) 1072.491ms
[2020-04-25T17:56:38.587+0300][263.458s][2832][9312 ][info ][gc] GC(242) Pause Initial Mark 450M->450M(494M) 151.916ms
[2020-04-25T17:56:38.587+0300][263.458s][2832][12468][info ][gc] GC(242) Concurrent Mark
[2020-04-25T17:56:39.325+0300][264.196s][2832][12468][debug][gc] GC(242) Concurrent active time: 0.150ms
[2020-04-25T17:56:39.325+0300][264.196s][2832][12468][info ][gc] GC(242) Concurrent Mark 737.949ms
[2020-04-25T17:56:39.325+0300][264.196s][2832][9312 ][debug][gc] GC(244) Concurrent mode failure
[2020-04-25T17:56:39.817+0300][264.688s][2832][9312 ][info ][gc] GC(244) Pause Full (Allocation Failure) 471M->450M(494M) 521.262ms
[2020-04-25T17:56:39.817+0300][264.688s][2832][9312 ][info ][gc] GC(243) Pause Young (Allocation Failure) 454M->450M(494M) 1108.655ms
[2020-04-25T17:56:40.969+0300][265.840s][2832][9312 ][info ][gc] GC(246) Pause Full (Allocation Failure) 471M->450M(494M) 488.743ms
[2020-04-25T17:56:40.969+0300][265.841s][2832][9312 ][info ][gc] GC(245) Pause Young (Allocation Failure) 454M->450M(494M) 1047.564ms
[2020-04-25T17:56:41.118+0300][265.990s][2832][9312 ][info ][gc] GC(247) Pause Initial Mark 450M->450M(494M) 148.904ms
[2020-04-25T17:56:41.118+0300][265.990s][2832][12468][info ][gc] GC(247) Concurrent Mark
[2020-04-25T17:56:41.270+0300][266.141s][2832][12468][debug][gc] GC(247) Concurrent active time: 0.151ms
[2020-04-25T17:56:41.270+0300][266.141s][2832][12468][info ][gc] GC(247) Concurrent Mark 151.452ms
[2020-04-25T17:56:41.270+0300][266.141s][2832][12468][info ][gc] GC(247) Concurrent Preclean
[2020-04-25T17:56:42.002+0300][266.874s][2832][12468][debug][gc] GC(247) Concurrent active time: 0.155ms
[2020-04-25T17:56:42.002+0300][266.874s][2832][12468][info ][gc] GC(247) Concurrent Preclean 732.596ms
[2020-04-25T17:56:42.002+0300][266.874s][2832][9312 ][debug][gc] GC(249) Concurrent mode failure
[2020-04-25T17:56:42.493+0300][267.364s][2832][9312 ][info ][gc] GC(249) Pause Full (Allocation Failure) 471M->450M(494M) 521.382ms
[2020-04-25T17:56:42.493+0300][267.364s][2832][9312 ][info ][gc] GC(248) Pause Young (Allocation Failure) 454M->450M(494M) 1098.618ms
[2020-04-25T17:56:43.721+0300][268.592s][2832][9312 ][info ][gc] GC(251) Pause Full (Allocation Failure) 471M->450M(494M) 533.010ms
[2020-04-25T17:56:43.721+0300][268.592s][2832][9312 ][info ][gc] GC(250) Pause Young (Allocation Failure) 454M->450M(494M) 1131.131ms
[2020-04-25T17:56:43.869+0300][268.740s][2832][9312 ][info ][gc] GC(252) Pause Initial Mark 450M->450M(494M) 148.387ms
[2020-04-25T17:56:43.869+0300][268.740s][2832][12468][info ][gc] GC(252) Concurrent Mark
[2020-04-25T17:56:44.616+0300][269.488s][2832][12468][debug][gc] GC(252) Concurrent active time: 0.151ms
[2020-04-25T17:56:44.616+0300][269.488s][2832][12468][info ][gc] GC(252) Concurrent Mark 747.516ms
[2020-04-25T17:56:44.617+0300][269.488s][2832][9312 ][debug][gc] GC(254) Concurrent mode failure
[2020-04-25T17:56:45.110+0300][269.982s][2832][9312 ][info ][gc] GC(254) Pause Full (Allocation Failure) 471M->450M(494M) 549.135ms
[2020-04-25T17:56:45.111+0300][269.982s][2832][9312 ][info ][gc] GC(253) Pause Young (Allocation Failure) 454M->450M(494M) 1145.618ms
[2020-04-25T17:56:46.283+0300][271.154s][2832][9312 ][info ][gc] GC(256) Pause Full (Allocation Failure) 471M->450M(494M) 491.312ms
[2020-04-25T17:56:46.283+0300][271.154s][2832][9312 ][info ][gc] GC(255) Pause Young (Allocation Failure) 454M->450M(494M) 1083.638ms
[2020-04-25T17:56:46.430+0300][271.301s][2832][9312 ][info ][gc] GC(257) Pause Initial Mark 450M->450M(494M) 147.137ms
[2020-04-25T17:56:46.430+0300][271.302s][2832][12468][info ][gc] GC(257) Concurrent Mark
[2020-04-25T17:56:47.158+0300][272.030s][2832][12468][debug][gc] GC(257) Concurrent active time: 0.159ms
[2020-04-25T17:56:47.158+0300][272.030s][2832][12468][info ][gc] GC(257) Concurrent Mark 728.486ms
[2020-04-25T17:56:47.158+0300][272.030s][2832][9312 ][debug][gc] GC(259) Concurrent mode failure
[2020-04-25T17:56:47.650+0300][272.521s][2832][9312 ][info ][gc] GC(259) Pause Full (Allocation Failure) 471M->451M(494M) 557.996ms
[2020-04-25T17:56:47.650+0300][272.521s][2832][9312 ][info ][gc] GC(258) Pause Young (Allocation Failure) 454M->451M(494M) 1127.666ms
[2020-04-25T17:56:48.843+0300][273.714s][2832][9312 ][info ][gc] GC(261) Pause Full (Allocation Failure) 471M->451M(494M) 501.505ms
[2020-04-25T17:56:48.843+0300][273.714s][2832][9312 ][info ][gc] GC(260) Pause Young (Allocation Failure) 454M->451M(494M) 1109.600ms
[2020-04-25T17:56:48.990+0300][273.862s][2832][9312 ][info ][gc] GC(262) Pause Initial Mark 451M->451M(494M) 148.175ms
[2020-04-25T17:56:48.990+0300][273.862s][2832][12468][info ][gc] GC(262) Concurrent Mark
[2020-04-25T17:56:49.727+0300][274.599s][2832][12468][debug][gc] GC(262) Concurrent active time: 0.154ms
[2020-04-25T17:56:49.727+0300][274.599s][2832][12468][info ][gc] GC(262) Concurrent Mark 736.480ms
[2020-04-25T17:56:49.727+0300][274.599s][2832][9312 ][debug][gc] GC(264) Concurrent mode failure
[2020-04-25T17:56:50.217+0300][275.088s][2832][9312 ][info ][gc] GC(264) Pause Full (Allocation Failure) 471M->451M(494M) 557.840ms
[2020-04-25T17:56:50.217+0300][275.088s][2832][9312 ][info ][gc] GC(263) Pause Young (Allocation Failure) 454M->451M(494M) 1140.624ms
[2020-04-25T17:56:51.404+0300][276.275s][2832][9312 ][info ][gc] GC(266) Pause Full (Allocation Failure) 471M->451M(494M) 517.508ms
[2020-04-25T17:56:51.404+0300][276.275s][2832][9312 ][info ][gc] GC(265) Pause Young (Allocation Failure) 454M->451M(494M) 1108.300ms
[2020-04-25T17:56:51.554+0300][276.425s][2832][9312 ][info ][gc] GC(267) Pause Initial Mark 451M->451M(494M) 149.011ms
[2020-04-25T17:56:51.554+0300][276.425s][2832][12468][info ][gc] GC(267) Concurrent Mark
[2020-04-25T17:56:52.284+0300][277.155s][2832][12468][debug][gc] GC(267) Concurrent active time: 0.151ms
[2020-04-25T17:56:52.285+0300][277.155s][2832][12468][info ][gc] GC(267) Concurrent Mark 730.773ms
[2020-04-25T17:56:52.285+0300][277.155s][2832][9312 ][debug][gc] GC(269) Concurrent mode failure
[2020-04-25T17:56:52.779+0300][277.650s][2832][9312 ][info ][gc] GC(269) Pause Full (Allocation Failure) 471M->451M(494M) 558.163ms
[2020-04-25T17:56:52.779+0300][277.650s][2832][9312 ][info ][gc] GC(268) Pause Young (Allocation Failure) 454M->451M(494M) 1138.120ms
[2020-04-25T17:56:53.942+0300][278.813s][2832][9312 ][info ][gc] GC(271) Pause Full (Allocation Failure) 471M->451M(494M) 493.104ms
[2020-04-25T17:56:53.942+0300][278.813s][2832][9312 ][info ][gc] GC(270) Pause Young (Allocation Failure) 454M->451M(494M) 1085.514ms
[2020-04-25T17:56:54.122+0300][278.992s][2832][9312 ][info ][gc] GC(272) Pause Initial Mark 451M->451M(494M) 178.979ms
[2020-04-25T17:56:54.122+0300][278.993s][2832][12468][info ][gc] GC(272) Concurrent Mark
[2020-04-25T17:56:54.900+0300][279.771s][2832][12468][debug][gc] GC(272) Concurrent active time: 0.155ms
[2020-04-25T17:56:54.900+0300][279.771s][2832][12468][info ][gc] GC(272) Concurrent Mark 778.707ms
[2020-04-25T17:56:54.900+0300][279.771s][2832][9312 ][debug][gc] GC(274) Concurrent mode failure
[2020-04-25T17:56:55.398+0300][280.270s][2832][9312 ][info ][gc] GC(274) Pause Full (Allocation Failure) 471M->451M(494M) 575.776ms
[2020-04-25T17:56:55.399+0300][280.270s][2832][9312 ][info ][gc] GC(273) Pause Young (Allocation Failure) 454M->451M(494M) 1199.648ms
[2020-04-25T17:56:56.551+0300][281.422s][2832][9312 ][info ][gc] GC(276) Pause Full (Allocation Failure) 471M->451M(494M) 495.587ms
[2020-04-25T17:56:56.551+0300][281.422s][2832][9312 ][info ][gc] GC(275) Pause Young (Allocation Failure) 454M->451M(494M) 1080.435ms
[2020-04-25T17:56:56.699+0300][281.570s][2832][9312 ][info ][gc] GC(277) Pause Initial Mark 451M->451M(494M) 147.088ms
[2020-04-25T17:56:56.699+0300][281.570s][2832][12468][info ][gc] GC(277) Concurrent Mark
[2020-04-25T17:56:57.413+0300][282.284s][2832][12468][debug][gc] GC(277) Concurrent active time: 0.148ms
[2020-04-25T17:56:57.413+0300][282.284s][2832][12468][info ][gc] GC(277) Concurrent Mark 714.067ms
[2020-04-25T17:56:57.413+0300][282.284s][2832][9312 ][debug][gc] GC(279) Concurrent mode failure
[2020-04-25T17:56:57.903+0300][282.774s][2832][9312 ][info ][gc] GC(279) Pause Full (Allocation Failure) 471M->451M(494M) 571.046ms
[2020-04-25T17:56:57.903+0300][282.774s][2832][9312 ][info ][gc] GC(278) Pause Young (Allocation Failure) 454M->451M(494M) 1137.213ms
[2020-04-25T17:56:59.001+0300][283.872s][2832][9312 ][info ][gc] GC(281) Pause Full (Allocation Failure) 471M->451M(494M) 492.862ms
[2020-04-25T17:56:59.001+0300][283.872s][2832][9312 ][info ][gc] GC(280) Pause Young (Allocation Failure) 454M->451M(494M) 1033.918ms
[2020-04-25T17:56:59.148+0300][284.019s][2832][9312 ][info ][gc] GC(282) Pause Initial Mark 452M->452M(494M) 147.452ms
[2020-04-25T17:56:59.148+0300][284.019s][2832][12468][info ][gc] GC(282) Concurrent Mark
[2020-04-25T17:56:59.929+0300][284.801s][2832][12468][debug][gc] GC(282) Concurrent active time: 0.152ms
[2020-04-25T17:56:59.929+0300][284.801s][2832][12468][info ][gc] GC(282) Concurrent Mark 781.310ms
[2020-04-25T17:56:59.929+0300][284.801s][2832][9312 ][debug][gc] GC(284) Concurrent mode failure
[2020-04-25T17:57:00.424+0300][285.295s][2832][9312 ][info ][gc] GC(284) Pause Full (Allocation Failure) 471M->452M(494M) 581.465ms
[2020-04-25T17:57:00.424+0300][285.295s][2832][9312 ][info ][gc] GC(283) Pause Young (Allocation Failure) 454M->452M(494M) 1210.238ms
[2020-04-25T17:57:01.575+0300][286.446s][2832][9312 ][info ][gc] GC(286) Pause Full (Allocation Failure) 471M->452M(494M) 495.799ms
[2020-04-25T17:57:01.575+0300][286.446s][2832][9312 ][info ][gc] GC(285) Pause Young (Allocation Failure) 454M->452M(494M) 1090.603ms
[2020-04-25T17:57:01.722+0300][286.594s][2832][9312 ][info ][gc] GC(287) Pause Initial Mark 452M->452M(494M) 147.630ms
[2020-04-25T17:57:01.722+0300][286.594s][2832][12468][info ][gc] GC(287) Concurrent Mark
[2020-04-25T17:57:02.451+0300][287.323s][2832][12468][debug][gc] GC(287) Concurrent active time: 0.155ms
[2020-04-25T17:57:02.451+0300][287.323s][2832][12468][info ][gc] GC(287) Concurrent Mark 728.944ms
[2020-04-25T17:57:02.451+0300][287.323s][2832][9312 ][debug][gc] GC(289) Concurrent mode failure
[2020-04-25T17:57:02.942+0300][287.814s][2832][9312 ][info ][gc] GC(289) Pause Full (Allocation Failure) 471M->452M(494M) 583.830ms
[2020-04-25T17:57:02.943+0300][287.814s][2832][9312 ][info ][gc] GC(288) Pause Young (Allocation Failure) 454M->452M(494M) 1158.132ms
[2020-04-25T17:57:04.045+0300][288.917s][2832][9312 ][info ][gc] GC(291) Pause Full (Allocation Failure) 471M->452M(494M) 493.117ms
[2020-04-25T17:57:04.045+0300][288.917s][2832][9312 ][info ][gc] GC(290) Pause Young (Allocation Failure) 454M->452M(494M) 1046.886ms
[2020-04-25T17:57:04.195+0300][289.067s][2832][9312 ][info ][gc] GC(292) Pause Initial Mark 452M->452M(494M) 149.433ms
[2020-04-25T17:57:04.196+0300][289.067s][2832][12468][info ][gc] GC(292) Concurrent Mark
[2020-04-25T17:57:04.971+0300][289.842s][2832][12468][debug][gc] GC(292) Concurrent active time: 0.157ms
[2020-04-25T17:57:04.971+0300][289.842s][2832][12468][info ][gc] GC(292) Concurrent Mark 775.433ms
[2020-04-25T17:57:04.971+0300][289.842s][2832][9312 ][debug][gc] GC(294) Concurrent mode failure
[2020-04-25T17:57:05.463+0300][290.335s][2832][9312 ][info ][gc] GC(294) Pause Full (Allocation Failure) 471M->452M(494M) 587.974ms
[2020-04-25T17:57:05.464+0300][290.335s][2832][9312 ][info ][gc] GC(293) Pause Young (Allocation Failure) 454M->452M(494M) 1206.293ms
[2020-04-25T17:57:06.602+0300][291.473s][2832][9312 ][info ][gc] GC(296) Pause Full (Allocation Failure) 471M->452M(494M) 494.478ms
[2020-04-25T17:57:06.602+0300][291.473s][2832][9312 ][info ][gc] GC(295) Pause Young (Allocation Failure) 454M->452M(494M) 1084.980ms
[2020-04-25T17:57:06.754+0300][291.626s][2832][9312 ][info ][gc] GC(297) Pause Initial Mark 452M->452M(494M) 152.243ms
[2020-04-25T17:57:06.755+0300][291.626s][2832][12468][info ][gc] GC(297) Concurrent Mark
[2020-04-25T17:57:07.522+0300][292.393s][2832][12468][debug][gc] GC(297) Concurrent active time: 0.162ms
[2020-04-25T17:57:07.522+0300][292.393s][2832][12468][info ][gc] GC(297) Concurrent Mark 767.407ms
[2020-04-25T17:57:07.522+0300][292.393s][2832][9312 ][debug][gc] GC(299) Concurrent mode failure
[2020-04-25T17:57:08.026+0300][292.897s][2832][9312 ][info ][gc] GC(299) Pause Full (Allocation Failure) 471M->452M(494M) 613.287ms
[2020-04-25T17:57:08.026+0300][292.897s][2832][9312 ][info ][gc] GC(298) Pause Young (Allocation Failure) 454M->452M(494M) 1218.183ms
[2020-04-25T17:57:09.181+0300][294.053s][2832][9312 ][info ][gc] GC(301) Pause Full (Allocation Failure) 471M->452M(494M) 491.136ms
[2020-04-25T17:57:09.181+0300][294.053s][2832][9312 ][info ][gc] GC(300) Pause Young (Allocation Failure) 454M->452M(494M) 1106.758ms
[2020-04-25T17:57:09.331+0300][294.202s][2832][9312 ][info ][gc] GC(302) Pause Initial Mark 452M->452M(494M) 148.782ms
[2020-04-25T17:57:09.331+0300][294.202s][2832][12468][info ][gc] GC(302) Concurrent Mark
[2020-04-25T17:57:10.111+0300][294.982s][2832][12468][debug][gc] GC(302) Concurrent active time: 0.153ms
[2020-04-25T17:57:10.111+0300][294.982s][2832][12468][info ][gc] GC(302) Concurrent Mark 779.835ms
[2020-04-25T17:57:10.111+0300][294.982s][2832][9312 ][debug][gc] GC(304) Concurrent mode failure
[2020-04-25T17:57:10.604+0300][295.475s][2832][9312 ][info ][gc] GC(304) Pause Full (Allocation Failure) 471M->452M(494M) 591.674ms
[2020-04-25T17:57:10.604+0300][295.475s][2832][9312 ][info ][gc] GC(303) Pause Young (Allocation Failure) 454M->452M(494M) 1218.482ms
[2020-04-25T17:57:11.772+0300][296.643s][2832][9312 ][info ][gc] GC(306) Pause Full (Allocation Failure) 471M->452M(494M) 493.463ms
[2020-04-25T17:57:11.772+0300][296.643s][2832][9312 ][info ][gc] GC(305) Pause Young (Allocation Failure) 454M->452M(494M) 1122.777ms
[2020-04-25T17:57:11.919+0300][296.791s][2832][9312 ][info ][gc] GC(307) Pause Initial Mark 452M->452M(494M) 147.659ms
[2020-04-25T17:57:11.919+0300][296.791s][2832][12468][info ][gc] GC(307) Concurrent Mark
[2020-04-25T17:57:12.691+0300][297.562s][2832][12468][debug][gc] GC(307) Concurrent active time: 0.148ms
[2020-04-25T17:57:12.691+0300][297.562s][2832][12468][info ][gc] GC(307) Concurrent Mark 771.756ms
[2020-04-25T17:57:12.691+0300][297.562s][2832][9312 ][debug][gc] GC(309) Concurrent mode failure
[2020-04-25T17:57:13.182+0300][298.053s][2832][9312 ][info ][gc] GC(309) Pause Full (Allocation Failure) 471M->452M(494M) 594.699ms
[2020-04-25T17:57:13.183+0300][298.054s][2832][9312 ][info ][gc] GC(308) Pause Young (Allocation Failure) 454M->452M(494M) 1218.526ms
[2020-04-25T17:57:14.305+0300][299.176s][2832][9312 ][info ][gc] GC(311) Pause Full (Allocation Failure) 471M->452M(494M) 492.136ms
[2020-04-25T17:57:14.305+0300][299.176s][2832][9312 ][info ][gc] GC(310) Pause Young (Allocation Failure) 454M->452M(494M) 1079.087ms
[2020-04-25T17:57:14.454+0300][299.326s][2832][9312 ][info ][gc] GC(312) Pause Initial Mark 452M->452M(494M) 149.872ms
[2020-04-25T17:57:14.454+0300][299.326s][2832][12468][info ][gc] GC(312) Concurrent Mark
[2020-04-25T17:57:15.234+0300][300.105s][2832][12468][debug][gc] GC(312) Concurrent active time: 0.152ms
[2020-04-25T17:57:15.234+0300][300.105s][2832][12468][info ][gc] GC(312) Concurrent Mark 779.502ms
[2020-04-25T17:57:15.234+0300][300.105s][2832][9312 ][debug][gc] GC(314) Concurrent mode failure
[2020-04-25T17:57:15.725+0300][300.596s][2832][9312 ][info ][gc] GC(314) Pause Full (Allocation Failure) 471M->452M(494M) 598.181ms
[2020-04-25T17:57:15.725+0300][300.596s][2832][9312 ][info ][gc] GC(313) Pause Young (Allocation Failure) 454M->452M(494M) 1225.829ms
[2020-04-25T17:57:16.864+0300][301.735s][2832][9312 ][info ][gc] GC(316) Pause Full (Allocation Failure) 471M->453M(494M) 494.675ms
[2020-04-25T17:57:16.864+0300][301.735s][2832][9312 ][info ][gc] GC(315) Pause Young (Allocation Failure) 454M->453M(494M) 1098.349ms
[2020-04-25T17:57:17.012+0300][301.882s][2832][9312 ][info ][gc] GC(317) Pause Initial Mark 453M->453M(494M) 147.398ms
[2020-04-25T17:57:17.012+0300][301.883s][2832][12468][info ][gc] GC(317) Concurrent Mark
[2020-04-25T17:57:17.740+0300][302.611s][2832][12468][debug][gc] GC(317) Concurrent active time: 0.148ms
[2020-04-25T17:57:17.740+0300][302.611s][2832][12468][info ][gc] GC(317) Concurrent Mark 728.380ms
[2020-04-25T17:57:17.740+0300][302.611s][2832][9312 ][debug][gc] GC(319) Concurrent mode failure
[2020-04-25T17:57:18.228+0300][303.100s][2832][9312 ][info ][gc] GC(319) Pause Full (Allocation Failure) 471M->453M(494M) 598.062ms
[2020-04-25T17:57:18.228+0300][303.100s][2832][9312 ][info ][gc] GC(318) Pause Young (Allocation Failure) 454M->453M(494M) 1178.630ms
[2020-04-25T17:57:19.357+0300][304.228s][2832][9312 ][info ][gc] GC(321) Pause Full (Allocation Failure) 471M->453M(494M) 493.419ms
[2020-04-25T17:57:19.357+0300][304.228s][2832][9312 ][info ][gc] GC(320) Pause Young (Allocation Failure) 454M->453M(494M) 1091.274ms
[2020-04-25T17:57:19.505+0300][304.376s][2832][9312 ][info ][gc] GC(322) Pause Initial Mark 453M->453M(494M) 147.758ms
[2020-04-25T17:57:19.505+0300][304.376s][2832][12468][info ][gc] GC(322) Concurrent Mark
[2020-04-25T17:57:20.290+0300][305.161s][2832][12468][debug][gc] GC(322) Concurrent active time: 0.150ms
[2020-04-25T17:57:20.290+0300][305.161s][2832][12468][info ][gc] GC(322) Concurrent Mark 784.286ms
[2020-04-25T17:57:20.290+0300][305.161s][2832][9312 ][debug][gc] GC(324) Concurrent mode failure
[2020-04-25T17:57:20.781+0300][305.653s][2832][9312 ][info ][gc] GC(324) Pause Full (Allocation Failure) 471M->453M(494M) 603.583ms
[2020-04-25T17:57:20.781+0300][305.653s][2832][9312 ][info ][gc] GC(323) Pause Young (Allocation Failure) 454M->453M(494M) 1238.244ms
[2020-04-25T17:57:21.914+0300][306.785s][2832][9312 ][info ][gc] GC(326) Pause Full (Allocation Failure) 471M->453M(494M) 490.409ms
[2020-04-25T17:57:21.914+0300][306.785s][2832][9312 ][info ][gc] GC(325) Pause Young (Allocation Failure) 454M->453M(494M) 1098.062ms
[2020-04-25T17:57:22.063+0300][306.934s][2832][9312 ][info ][gc] GC(327) Pause Initial Mark 453M->453M(494M) 148.428ms
[2020-04-25T17:57:22.063+0300][306.934s][2832][12468][info ][gc] GC(327) Concurrent Mark
[2020-04-25T17:57:22.791+0300][307.662s][2832][12468][debug][gc] GC(327) Concurrent active time: 0.149ms
[2020-04-25T17:57:22.791+0300][307.662s][2832][12468][info ][gc] GC(327) Concurrent Mark 727.912ms
[2020-04-25T17:57:22.791+0300][307.662s][2832][9312 ][debug][gc] GC(329) Concurrent mode failure
[2020-04-25T17:57:23.282+0300][308.153s][2832][9312 ][info ][gc] GC(329) Pause Full (Allocation Failure) 471M->453M(494M) 605.720ms
[2020-04-25T17:57:23.282+0300][308.153s][2832][9312 ][info ][gc] GC(328) Pause Young (Allocation Failure) 454M->453M(494M) 1184.931ms
[2020-04-25T17:57:24.438+0300][309.309s][2832][9312 ][info ][gc] GC(331) Pause Full (Allocation Failure) 471M->453M(494M) 494.711ms
[2020-04-25T17:57:24.438+0300][309.309s][2832][9312 ][info ][gc] GC(330) Pause Young (Allocation Failure) 454M->453M(494M) 1123.940ms
[2020-04-25T17:57:24.588+0300][309.460s][2832][9312 ][info ][gc] GC(332) Pause Initial Mark 453M->453M(494M) 150.268ms
[2020-04-25T17:57:24.588+0300][309.460s][2832][12468][info ][gc] GC(332) Concurrent Mark
[2020-04-25T17:57:25.363+0300][310.235s][2832][12468][debug][gc] GC(332) Concurrent active time: 0.155ms
[2020-04-25T17:57:25.364+0300][310.235s][2832][12468][info ][gc] GC(332) Concurrent Mark 775.079ms
[2020-04-25T17:57:25.364+0300][310.235s][2832][9312 ][debug][gc] GC(334) Concurrent mode failure
[2020-04-25T17:57:25.855+0300][310.726s][2832][9312 ][info ][gc] GC(334) Pause Full (Allocation Failure) 471M->453M(494M) 612.019ms
[2020-04-25T17:57:25.855+0300][310.727s][2832][9312 ][info ][gc] GC(333) Pause Young (Allocation Failure) 454M->453M(494M) 1231.895ms
[2020-04-25T17:57:27.006+0300][311.877s][2832][9312 ][info ][gc] GC(336) Pause Full (Allocation Failure) 471M->453M(494M) 491.430ms
[2020-04-25T17:57:27.006+0300][311.877s][2832][9312 ][info ][gc] GC(335) Pause Young (Allocation Failure) 454M->453M(494M) 1120.096ms
[2020-04-25T17:57:27.153+0300][312.025s][2832][9312 ][info ][gc] GC(337) Pause Initial Mark 453M->453M(494M) 147.737ms
[2020-04-25T17:57:27.153+0300][312.025s][2832][12468][info ][gc] GC(337) Concurrent Mark
[2020-04-25T17:57:27.944+0300][312.816s][2832][12468][debug][gc] GC(337) Concurrent active time: 0.149ms
[2020-04-25T17:57:27.944+0300][312.816s][2832][12468][info ][gc] GC(337) Concurrent Mark 790.857ms
[2020-04-25T17:57:27.944+0300][312.816s][2832][9312 ][debug][gc] GC(339) Concurrent mode failure
[2020-04-25T17:57:28.437+0300][313.308s][2832][9312 ][info ][gc] GC(339) Pause Full (Allocation Failure) 471M->453M(494M) 609.983ms
[2020-04-25T17:57:28.437+0300][313.308s][2832][9312 ][info ][gc] GC(338) Pause Young (Allocation Failure) 454M->453M(494M) 1251.457ms
[2020-04-25T17:57:29.545+0300][314.416s][2832][9312 ][info ][gc] GC(341) Pause Full (Allocation Failure) 471M->453M(494M) 494.895ms
[2020-04-25T17:57:29.545+0300][314.416s][2832][9312 ][info ][gc] GC(340) Pause Young (Allocation Failure) 454M->453M(494M) 1079.192ms
[2020-04-25T17:57:29.696+0300][314.567s][2832][9312 ][info ][gc] GC(342) Pause Initial Mark 453M->453M(494M) 150.688ms
[2020-04-25T17:57:29.696+0300][314.567s][2832][12468][info ][gc] GC(342) Concurrent Mark
[2020-04-25T17:57:30.485+0300][315.356s][2832][12468][debug][gc] GC(342) Concurrent active time: 0.150ms
[2020-04-25T17:57:30.485+0300][315.356s][2832][12468][info ][gc] GC(342) Concurrent Mark 789.059ms
[2020-04-25T17:57:30.485+0300][315.356s][2832][9312 ][debug][gc] GC(344) Concurrent mode failure
[2020-04-25T17:57:30.974+0300][315.846s][2832][9312 ][info ][gc] GC(344) Pause Full (Allocation Failure) 471M->453M(494M) 609.940ms
[2020-04-25T17:57:30.974+0300][315.846s][2832][9312 ][info ][gc] GC(343) Pause Young (Allocation Failure) 454M->453M(494M) 1249.318ms
[2020-04-25T17:57:32.082+0300][316.954s][2832][9312 ][info ][gc] GC(346) Pause Full (Allocation Failure) 471M->453M(494M) 491.394ms
[2020-04-25T17:57:32.082+0300][316.954s][2832][9312 ][info ][gc] GC(345) Pause Young (Allocation Failure) 454M->453M(494M) 1081.429ms
[2020-04-25T17:57:32.233+0300][317.104s][2832][9312 ][info ][gc] GC(347) Pause Initial Mark 453M->453M(494M) 149.872ms
[2020-04-25T17:57:32.233+0300][317.104s][2832][12468][info ][gc] GC(347) Concurrent Mark
[2020-04-25T17:57:32.978+0300][317.849s][2832][12468][debug][gc] GC(347) Concurrent active time: 0.149ms
[2020-04-25T17:57:32.978+0300][317.849s][2832][12468][info ][gc] GC(347) Concurrent Mark 745.386ms
[2020-04-25T17:57:32.978+0300][317.849s][2832][9312 ][debug][gc] GC(349) Concurrent mode failure
[2020-04-25T17:57:33.470+0300][318.341s][2832][9312 ][info ][gc] GC(349) Pause Full (Allocation Failure) 471M->453M(494M) 612.687ms
[2020-04-25T17:57:33.470+0300][318.341s][2832][9312 ][info ][gc] GC(348) Pause Young (Allocation Failure) 454M->453M(494M) 1209.151ms
[2020-04-25T17:57:34.627+0300][319.499s][2832][9312 ][info ][gc] GC(351) Pause Full (Allocation Failure) 471M->453M(494M) 492.463ms
[2020-04-25T17:57:34.627+0300][319.499s][2832][9312 ][info ][gc] GC(350) Pause Young (Allocation Failure) 454M->453M(494M) 1132.862ms
[2020-04-25T17:57:34.776+0300][319.648s][2832][9312 ][info ][gc] GC(352) Pause Initial Mark 453M->453M(494M) 148.531ms
[2020-04-25T17:57:34.776+0300][319.648s][2832][12468][info ][gc] GC(352) Concurrent Mark
[2020-04-25T17:57:35.563+0300][320.434s][2832][12468][debug][gc] GC(352) Concurrent active time: 0.148ms
[2020-04-25T17:57:35.563+0300][320.434s][2832][12468][info ][gc] GC(352) Concurrent Mark 786.442ms
[2020-04-25T17:57:35.563+0300][320.434s][2832][9312 ][debug][gc] GC(354) Concurrent mode failure
[2020-04-25T17:57:36.056+0300][320.927s][2832][9312 ][info ][gc] GC(354) Pause Full (Allocation Failure) 471M->453M(494M) 616.321ms
[2020-04-25T17:57:36.056+0300][320.927s][2832][9312 ][info ][gc] GC(353) Pause Young (Allocation Failure) 454M->453M(494M) 1254.359ms
[2020-04-25T17:57:37.190+0300][322.060s][2832][9312 ][info ][gc] GC(356) Pause Full (Allocation Failure) 471M->453M(494M) 490.815ms
[2020-04-25T17:57:37.190+0300][322.060s][2832][9312 ][info ][gc] GC(355) Pause Young (Allocation Failure) 454M->453M(494M) 1110.116ms
[2020-04-25T17:57:37.340+0300][322.212s][2832][9312 ][info ][gc] GC(357) Pause Initial Mark 453M->453M(494M) 151.195ms
[2020-04-25T17:57:37.340+0300][322.212s][2832][12468][info ][gc] GC(357) Concurrent Mark
[2020-04-25T17:57:38.093+0300][322.965s][2832][12468][debug][gc] GC(357) Concurrent active time: 0.149ms
[2020-04-25T17:57:38.093+0300][322.965s][2832][12468][info ][gc] GC(357) Concurrent Mark 752.823ms
[2020-04-25T17:57:38.093+0300][322.965s][2832][9312 ][debug][gc] GC(359) Concurrent mode failure
[2020-04-25T17:57:38.588+0300][323.459s][2832][9312 ][info ][gc] GC(359) Pause Full (Allocation Failure) 471M->453M(494M) 621.480ms
[2020-04-25T17:57:38.588+0300][323.459s][2832][9312 ][info ][gc] GC(358) Pause Young (Allocation Failure) 454M->453M(494M) 1224.984ms
[2020-04-25T17:57:39.700+0300][324.571s][2832][9312 ][info ][gc] GC(361) Pause Full (Allocation Failure) 471M->453M(494M) 494.039ms
[2020-04-25T17:57:39.700+0300][324.571s][2832][9312 ][info ][gc] GC(360) Pause Young (Allocation Failure) 454M->453M(494M) 1090.029ms
[2020-04-25T17:57:39.849+0300][324.720s][2832][9312 ][info ][gc] GC(362) Pause Initial Mark 453M->453M(494M) 148.855ms
[2020-04-25T17:57:39.849+0300][324.720s][2832][12468][info ][gc] GC(362) Concurrent Mark
[2020-04-25T17:57:40.569+0300][325.440s][2832][12468][debug][gc] GC(362) Concurrent active time: 0.149ms
[2020-04-25T17:57:40.569+0300][325.440s][2832][12468][info ][gc] GC(362) Concurrent Mark 720.077ms
[2020-04-25T17:57:40.570+0300][325.440s][2832][9312 ][debug][gc] GC(364) Concurrent mode failure
[2020-04-25T17:57:41.062+0300][325.933s][2832][9312 ][info ][gc] GC(364) Pause Full (Allocation Failure) 471M->453M(494M) 619.128ms
[2020-04-25T17:57:41.062+0300][325.933s][2832][9312 ][info ][gc] GC(363) Pause Young (Allocation Failure) 454M->453M(494M) 1190.072ms
[2020-04-25T17:57:42.193+0300][327.065s][2832][9312 ][info ][gc] GC(366) Pause Full (Allocation Failure) 471M->453M(494M) 492.561ms
[2020-04-25T17:57:42.193+0300][327.065s][2832][9312 ][info ][gc] GC(365) Pause Young (Allocation Failure) 454M->453M(494M) 1111.477ms
[2020-04-25T17:57:42.346+0300][327.217s][2832][9312 ][info ][gc] GC(367) Pause Initial Mark 453M->453M(494M) 151.910ms
[2020-04-25T17:57:42.346+0300][327.217s][2832][12468][info ][gc] GC(367) Concurrent Mark
[2020-04-25T17:57:43.101+0300][327.972s][2832][12468][debug][gc] GC(367) Concurrent active time: 0.148ms
[2020-04-25T17:57:43.101+0300][327.972s][2832][12468][info ][gc] GC(367) Concurrent Mark 755.236ms
[2020-04-25T17:57:43.101+0300][327.972s][2832][9312 ][debug][gc] GC(369) Concurrent mode failure
[2020-04-25T17:57:43.606+0300][328.478s][2832][9312 ][info ][gc] GC(369) Pause Full (Allocation Failure) 471M->453M(494M) 632.757ms
[2020-04-25T17:57:43.606+0300][328.478s][2832][9312 ][info ][gc] GC(368) Pause Young (Allocation Failure) 454M->453M(494M) 1240.324ms
[2020-04-25T17:57:44.769+0300][329.641s][2832][9312 ][info ][gc] GC(371) Pause Full (Allocation Failure) 471M->453M(494M) 513.189ms
[2020-04-25T17:57:44.770+0300][329.641s][2832][9312 ][info ][gc] GC(370) Pause Young (Allocation Failure) 454M->453M(494M) 1143.398ms
[2020-04-25T17:57:44.921+0300][329.792s][2832][9312 ][info ][gc] GC(372) Pause Initial Mark 453M->453M(494M) 151.159ms
[2020-04-25T17:57:44.921+0300][329.793s][2832][12468][info ][gc] GC(372) Concurrent Mark
[2020-04-25T17:57:45.681+0300][330.552s][2832][12468][debug][gc] GC(372) Concurrent active time: 0.157ms
[2020-04-25T17:57:45.681+0300][330.552s][2832][12468][info ][gc] GC(372) Concurrent Mark 759.926ms
[2020-04-25T17:57:45.681+0300][330.553s][2832][9312 ][debug][gc] GC(374) Concurrent mode failure
[2020-04-25T17:57:46.178+0300][331.049s][2832][9312 ][info ][gc] GC(374) Pause Full (Allocation Failure) 471M->453M(494M) 635.067ms
[2020-04-25T17:57:46.178+0300][331.049s][2832][9312 ][info ][gc] GC(373) Pause Young (Allocation Failure) 454M->453M(494M) 1237.829ms
[2020-04-25T17:57:47.357+0300][332.229s][2832][9312 ][info ][gc] GC(376) Pause Full (Allocation Failure) 471M->453M(494M) 527.919ms
[2020-04-25T17:57:47.357+0300][332.229s][2832][9312 ][info ][gc] GC(375) Pause Young (Allocation Failure) 454M->453M(494M) 1161.665ms
[2020-04-25T17:57:47.516+0300][332.388s][2832][9312 ][info ][gc] GC(377) Pause Initial Mark 453M->453M(494M) 158.797ms
[2020-04-25T17:57:47.516+0300][332.388s][2832][12468][info ][gc] GC(377) Concurrent Mark
[2020-04-25T17:57:48.277+0300][333.148s][2832][12468][debug][gc] GC(377) Concurrent active time: 0.159ms
[2020-04-25T17:57:48.277+0300][333.148s][2832][12468][info ][gc] GC(377) Concurrent Mark 760.596ms
[2020-04-25T17:57:48.277+0300][333.148s][2832][9312 ][debug][gc] GC(379) Concurrent mode failure
[2020-04-25T17:57:48.779+0300][333.650s][2832][9312 ][info ][gc] GC(379) Pause Full (Allocation Failure) 471M->453M(494M) 641.391ms
[2020-04-25T17:57:48.779+0300][333.650s][2832][9312 ][info ][gc] GC(378) Pause Young (Allocation Failure) 454M->453M(494M) 1243.100ms
[2020-04-25T17:57:49.908+0300][334.779s][2832][9312 ][info ][gc] GC(381) Pause Full (Allocation Failure) 471M->454M(494M) 505.412ms
[2020-04-25T17:57:49.908+0300][334.779s][2832][9312 ][info ][gc] GC(380) Pause Young (Allocation Failure) 454M->454M(494M) 1109.346ms
[2020-04-25T17:57:50.059+0300][334.930s][2832][9312 ][info ][gc] GC(382) Pause Initial Mark 454M->454M(494M) 150.828ms
[2020-04-25T17:57:50.059+0300][334.930s][2832][12468][info ][gc] GC(382) Concurrent Mark
[2020-04-25T17:57:50.840+0300][335.712s][2832][12468][debug][gc] GC(382) Concurrent active time: 0.156ms
[2020-04-25T17:57:50.840+0300][335.712s][2832][12468][info ][gc] GC(382) Concurrent Mark 781.495ms
[2020-04-25T17:57:50.840+0300][335.712s][2832][9312 ][debug][gc] GC(384) Concurrent mode failure
[2020-04-25T17:57:51.340+0300][336.211s][2832][9312 ][info ][gc] GC(384) Pause Full (Allocation Failure) 471M->454M(494M) 636.224ms
[2020-04-25T17:57:51.340+0300][336.211s][2832][9312 ][info ][gc] GC(383) Pause Young (Allocation Failure) 454M->454M(494M) 1261.697ms
[2020-04-25T17:57:52.483+0300][337.354s][2832][9312 ][info ][gc] GC(386) Pause Full (Allocation Failure) 471M->454M(494M) 500.469ms
[2020-04-25T17:57:52.483+0300][337.354s][2832][9312 ][info ][gc] GC(385) Pause Young (Allocation Failure) 454M->454M(494M) 1127.091ms
[2020-04-25T17:57:52.637+0300][337.509s][2832][9312 ][info ][gc] GC(387) Pause Initial Mark 454M->454M(494M) 154.046ms
[2020-04-25T17:57:52.637+0300][337.509s][2832][12468][info ][gc] GC(387) Concurrent Mark
[2020-04-25T17:57:53.420+0300][338.292s][2832][12468][debug][gc] GC(387) Concurrent active time: 0.172ms
[2020-04-25T17:57:53.420+0300][338.292s][2832][12468][info ][gc] GC(387) Concurrent Mark 783.063ms
[2020-04-25T17:57:53.420+0300][338.292s][2832][9312 ][debug][gc] GC(389) Concurrent mode failure
[2020-04-25T17:57:53.947+0300][338.818s][2832][9312 ][info ][gc] GC(389) Pause Full (Allocation Failure) 471M->454M(494M) 681.618ms
[2020-04-25T17:57:53.947+0300][338.818s][2832][9312 ][info ][gc] GC(388) Pause Young (Allocation Failure) 454M->454M(494M) 1292.927ms
[2020-04-25T17:57:55.052+0300][339.923s][2832][9312 ][info ][gc] GC(391) Pause Full (Allocation Failure) 471M->454M(494M) 493.922ms
[2020-04-25T17:57:55.052+0300][339.923s][2832][9312 ][info ][gc] GC(390) Pause Young (Allocation Failure) 454M->454M(494M) 1090.085ms
[2020-04-25T17:57:55.204+0300][340.076s][2832][9312 ][info ][gc] GC(392) Pause Initial Mark 454M->454M(494M) 152.939ms
[2020-04-25T17:57:55.204+0300][340.076s][2832][12468][info ][gc] GC(392) Concurrent Mark
[2020-04-25T17:57:55.951+0300][340.823s][2832][12468][debug][gc] GC(392) Concurrent active time: 0.147ms
[2020-04-25T17:57:55.951+0300][340.823s][2832][12468][info ][gc] GC(392) Concurrent Mark 746.636ms
[2020-04-25T17:57:55.951+0300][340.823s][2832][9312 ][debug][gc] GC(394) Concurrent mode failure
[2020-04-25T17:57:56.459+0300][341.330s][2832][9312 ][info ][gc] GC(394) Pause Full (Allocation Failure) 471M->454M(494M) 640.997ms
[2020-04-25T17:57:56.459+0300][341.330s][2832][9312 ][info ][gc] GC(393) Pause Young (Allocation Failure) 454M->454M(494M) 1240.081ms
[2020-04-25T17:57:57.595+0300][342.466s][2832][9312 ][info ][gc] GC(396) Pause Full (Allocation Failure) 471M->454M(494M) 506.523ms
[2020-04-25T17:57:57.595+0300][342.466s][2832][9312 ][info ][gc] GC(395) Pause Young (Allocation Failure) 454M->454M(494M) 1122.437ms
[2020-04-25T17:57:57.747+0300][342.618s][2832][9312 ][info ][gc] GC(397) Pause Initial Mark 454M->454M(494M) 151.720ms
[2020-04-25T17:57:57.747+0300][342.618s][2832][12468][info ][gc] GC(397) Concurrent Mark
[2020-04-25T17:57:58.510+0300][343.381s][2832][12468][debug][gc] GC(397) Concurrent active time: 0.158ms
[2020-04-25T17:57:58.510+0300][343.381s][2832][12468][info ][gc] GC(397) Concurrent Mark 763.017ms
[2020-04-25T17:57:58.510+0300][343.381s][2832][9312 ][debug][gc] GC(399) Concurrent mode failure
[2020-04-25T17:57:58.999+0300][343.871s][2832][9312 ][info ][gc] GC(399) Pause Full (Allocation Failure) 471M->454M(494M) 634.221ms
[2020-04-25T17:57:58.999+0300][343.871s][2832][9312 ][info ][gc] GC(398) Pause Young (Allocation Failure) 454M->454M(494M) 1239.357ms
[2020-04-25T17:58:00.114+0300][344.985s][2832][9312 ][info ][gc] GC(401) Pause Full (Allocation Failure) 471M->454M(494M) 499.815ms
[2020-04-25T17:58:00.114+0300][344.985s][2832][9312 ][info ][gc] GC(400) Pause Young (Allocation Failure) 454M->454M(494M) 1101.539ms
[2020-04-25T17:58:00.269+0300][345.140s][2832][9312 ][info ][gc] GC(402) Pause Initial Mark 454M->454M(494M) 154.494ms
[2020-04-25T17:58:00.269+0300][345.140s][2832][12468][info ][gc] GC(402) Concurrent Mark
[2020-04-25T17:58:01.038+0300][345.909s][2832][12468][debug][gc] GC(402) Concurrent active time: 0.148ms
[2020-04-25T17:58:01.038+0300][345.909s][2832][12468][info ][gc] GC(402) Concurrent Mark 769.397ms
[2020-04-25T17:58:01.038+0300][345.909s][2832][9312 ][debug][gc] GC(404) Concurrent mode failure
[2020-04-25T17:58:01.532+0300][346.403s][2832][9312 ][info ][gc] GC(404) Pause Full (Allocation Failure) 471M->454M(494M) 628.851ms
[2020-04-25T17:58:01.532+0300][346.403s][2832][9312 ][info ][gc] GC(403) Pause Young (Allocation Failure) 454M->454M(494M) 1250.418ms
[2020-04-25T17:58:02.637+0300][347.508s][2832][9312 ][info ][gc] GC(406) Pause Full (Allocation Failure) 471M->454M(494M) 495.564ms
[2020-04-25T17:58:02.637+0300][347.508s][2832][9312 ][info ][gc] GC(405) Pause Young (Allocation Failure) 454M->454M(494M) 1092.745ms
[2020-04-25T17:58:02.785+0300][347.657s][2832][9312 ][info ][gc] GC(407) Pause Initial Mark 454M->454M(494M) 148.793ms
[2020-04-25T17:58:02.786+0300][347.657s][2832][12468][info ][gc] GC(407) Concurrent Mark
[2020-04-25T17:58:03.538+0300][348.410s][2832][12468][debug][gc] GC(407) Concurrent active time: 0.148ms
[2020-04-25T17:58:03.538+0300][348.410s][2832][12468][info ][gc] GC(407) Concurrent Mark 752.637ms
[2020-04-25T17:58:03.538+0300][348.410s][2832][9312 ][debug][gc] GC(409) Concurrent mode failure
[2020-04-25T17:58:04.046+0300][348.917s][2832][9312 ][info ][gc] GC(409) Pause Full (Allocation Failure) 471M->454M(494M) 644.732ms
[2020-04-25T17:58:04.046+0300][348.918s][2832][9312 ][info ][gc] GC(408) Pause Young (Allocation Failure) 454M->454M(494M) 1249.019ms
[2020-04-25T17:58:05.128+0300][349.999s][2832][9312 ][info ][gc] GC(411) Pause Full (Allocation Failure) 471M->454M(494M) 497.828ms
[2020-04-25T17:58:05.128+0300][349.999s][2832][9312 ][info ][gc] GC(410) Pause Young (Allocation Failure) 454M->454M(494M) 1068.668ms
[2020-04-25T17:58:05.277+0300][350.148s][2832][9312 ][info ][gc] GC(412) Pause Initial Mark 454M->454M(494M) 148.922ms
[2020-04-25T17:58:05.278+0300][350.148s][2832][12468][info ][gc] GC(412) Concurrent Mark
[2020-04-25T17:58:06.078+0300][350.950s][2832][12468][debug][gc] GC(412) Concurrent active time: 0.190ms
[2020-04-25T17:58:06.078+0300][350.950s][2832][12468][info ][gc] GC(412) Concurrent Mark 801.779ms
[2020-04-25T17:58:06.078+0300][350.950s][2832][9312 ][debug][gc] GC(414) Concurrent mode failure
[2020-04-25T17:58:06.580+0300][351.451s][2832][9312 ][info ][gc] GC(414) Pause Full (Allocation Failure) 471M->454M(494M) 679.387ms
[2020-04-25T17:58:06.580+0300][351.451s][2832][9312 ][info ][gc] GC(413) Pause Young (Allocation Failure) 454M->454M(494M) 1291.176ms
[2020-04-25T17:58:07.716+0300][352.587s][2832][9312 ][info ][gc] GC(416) Pause Full (Allocation Failure) 471M->454M(494M) 511.248ms
[2020-04-25T17:58:07.716+0300][352.587s][2832][9312 ][info ][gc] GC(415) Pause Young (Allocation Failure) 454M->454M(494M) 1123.926ms
[2020-04-25T17:58:07.900+0300][352.771s][2832][9312 ][info ][gc] GC(417) Pause Initial Mark 454M->454M(494M) 183.753ms
[2020-04-25T17:58:07.900+0300][352.771s][2832][12468][info ][gc] GC(417) Concurrent Mark
[2020-04-25T17:58:08.681+0300][353.553s][2832][12468][debug][gc] GC(417) Concurrent active time: 0.145ms
[2020-04-25T17:58:08.681+0300][353.553s][2832][12468][info ][gc] GC(417) Concurrent Mark 781.758ms
[2020-04-25T17:58:08.681+0300][353.553s][2832][9312 ][debug][gc] GC(419) Concurrent mode failure
[2020-04-25T17:58:09.177+0300][354.048s][2832][9312 ][info ][gc] GC(419) Pause Full (Allocation Failure) 471M->454M(494M) 630.875ms
[2020-04-25T17:58:09.177+0300][354.048s][2832][9312 ][info ][gc] GC(418) Pause Young (Allocation Failure) 454M->454M(494M) 1267.112ms
[2020-04-25T17:58:10.312+0300][355.183s][2832][9312 ][info ][gc] GC(421) Pause Full (Allocation Failure) 471M->454M(494M) 496.986ms
[2020-04-25T17:58:10.312+0300][355.183s][2832][9312 ][info ][gc] GC(420) Pause Young (Allocation Failure) 454M->454M(494M) 1125.121ms
[2020-04-25T17:58:10.462+0300][355.333s][2832][9312 ][info ][gc] GC(422) Pause Initial Mark 454M->454M(494M) 150.095ms
[2020-04-25T17:58:10.462+0300][355.333s][2832][12468][info ][gc] GC(422) Concurrent Mark
[2020-04-25T17:58:11.242+0300][356.113s][2832][12468][debug][gc] GC(422) Concurrent active time: 0.146ms
[2020-04-25T17:58:11.242+0300][356.113s][2832][12468][info ][gc] GC(422) Concurrent Mark 779.866ms
[2020-04-25T17:58:11.242+0300][356.113s][2832][9312 ][debug][gc] GC(424) Concurrent mode failure
[2020-04-25T17:58:11.745+0300][356.616s][2832][9312 ][info ][gc] GC(424) Pause Full (Allocation Failure) 471M->454M(494M) 639.802ms
[2020-04-25T17:58:11.745+0300][356.616s][2832][9312 ][info ][gc] GC(423) Pause Young (Allocation Failure) 454M->454M(494M) 1273.776ms
[2020-04-25T17:58:12.904+0300][357.775s][2832][9312 ][info ][gc] GC(426) Pause Full (Allocation Failure) 471M->454M(494M) 495.988ms
[2020-04-25T17:58:12.904+0300][357.775s][2832][9312 ][info ][gc] GC(425) Pause Young (Allocation Failure) 454M->454M(494M) 1149.460ms
[2020-04-25T17:58:13.054+0300][357.925s][2832][9312 ][info ][gc] GC(427) Pause Initial Mark 454M->454M(494M) 149.800ms
[2020-04-25T17:58:13.054+0300][357.925s][2832][12468][info ][gc] GC(427) Concurrent Mark
[2020-04-25T17:58:13.840+0300][358.710s][2832][12468][debug][gc] GC(427) Concurrent active time: 0.154ms
[2020-04-25T17:58:13.840+0300][358.710s][2832][12468][info ][gc] GC(427) Concurrent Mark 785.116ms
[2020-04-25T17:58:13.840+0300][358.710s][2832][9312 ][debug][gc] GC(429) Concurrent mode failure
[2020-04-25T17:58:14.333+0300][359.204s][2832][9312 ][info ][gc] GC(429) Pause Full (Allocation Failure) 471M->454M(494M) 639.072ms
[2020-04-25T17:58:14.333+0300][359.204s][2832][9312 ][info ][gc] GC(428) Pause Young (Allocation Failure) 454M->454M(494M) 1269.881ms
[2020-04-25T17:58:15.465+0300][360.336s][2832][9312 ][info ][gc] GC(431) Pause Full (Allocation Failure) 471M->454M(494M) 491.148ms
[2020-04-25T17:58:15.465+0300][360.336s][2832][9312 ][info ][gc] GC(430) Pause Young (Allocation Failure) 454M->454M(494M) 1123.298ms
[2020-04-25T17:58:15.616+0300][360.487s][2832][9312 ][info ][gc] GC(432) Pause Initial Mark 454M->454M(494M) 150.352ms
[2020-04-25T17:58:15.616+0300][360.487s][2832][12468][info ][gc] GC(432) Concurrent Mark
[2020-04-25T17:58:16.370+0300][361.241s][2832][12468][debug][gc] GC(432) Concurrent active time: 0.147ms
[2020-04-25T17:58:16.370+0300][361.241s][2832][12468][info ][gc] GC(432) Concurrent Mark 753.682ms
[2020-04-25T17:58:16.370+0300][361.241s][2832][9312 ][debug][gc] GC(434) Concurrent mode failure
[2020-04-25T17:58:16.863+0300][361.734s][2832][9312 ][info ][gc] GC(434) Pause Full (Allocation Failure) 471M->454M(494M) 631.579ms
[2020-04-25T17:58:16.863+0300][361.734s][2832][9312 ][info ][gc] GC(433) Pause Young (Allocation Failure) 454M->454M(494M) 1237.687ms
[2020-04-25T17:58:18.003+0300][362.874s][2832][9312 ][info ][gc] GC(436) Pause Full (Allocation Failure) 471M->454M(494M) 498.920ms
[2020-04-25T17:58:18.004+0300][362.874s][2832][9312 ][info ][gc] GC(435) Pause Young (Allocation Failure) 454M->454M(494M) 1132.280ms
[2020-04-25T17:58:18.154+0300][363.025s][2832][9312 ][info ][gc] GC(437) Pause Initial Mark 454M->454M(494M) 150.714ms
[2020-04-25T17:58:18.154+0300][363.025s][2832][12468][info ][gc] GC(437) Concurrent Mark
[2020-04-25T17:58:18.928+0300][363.799s][2832][12468][debug][gc] GC(437) Concurrent active time: 0.145ms
[2020-04-25T17:58:18.928+0300][363.799s][2832][12468][info ][gc] GC(437) Concurrent Mark 773.609ms
[2020-04-25T17:58:18.928+0300][363.799s][2832][9312 ][debug][gc] GC(439) Concurrent mode failure
[2020-04-25T17:58:19.422+0300][364.293s][2832][9312 ][info ][gc] GC(439) Pause Full (Allocation Failure) 471M->454M(494M) 630.800ms
[2020-04-25T17:58:19.422+0300][364.293s][2832][9312 ][info ][gc] GC(438) Pause Young (Allocation Failure) 454M->454M(494M) 1259.600ms
[2020-04-25T17:58:20.528+0300][365.399s][2832][9312 ][info ][gc] GC(441) Pause Full (Allocation Failure) 471M->454M(494M) 493.230ms
[2020-04-25T17:58:20.528+0300][365.399s][2832][9312 ][info ][gc] GC(440) Pause Young (Allocation Failure) 454M->454M(494M) 1098.533ms
[2020-04-25T17:58:20.679+0300][365.551s][2832][9312 ][info ][gc] GC(442) Pause Initial Mark 454M->454M(494M) 152.062ms
[2020-04-25T17:58:20.680+0300][365.551s][2832][12468][info ][gc] GC(442) Concurrent Mark
[2020-04-25T17:58:21.426+0300][366.298s][2832][12468][debug][gc] GC(442) Concurrent active time: 0.154ms
[2020-04-25T17:58:21.426+0300][366.298s][2832][12468][info ][gc] GC(442) Concurrent Mark 746.560ms
[2020-04-25T17:58:21.426+0300][366.298s][2832][9312 ][debug][gc] GC(444) Concurrent mode failure
[2020-04-25T17:58:21.919+0300][366.790s][2832][9312 ][info ][gc] GC(444) Pause Full (Allocation Failure) 471M->454M(494M) 639.266ms
[2020-04-25T17:58:21.919+0300][366.790s][2832][9312 ][info ][gc] GC(443) Pause Young (Allocation Failure) 454M->454M(494M) 1231.662ms
[2020-04-25T17:58:22.974+0300][367.846s][2832][9312 ][info ][gc] GC(446) Pause Full (Allocation Failure) 471M->454M(494M) 494.212ms
[2020-04-25T17:58:22.974+0300][367.846s][2832][9312 ][info ][gc] GC(445) Pause Young (Allocation Failure) 454M->454M(494M) 1048.436ms
[2020-04-25T17:58:23.156+0300][368.027s][2832][9312 ][info ][gc] GC(447) Pause Initial Mark 454M->454M(494M) 181.582ms
[2020-04-25T17:58:23.157+0300][368.028s][2832][12468][info ][gc] GC(447) Concurrent Mark
[2020-04-25T17:58:23.900+0300][368.771s][2832][12468][debug][gc] GC(447) Concurrent active time: 0.147ms
[2020-04-25T17:58:23.900+0300][368.771s][2832][12468][info ][gc] GC(447) Concurrent Mark 743.933ms
[2020-04-25T17:58:23.900+0300][368.771s][2832][9312 ][debug][gc] GC(449) Concurrent mode failure
[2020-04-25T17:58:24.393+0300][369.264s][2832][9312 ][info ][gc] GC(449) Pause Full (Allocation Failure) 471M->454M(494M) 633.653ms
[2020-04-25T17:58:24.393+0300][369.264s][2832][9312 ][info ][gc] GC(448) Pause Young (Allocation Failure) 454M->454M(494M) 1230.005ms
[2020-04-25T17:58:25.495+0300][370.366s][2832][9312 ][info ][gc] GC(451) Pause Full (Allocation Failure) 471M->454M(494M) 499.428ms
[2020-04-25T17:58:25.495+0300][370.367s][2832][9312 ][info ][gc] GC(450) Pause Young (Allocation Failure) 454M->454M(494M) 1095.538ms
[2020-04-25T17:58:25.646+0300][370.517s][2832][9312 ][info ][gc] GC(452) Pause Initial Mark 454M->454M(494M) 150.735ms
[2020-04-25T17:58:25.646+0300][370.517s][2832][12468][info ][gc] GC(452) Concurrent Mark
[2020-04-25T17:58:26.417+0300][371.288s][2832][12468][debug][gc] GC(452) Concurrent active time: 0.149ms
[2020-04-25T17:58:26.417+0300][371.288s][2832][12468][info ][gc] GC(452) Concurrent Mark 770.625ms
[2020-04-25T17:58:26.417+0300][371.288s][2832][9312 ][debug][gc] GC(454) Concurrent mode failure
[2020-04-25T17:58:26.907+0300][371.778s][2832][9312 ][info ][gc] GC(454) Pause Full (Allocation Failure) 471M->454M(494M) 632.222ms
[2020-04-25T17:58:26.907+0300][371.778s][2832][9312 ][info ][gc] GC(453) Pause Young (Allocation Failure) 454M->454M(494M) 1254.141ms
[2020-04-25T17:58:27.997+0300][372.868s][2832][9312 ][info ][gc] GC(456) Pause Full (Allocation Failure) 471M->454M(494M) 489.579ms
[2020-04-25T17:58:27.997+0300][372.868s][2832][9312 ][info ][gc] GC(455) Pause Young (Allocation Failure) 454M->454M(494M) 1083.856ms
[2020-04-25T17:58:28.179+0300][373.050s][2832][9312 ][info ][gc] GC(457) Pause Initial Mark 454M->454M(494M) 181.861ms
[2020-04-25T17:58:28.179+0300][373.050s][2832][12468][info ][gc] GC(457) Concurrent Mark
[2020-04-25T17:58:28.927+0300][373.799s][2832][12468][debug][gc] GC(457) Concurrent active time: 0.146ms
[2020-04-25T17:58:28.927+0300][373.799s][2832][12468][info ][gc] GC(457) Concurrent Mark 748.537ms
[2020-04-25T17:58:28.927+0300][373.799s][2832][9312 ][debug][gc] GC(459) Concurrent mode failure
[2020-04-25T17:58:29.417+0300][374.288s][2832][9312 ][info ][gc] GC(459) Pause Full (Allocation Failure) 471M->454M(494M) 629.135ms
[2020-04-25T17:58:29.417+0300][374.288s][2832][9312 ][info ][gc] GC(458) Pause Young (Allocation Failure) 454M->454M(494M) 1231.529ms
[2020-04-25T17:58:30.529+0300][375.400s][2832][9312 ][info ][gc] GC(461) Pause Full (Allocation Failure) 471M->454M(494M) 498.246ms
[2020-04-25T17:58:30.529+0300][375.400s][2832][9312 ][info ][gc] GC(460) Pause Young (Allocation Failure) 454M->454M(494M) 1106.259ms
[2020-04-25T17:58:30.682+0300][375.553s][2832][9312 ][info ][gc] GC(462) Pause Initial Mark 454M->454M(494M) 152.441ms
[2020-04-25T17:58:30.682+0300][375.553s][2832][12468][info ][gc] GC(462) Concurrent Mark
[2020-04-25T17:58:31.427+0300][376.297s][2832][12468][debug][gc] GC(462) Concurrent active time: 0.149ms
[2020-04-25T17:58:31.427+0300][376.298s][2832][12468][info ][gc] GC(462) Concurrent Mark 744.690ms
[2020-04-25T17:58:31.427+0300][376.298s][2832][9312 ][debug][gc] GC(464) Concurrent mode failure
[2020-04-25T17:58:31.921+0300][376.793s][2832][9312 ][info ][gc] GC(464) Pause Full (Allocation Failure) 471M->454M(494M) 638.634ms
[2020-04-25T17:58:31.922+0300][376.793s][2832][9312 ][info ][gc] GC(463) Pause Young (Allocation Failure) 454M->454M(494M) 1234.556ms
[2020-04-25T17:58:33.023+0300][377.895s][2832][9312 ][info ][gc] GC(466) Pause Full (Allocation Failure) 471M->454M(494M) 488.822ms
[2020-04-25T17:58:33.023+0300][377.895s][2832][9312 ][info ][gc] GC(465) Pause Young (Allocation Failure) 454M->454M(494M) 1096.267ms
[2020-04-25T17:58:33.176+0300][378.047s][2832][9312 ][info ][gc] GC(467) Pause Initial Mark 454M->454M(494M) 151.727ms
[2020-04-25T17:58:33.176+0300][378.047s][2832][12468][info ][gc] GC(467) Concurrent Mark
[2020-04-25T17:58:33.925+0300][378.796s][2832][12468][debug][gc] GC(467) Concurrent active time: 0.145ms
[2020-04-25T17:58:33.925+0300][378.796s][2832][12468][info ][gc] GC(467) Concurrent Mark 749.309ms
[2020-04-25T17:58:33.925+0300][378.796s][2832][9312 ][debug][gc] GC(469) Concurrent mode failure
[2020-04-25T17:58:34.415+0300][379.286s][2832][9312 ][info ][gc] GC(469) Pause Full (Allocation Failure) 471M->454M(494M) 629.497ms
[2020-04-25T17:58:34.415+0300][379.286s][2832][9312 ][info ][gc] GC(468) Pause Young (Allocation Failure) 454M->454M(494M) 1233.263ms
[2020-04-25T17:58:35.492+0300][380.363s][2832][9312 ][info ][gc] GC(471) Pause Full (Allocation Failure) 471M->454M(494M) 491.960ms
[2020-04-25T17:58:35.492+0300][380.363s][2832][9312 ][info ][gc] GC(470) Pause Young (Allocation Failure) 454M->454M(494M) 1072.158ms
[2020-04-25T17:58:35.640+0300][380.512s][2832][9312 ][info ][gc] GC(472) Pause Initial Mark 454M->454M(494M) 148.926ms
[2020-04-25T17:58:35.640+0300][380.512s][2832][12468][info ][gc] GC(472) Concurrent Mark
[2020-04-25T17:58:36.401+0300][381.272s][2832][12468][debug][gc] GC(472) Concurrent active time: 0.148ms
[2020-04-25T17:58:36.401+0300][381.272s][2832][12468][info ][gc] GC(472) Concurrent Mark 760.445ms
[2020-04-25T17:58:36.401+0300][381.273s][2832][9312 ][debug][gc] GC(474) Concurrent mode failure
[2020-04-25T17:58:36.896+0300][381.767s][2832][9312 ][info ][gc] GC(474) Pause Full (Allocation Failure) 471M->454M(494M) 638.113ms
[2020-04-25T17:58:36.896+0300][381.767s][2832][9312 ][info ][gc] GC(473) Pause Young (Allocation Failure) 454M->454M(494M) 1250.575ms
[2020-04-25T17:58:38.048+0300][382.919s][2832][9312 ][info ][gc] GC(476) Pause Full (Allocation Failure) 471M->454M(494M) 497.125ms
[2020-04-25T17:58:38.048+0300][382.919s][2832][9312 ][info ][gc] GC(475) Pause Young (Allocation Failure) 454M->454M(494M) 1146.578ms
[2020-04-25T17:58:38.197+0300][383.068s][2832][9312 ][info ][gc] GC(477) Pause Initial Mark 454M->454M(494M) 149.301ms
[2020-04-25T17:58:38.197+0300][383.068s][2832][12468][info ][gc] GC(477) Concurrent Mark
[2020-04-25T17:58:38.959+0300][383.830s][2832][12468][debug][gc] GC(477) Concurrent active time: 0.154ms
[2020-04-25T17:58:38.959+0300][383.830s][2832][12468][info ][gc] GC(477) Concurrent Mark 761.479ms
[2020-04-25T17:58:38.959+0300][383.830s][2832][9312 ][debug][gc] GC(479) Concurrent mode failure
[2020-04-25T17:58:39.453+0300][384.325s][2832][9312 ][info ][gc] GC(479) Pause Full (Allocation Failure) 471M->454M(494M) 644.968ms
[2020-04-25T17:58:39.454+0300][384.325s][2832][9312 ][info ][gc] GC(478) Pause Young (Allocation Failure) 454M->454M(494M) 1252.168ms
[2020-04-25T17:58:40.574+0300][385.445s][2832][9312 ][info ][gc] GC(481) Pause Full (Allocation Failure) 471M->454M(494M) 491.380ms
[2020-04-25T17:58:40.574+0300][385.445s][2832][9312 ][info ][gc] GC(480) Pause Young (Allocation Failure) 454M->454M(494M) 1115.648ms
[2020-04-25T17:58:40.723+0300][385.594s][2832][9312 ][info ][gc] GC(482) Pause Initial Mark 454M->454M(494M) 148.585ms
[2020-04-25T17:58:40.723+0300][385.594s][2832][12468][info ][gc] GC(482) Concurrent Mark
[2020-04-25T17:58:41.472+0300][386.343s][2832][12468][debug][gc] GC(482) Concurrent active time: 0.147ms
[2020-04-25T17:58:41.472+0300][386.343s][2832][12468][info ][gc] GC(482) Concurrent Mark 749.201ms
[2020-04-25T17:58:41.472+0300][386.343s][2832][9312 ][debug][gc] GC(484) Concurrent mode failure
[2020-04-25T17:58:41.964+0300][386.835s][2832][9312 ][info ][gc] GC(484) Pause Full (Allocation Failure) 471M->454M(494M) 634.949ms
[2020-04-25T17:58:41.964+0300][386.835s][2832][9312 ][info ][gc] GC(483) Pause Young (Allocation Failure) 454M->454M(494M) 1237.046ms
[2020-04-25T17:58:43.069+0300][387.940s][2832][9312 ][info ][gc] GC(486) Pause Full (Allocation Failure) 471M->454M(494M) 495.671ms
[2020-04-25T17:58:43.069+0300][387.940s][2832][9312 ][info ][gc] GC(485) Pause Young (Allocation Failure) 454M->454M(494M) 1100.644ms
[2020-04-25T17:58:43.223+0300][388.094s][2832][9312 ][info ][gc] GC(487) Pause Initial Mark 454M->454M(494M) 153.556ms
[2020-04-25T17:58:43.223+0300][388.094s][2832][12468][info ][gc] GC(487) Concurrent Mark
[2020-04-25T17:58:43.991+0300][388.862s][2832][12468][debug][gc] GC(487) Concurrent active time: 0.159ms
[2020-04-25T17:58:43.991+0300][388.862s][2832][12468][info ][gc] GC(487) Concurrent Mark 768.314ms
[2020-04-25T17:58:43.991+0300][388.862s][2832][9312 ][debug][gc] GC(489) Concurrent mode failure
[2020-04-25T17:58:44.490+0300][389.361s][2832][9312 ][info ][gc] GC(489) Pause Full (Allocation Failure) 471M->454M(494M) 653.444ms
[2020-04-25T17:58:44.490+0300][389.361s][2832][9312 ][info ][gc] GC(488) Pause Young (Allocation Failure) 454M->454M(494M) 1262.358ms
[2020-04-25T17:58:45.578+0300][390.449s][2832][9312 ][info ][gc] GC(491) Pause Full (Allocation Failure) 471M->454M(494M) 493.416ms
[2020-04-25T17:58:45.578+0300][390.450s][2832][9312 ][info ][gc] GC(490) Pause Young (Allocation Failure) 454M->454M(494M) 1084.986ms
[2020-04-25T17:58:45.730+0300][390.601s][2832][9312 ][info ][gc] GC(492) Pause Initial Mark 454M->454M(494M) 151.346ms
[2020-04-25T17:58:45.730+0300][390.601s][2832][12468][info ][gc] GC(492) Concurrent Mark
[2020-04-25T17:58:46.489+0300][391.360s][2832][12468][debug][gc] GC(492) Concurrent active time: 0.155ms
[2020-04-25T17:58:46.489+0300][391.360s][2832][12468][info ][gc] GC(492) Concurrent Mark 759.156ms
[2020-04-25T17:58:46.489+0300][391.360s][2832][9312 ][debug][gc] GC(494) Concurrent mode failure
[2020-04-25T17:58:46.983+0300][391.855s][2832][9312 ][info ][gc] GC(494) Pause Full (Allocation Failure) 471M->454M(494M) 645.061ms
[2020-04-25T17:58:46.983+0300][391.855s][2832][9312 ][info ][gc] GC(493) Pause Young (Allocation Failure) 454M->454M(494M) 1249.460ms
[2020-04-25T17:58:48.090+0300][392.962s][2832][9312 ][info ][gc] GC(496) Pause Full (Allocation Failure) 471M->454M(494M) 497.560ms
[2020-04-25T17:58:48.090+0300][392.962s][2832][9312 ][info ][gc] GC(495) Pause Young (Allocation Failure) 454M->454M(494M) 1103.505ms
[2020-04-25T17:58:48.244+0300][393.115s][2832][9312 ][info ][gc] GC(497) Pause Initial Mark 454M->454M(494M) 152.851ms
[2020-04-25T17:58:48.244+0300][393.115s][2832][12468][info ][gc] GC(497) Concurrent Mark
[2020-04-25T17:58:49.028+0300][393.898s][2832][12468][debug][gc] GC(497) Concurrent active time: 0.153ms
[2020-04-25T17:58:49.028+0300][393.899s][2832][12468][info ][gc] GC(497) Concurrent Mark 783.720ms
[2020-04-25T17:58:49.028+0300][393.899s][2832][9312 ][debug][gc] GC(499) Concurrent mode failure
[2020-04-25T17:58:49.518+0300][394.389s][2832][9312 ][info ][gc] GC(499) Pause Full (Allocation Failure) 471M->454M(494M) 639.940ms
[2020-04-25T17:58:49.518+0300][394.389s][2832][9312 ][info ][gc] GC(498) Pause Young (Allocation Failure) 454M->454M(494M) 1270.997ms
[2020-04-25T17:58:50.611+0300][395.483s][2832][9312 ][info ][gc] GC(501) Pause Full (Allocation Failure) 471M->454M(494M) 503.143ms
[2020-04-25T17:58:50.611+0300][395.483s][2832][9312 ][info ][gc] GC(500) Pause Young (Allocation Failure) 454M->454M(494M) 1089.732ms
[2020-04-25T17:58:50.762+0300][395.633s][2832][9312 ][info ][gc] GC(502) Pause Initial Mark 454M->454M(494M) 150.174ms
[2020-04-25T17:58:50.762+0300][395.633s][2832][12468][info ][gc] GC(502) Concurrent Mark
[2020-04-25T17:58:51.526+0300][396.398s][2832][12468][debug][gc] GC(502) Concurrent active time: 0.155ms
[2020-04-25T17:58:51.527+0300][396.398s][2832][12468][info ][gc] GC(502) Concurrent Mark 764.712ms
[2020-04-25T17:58:51.527+0300][396.398s][2832][9312 ][debug][gc] GC(504) Concurrent mode failure
[2020-04-25T17:58:52.027+0300][396.898s][2832][9312 ][info ][gc] GC(504) Pause Full (Allocation Failure) 471M->454M(494M) 653.057ms
[2020-04-25T17:58:52.027+0300][396.898s][2832][9312 ][info ][gc] GC(503) Pause Young (Allocation Failure) 454M->454M(494M) 1262.050ms
[2020-04-25T17:58:53.125+0300][397.996s][2832][9312 ][info ][gc] GC(506) Pause Full (Allocation Failure) 471M->454M(494M) 494.202ms
[2020-04-25T17:58:53.125+0300][397.996s][2832][9312 ][info ][gc] GC(505) Pause Young (Allocation Failure) 454M->454M(494M) 1094.604ms
[2020-04-25T17:58:53.274+0300][398.146s][2832][9312 ][info ][gc] GC(507) Pause Initial Mark 454M->454M(494M) 149.136ms
[2020-04-25T17:58:53.274+0300][398.146s][2832][12468][info ][gc] GC(507) Concurrent Mark
[2020-04-25T17:58:54.046+0300][398.917s][2832][12468][debug][gc] GC(507) Concurrent active time: 0.157ms
[2020-04-25T17:58:54.046+0300][398.917s][2832][12468][info ][gc] GC(507) Concurrent Mark 771.317ms
[2020-04-25T17:58:54.046+0300][398.917s][2832][9312 ][debug][gc] GC(509) Concurrent mode failure
[2020-04-25T17:58:54.537+0300][399.408s][2832][9312 ][info ][gc] GC(509) Pause Full (Allocation Failure) 471M->454M(494M) 644.893ms
[2020-04-25T17:58:54.537+0300][399.408s][2832][9312 ][info ][gc] GC(508) Pause Young (Allocation Failure) 454M->454M(494M) 1259.515ms
[2020-04-25T17:58:55.658+0300][400.529s][2832][9312 ][info ][gc] GC(511) Pause Full (Allocation Failure) 471M->454M(494M) 497.804ms
[2020-04-25T17:58:55.658+0300][400.529s][2832][9312 ][info ][gc] GC(510) Pause Young (Allocation Failure) 454M->454M(494M) 1117.733ms
[2020-04-25T17:58:55.807+0300][400.679s][2832][9312 ][info ][gc] GC(512) Pause Initial Mark 454M->454M(494M) 149.375ms
[2020-04-25T17:58:55.807+0300][400.679s][2832][12468][info ][gc] GC(512) Concurrent Mark
[2020-04-25T17:58:56.599+0300][401.470s][2832][12468][debug][gc] GC(512) Concurrent active time: 0.188ms
[2020-04-25T17:58:56.599+0300][401.470s][2832][12468][info ][gc] GC(512) Concurrent Mark 791.362ms
[2020-04-25T17:58:56.599+0300][401.470s][2832][9312 ][debug][gc] GC(514) Concurrent mode failure
[2020-04-25T17:58:57.120+0300][401.991s][2832][9312 ][info ][gc] GC(514) Pause Full (Allocation Failure) 471M->454M(494M) 706.067ms
[2020-04-25T17:58:57.120+0300][401.991s][2832][9312 ][info ][gc] GC(513) Pause Young (Allocation Failure) 454M->454M(494M) 1309.364ms
[2020-04-25T17:58:58.298+0300][403.169s][2832][9312 ][info ][gc] GC(516) Pause Full (Allocation Failure) 471M->454M(494M) 522.880ms
[2020-04-25T17:58:58.298+0300][403.169s][2832][9312 ][info ][gc] GC(515) Pause Young (Allocation Failure) 454M->454M(494M) 1175.194ms
[2020-04-25T17:58:58.458+0300][403.329s][2832][9312 ][info ][gc] GC(517) Pause Initial Mark 454M->454M(494M) 160.341ms
[2020-04-25T17:58:58.458+0300][403.329s][2832][12468][info ][gc] GC(517) Concurrent Mark
[2020-04-25T17:58:59.248+0300][404.120s][2832][12468][debug][gc] GC(517) Concurrent active time: 0.145ms
[2020-04-25T17:58:59.248+0300][404.120s][2832][12468][info ][gc] GC(517) Concurrent Mark 790.415ms
[2020-04-25T17:58:59.248+0300][404.120s][2832][9312 ][debug][gc] GC(519) Concurrent mode failure
[2020-04-25T17:58:59.772+0300][404.644s][2832][9312 ][info ][gc] GC(519) Pause Full (Allocation Failure) 471M->454M(494M) 664.797ms
[2020-04-25T17:58:59.772+0300][404.644s][2832][9312 ][info ][gc] GC(518) Pause Young (Allocation Failure) 454M->454M(494M) 1310.563ms
[2020-04-25T17:59:00.830+0300][405.702s][2832][9312 ][info ][gc] GC(521) Pause Full (Allocation Failure) 471M->454M(494M) 499.598ms
[2020-04-25T17:59:00.830+0300][405.702s][2832][9312 ][info ][gc] GC(520) Pause Young (Allocation Failure) 454M->454M(494M) 1055.487ms
[2020-04-25T17:59:00.985+0300][405.855s][2832][9312 ][info ][gc] GC(522) Pause Initial Mark 454M->454M(494M) 153.518ms
[2020-04-25T17:59:00.985+0300][405.855s][2832][12468][info ][gc] GC(522) Concurrent Mark
[2020-04-25T17:59:01.751+0300][406.622s][2832][12468][debug][gc] GC(522) Concurrent active time: 0.149ms
[2020-04-25T17:59:01.751+0300][406.622s][2832][12468][info ][gc] GC(522) Concurrent Mark 766.702ms
[2020-04-25T17:59:01.751+0300][406.622s][2832][9312 ][debug][gc] GC(524) Concurrent mode failure
[2020-04-25T17:59:02.243+0300][407.115s][2832][9312 ][info ][gc] GC(524) Pause Full (Allocation Failure) 471M->454M(494M) 639.267ms
[2020-04-25T17:59:02.244+0300][407.115s][2832][9312 ][info ][gc] GC(523) Pause Young (Allocation Failure) 454M->454M(494M) 1256.730ms
[2020-04-25T17:59:03.294+0300][408.166s][2832][9312 ][info ][gc] GC(526) Pause Full (Allocation Failure) 471M->454M(494M) 492.558ms
[2020-04-25T17:59:03.294+0300][408.166s][2832][9312 ][info ][gc] GC(525) Pause Young (Allocation Failure) 454M->454M(494M) 1048.284ms
[2020-04-25T17:59:03.445+0300][408.316s][2832][9312 ][info ][gc] GC(527) Pause Initial Mark 454M->454M(494M) 150.145ms
[2020-04-25T17:59:03.445+0300][408.316s][2832][12468][info ][gc] GC(527) Concurrent Mark
[2020-04-25T17:59:04.224+0300][409.095s][2832][12468][debug][gc] GC(527) Concurrent active time: 0.148ms
[2020-04-25T17:59:04.224+0300][409.095s][2832][12468][info ][gc] GC(527) Concurrent Mark 779.196ms
[2020-04-25T17:59:04.224+0300][409.095s][2832][9312 ][debug][gc] GC(529) Concurrent mode failure
[2020-04-25T17:59:04.720+0300][409.591s][2832][9312 ][info ][gc] GC(529) Pause Full (Allocation Failure) 471M->454M(494M) 641.212ms
[2020-04-25T17:59:04.720+0300][409.591s][2832][9312 ][info ][gc] GC(528) Pause Young (Allocation Failure) 454M->454M(494M) 1272.720ms
[2020-04-25T17:59:05.847+0300][410.718s][2832][9312 ][info ][gc] GC(531) Pause Full (Allocation Failure) 471M->454M(494M) 493.911ms
[2020-04-25T17:59:05.847+0300][410.718s][2832][9312 ][info ][gc] GC(530) Pause Young (Allocation Failure) 454M->454M(494M) 1124.525ms
[2020-04-25T17:59:05.997+0300][410.868s][2832][9312 ][info ][gc] GC(532) Pause Initial Mark 454M->454M(494M) 149.884ms
[2020-04-25T17:59:05.997+0300][410.868s][2832][12468][info ][gc] GC(532) Concurrent Mark
[2020-04-25T17:59:06.708+0300][411.580s][2832][12468][debug][gc] GC(532) Concurrent active time: 0.146ms
[2020-04-25T17:59:06.708+0300][411.580s][2832][12468][info ][gc] GC(532) Concurrent Mark 711.558ms
[2020-04-25T17:59:06.708+0300][411.580s][2832][9312 ][debug][gc] GC(534) Concurrent mode failure
[2020-04-25T17:59:07.207+0300][412.078s][2832][9312 ][info ][gc] GC(534) Pause Full (Allocation Failure) 471M->454M(494M) 642.870ms
[2020-04-25T17:59:07.207+0300][412.078s][2832][9312 ][info ][gc] GC(533) Pause Young (Allocation Failure) 454M->454M(494M) 1207.926ms
[2020-04-25T17:59:08.299+0300][413.171s][2832][9312 ][info ][gc] GC(536) Pause Full (Allocation Failure) 471M->454M(494M) 492.636ms
[2020-04-25T17:59:08.299+0300][413.171s][2832][9312 ][info ][gc] GC(535) Pause Young (Allocation Failure) 454M->454M(494M) 1089.814ms
[2020-04-25T17:59:08.449+0300][413.320s][2832][9312 ][info ][gc] GC(537) Pause Initial Mark 454M->454M(494M) 149.539ms
[2020-04-25T17:59:08.449+0300][413.320s][2832][12468][info ][gc] GC(537) Concurrent Mark
[2020-04-25T17:59:09.172+0300][414.043s][2832][12468][debug][gc] GC(537) Concurrent active time: 0.151ms
[2020-04-25T17:59:09.172+0300][414.043s][2832][12468][info ][gc] GC(537) Concurrent Mark 722.484ms
[2020-04-25T17:59:09.172+0300][414.043s][2832][9312 ][debug][gc] GC(539) Concurrent mode failure
[2020-04-25T17:59:09.672+0300][414.544s][2832][9312 ][info ][gc] GC(539) Pause Full (Allocation Failure) 471M->454M(494M) 650.206ms
[2020-04-25T17:59:09.672+0300][414.544s][2832][9312 ][info ][gc] GC(538) Pause Young (Allocation Failure) 454M->454M(494M) 1221.148ms
[2020-04-25T17:59:10.736+0300][415.607s][2832][9312 ][info ][gc] GC(541) Pause Full (Allocation Failure) 471M->454M(494M) 494.147ms
[2020-04-25T17:59:10.736+0300][415.607s][2832][9312 ][info ][gc] GC(540) Pause Young (Allocation Failure) 454M->454M(494M) 1060.862ms
[2020-04-25T17:59:10.886+0300][415.757s][2832][9312 ][info ][gc] GC(542) Pause Initial Mark 454M->454M(494M) 150.084ms
[2020-04-25T17:59:10.886+0300][415.757s][2832][12468][info ][gc] GC(542) Concurrent Mark
[2020-04-25T17:59:11.653+0300][416.524s][2832][12468][debug][gc] GC(542) Concurrent active time: 0.154ms
[2020-04-25T17:59:11.653+0300][416.524s][2832][12468][info ][gc] GC(542) Concurrent Mark 767.116ms
[2020-04-25T17:59:11.653+0300][416.524s][2832][9312 ][debug][gc] GC(544) Concurrent mode failure
[2020-04-25T17:59:12.149+0300][417.020s][2832][9312 ][info ][gc] GC(544) Pause Full (Allocation Failure) 471M->454M(494M) 647.351ms
[2020-04-25T17:59:12.149+0300][417.020s][2832][9312 ][info ][gc] GC(543) Pause Young (Allocation Failure) 454M->454M(494M) 1260.502ms
[2020-04-25T17:59:13.262+0300][418.133s][2832][9312 ][info ][gc] GC(546) Pause Full (Allocation Failure) 471M->454M(494M) 493.986ms
[2020-04-25T17:59:13.262+0300][418.133s][2832][9312 ][info ][gc] GC(545) Pause Young (Allocation Failure) 454M->454M(494M) 1111.143ms
[2020-04-25T17:59:13.414+0300][418.285s][2832][9312 ][info ][gc] GC(547) Pause Initial Mark 454M->454M(494M) 152.410ms
[2020-04-25T17:59:13.414+0300][418.285s][2832][12468][info ][gc] GC(547) Concurrent Mark
[2020-04-25T17:59:14.164+0300][419.036s][2832][12468][debug][gc] GC(547) Concurrent active time: 0.147ms
[2020-04-25T17:59:14.164+0300][419.036s][2832][12468][info ][gc] GC(547) Concurrent Mark 750.532ms
[2020-04-25T17:59:14.164+0300][419.036s][2832][9312 ][debug][gc] GC(549) Concurrent mode failure
[2020-04-25T17:59:14.662+0300][419.533s][2832][9312 ][info ][gc] GC(549) Pause Full (Allocation Failure) 471M->454M(494M) 642.936ms
[2020-04-25T17:59:14.662+0300][419.533s][2832][9312 ][info ][gc] GC(548) Pause Young (Allocation Failure) 454M->454M(494M) 1245.932ms
[2020-04-25T17:59:15.799+0300][420.670s][2832][9312 ][info ][gc] GC(551) Pause Full (Allocation Failure) 471M->454M(494M) 492.446ms
[2020-04-25T17:59:15.799+0300][420.670s][2832][9312 ][info ][gc] GC(550) Pause Young (Allocation Failure) 454M->454M(494M) 1135.110ms
[2020-04-25T17:59:15.980+0300][420.851s][2832][9312 ][info ][gc] GC(552) Pause Initial Mark 454M->454M(494M) 180.441ms
[2020-04-25T17:59:15.980+0300][420.851s][2832][12468][info ][gc] GC(552) Concurrent Mark
[2020-04-25T17:59:16.763+0300][421.634s][2832][12468][debug][gc] GC(552) Concurrent active time: 0.147ms
[2020-04-25T17:59:16.763+0300][421.634s][2832][12468][info ][gc] GC(552) Concurrent Mark 783.115ms
[2020-04-25T17:59:16.763+0300][421.634s][2832][9312 ][debug][gc] GC(554) Concurrent mode failure
[2020-04-25T17:59:17.257+0300][422.128s][2832][9312 ][info ][gc] GC(554) Pause Full (Allocation Failure) 471M->454M(494M) 638.795ms
[2020-04-25T17:59:17.257+0300][422.128s][2832][9312 ][info ][gc] GC(553) Pause Young (Allocation Failure) 454M->454M(494M) 1275.181ms
[2020-04-25T17:59:18.385+0300][423.257s][2832][9312 ][info ][gc] GC(556) Pause Full (Allocation Failure) 471M->454M(494M) 498.612ms
[2020-04-25T17:59:18.385+0300][423.257s][2832][9312 ][info ][gc] GC(555) Pause Young (Allocation Failure) 454M->454M(494M) 1126.483ms
[2020-04-25T17:59:18.537+0300][423.408s][2832][9312 ][info ][gc] GC(557) Pause Initial Mark 454M->454M(494M) 150.574ms
[2020-04-25T17:59:18.537+0300][423.408s][2832][12468][info ][gc] GC(557) Concurrent Mark
[2020-04-25T17:59:19.324+0300][424.195s][2832][12468][debug][gc] GC(557) Concurrent active time: 0.146ms
[2020-04-25T17:59:19.324+0300][424.195s][2832][12468][info ][gc] GC(557) Concurrent Mark 787.341ms
[2020-04-25T17:59:19.324+0300][424.195s][2832][9312 ][debug][gc] GC(559) Concurrent mode failure
[2020-04-25T17:59:19.817+0300][424.689s][2832][9312 ][info ][gc] GC(559) Pause Full (Allocation Failure) 471M->454M(494M) 638.102ms
[2020-04-25T17:59:19.817+0300][424.689s][2832][9312 ][info ][gc] GC(558) Pause Young (Allocation Failure) 454M->454M(494M) 1279.377ms
[2020-04-25T17:59:20.906+0300][425.778s][2832][9312 ][info ][gc] GC(561) Pause Full (Allocation Failure) 471M->454M(494M) 495.539ms
[2020-04-25T17:59:20.906+0300][425.778s][2832][9312 ][info ][gc] GC(560) Pause Young (Allocation Failure) 454M->454M(494M) 1087.198ms
[2020-04-25T17:59:21.088+0300][425.959s][2832][9312 ][info ][gc] GC(562) Pause Initial Mark 454M->454M(494M) 180.776ms
[2020-04-25T17:59:21.088+0300][425.959s][2832][12468][info ][gc] GC(562) Concurrent Mark
[2020-04-25T17:59:21.857+0300][426.728s][2832][12468][debug][gc] GC(562) Concurrent active time: 0.149ms
[2020-04-25T17:59:21.857+0300][426.728s][2832][12468][info ][gc] GC(562) Concurrent Mark 769.118ms
[2020-04-25T17:59:21.857+0300][426.728s][2832][9312 ][debug][gc] GC(564) Concurrent mode failure
[2020-04-25T17:59:22.354+0300][427.225s][2832][9312 ][info ][gc] GC(564) Pause Full (Allocation Failure) 471M->454M(494M) 644.359ms
[2020-04-25T17:59:22.354+0300][427.225s][2832][9312 ][info ][gc] GC(563) Pause Young (Allocation Failure) 454M->454M(494M) 1264.524ms
[2020-04-25T17:59:23.436+0300][428.307s][2832][9312 ][info ][gc] GC(566) Pause Full (Allocation Failure) 471M->454M(494M) 493.468ms
[2020-04-25T17:59:23.436+0300][428.307s][2832][9312 ][info ][gc] GC(565) Pause Young (Allocation Failure) 454M->454M(494M) 1080.090ms
[2020-04-25T17:59:23.589+0300][428.460s][2832][9312 ][info ][gc] GC(567) Pause Initial Mark 454M->454M(494M) 153.234ms
[2020-04-25T17:59:23.589+0300][428.461s][2832][12468][info ][gc] GC(567) Concurrent Mark
[2020-04-25T17:59:24.289+0300][429.160s][2832][12468][debug][gc] GC(567) Concurrent active time: 0.148ms
[2020-04-25T17:59:24.289+0300][429.160s][2832][12468][info ][gc] GC(567) Concurrent Mark 699.747ms
[2020-04-25T17:59:24.289+0300][429.160s][2832][9312 ][debug][gc] GC(569) Concurrent mode failure
[2020-04-25T17:59:24.784+0300][429.655s][2832][9312 ][info ][gc] GC(569) Pause Full (Allocation Failure) 471M->454M(494M) 640.791ms
[2020-04-25T17:59:24.784+0300][429.655s][2832][9312 ][info ][gc] GC(568) Pause Young (Allocation Failure) 454M->454M(494M) 1192.953ms
[2020-04-25T17:59:25.890+0300][430.762s][2832][9312 ][info ][gc] GC(571) Pause Full (Allocation Failure) 471M->454M(494M) 494.981ms
[2020-04-25T17:59:25.890+0300][430.762s][2832][9312 ][info ][gc] GC(570) Pause Young (Allocation Failure) 454M->454M(494M) 1105.105ms
[2020-04-25T17:59:26.041+0300][430.912s][2832][9312 ][info ][gc] GC(572) Pause Initial Mark 454M->454M(494M) 149.472ms
[2020-04-25T17:59:26.041+0300][430.912s][2832][12468][info ][gc] GC(572) Concurrent Mark
[2020-04-25T17:59:26.799+0300][431.670s][2832][12468][debug][gc] GC(572) Concurrent active time: 0.147ms
[2020-04-25T17:59:26.799+0300][431.670s][2832][12468][info ][gc] GC(572) Concurrent Mark 758.024ms
[2020-04-25T17:59:26.799+0300][431.670s][2832][9312 ][debug][gc] GC(574) Concurrent mode failure
[2020-04-25T17:59:27.296+0300][432.168s][2832][9312 ][info ][gc] GC(574) Pause Full (Allocation Failure) 471M->454M(494M) 643.251ms
[2020-04-25T17:59:27.296+0300][432.168s][2832][9312 ][info ][gc] GC(573) Pause Young (Allocation Failure) 454M->454M(494M) 1254.573ms
[2020-04-25T17:59:28.417+0300][433.288s][2832][9312 ][info ][gc] GC(576) Pause Full (Allocation Failure) 471M->454M(494M) 495.031ms
[2020-04-25T17:59:28.417+0300][433.288s][2832][9312 ][info ][gc] GC(575) Pause Young (Allocation Failure) 454M->454M(494M) 1118.610ms
[2020-04-25T17:59:28.570+0300][433.441s][2832][9312 ][info ][gc] GC(577) Pause Initial Mark 454M->454M(494M) 152.389ms
[2020-04-25T17:59:28.570+0300][433.441s][2832][12468][info ][gc] GC(577) Concurrent Mark
[2020-04-25T17:59:29.302+0300][434.173s][2832][12468][debug][gc] GC(577) Concurrent active time: 0.145ms
[2020-04-25T17:59:29.302+0300][434.173s][2832][12468][info ][gc] GC(577) Concurrent Mark 732.174ms
[2020-04-25T17:59:29.302+0300][434.173s][2832][9312 ][debug][gc] GC(579) Concurrent mode failure
[2020-04-25T17:59:29.795+0300][434.666s][2832][9312 ][info ][gc] GC(579) Pause Full (Allocation Failure) 471M->454M(494M) 636.735ms
[2020-04-25T17:59:29.795+0300][434.666s][2832][9312 ][info ][gc] GC(578) Pause Young (Allocation Failure) 454M->454M(494M) 1223.406ms
[2020-04-25T17:59:30.901+0300][435.772s][2832][9312 ][info ][gc] GC(581) Pause Full (Allocation Failure) 471M->454M(494M) 494.523ms
[2020-04-25T17:59:30.901+0300][435.772s][2832][9312 ][info ][gc] GC(580) Pause Young (Allocation Failure) 454M->454M(494M) 1105.177ms
[2020-04-25T17:59:31.053+0300][435.925s][2832][9312 ][info ][gc] GC(582) Pause Initial Mark 454M->454M(494M) 152.262ms
[2020-04-25T17:59:31.053+0300][435.925s][2832][12468][info ][gc] GC(582) Concurrent Mark
[2020-04-25T17:59:31.848+0300][436.719s][2832][12468][debug][gc] GC(582) Concurrent active time: 0.149ms
[2020-04-25T17:59:31.848+0300][436.719s][2832][12468][info ][gc] GC(582) Concurrent Mark 794.722ms
[2020-04-25T17:59:31.848+0300][436.719s][2832][9312 ][debug][gc] GC(584) Concurrent mode failure
[2020-04-25T17:59:32.347+0300][437.218s][2832][9312 ][info ][gc] GC(584) Pause Full (Allocation Failure) 471M->454M(494M) 646.585ms
[2020-04-25T17:59:32.347+0300][437.218s][2832][9312 ][info ][gc] GC(583) Pause Young (Allocation Failure) 454M->454M(494M) 1291.969ms
[2020-04-25T17:59:33.403+0300][438.274s][2832][9312 ][info ][gc] GC(586) Pause Full (Allocation Failure) 471M->454M(494M) 494.134ms
[2020-04-25T17:59:33.403+0300][438.274s][2832][9312 ][info ][gc] GC(585) Pause Young (Allocation Failure) 454M->454M(494M) 1054.623ms
[2020-04-25T17:59:33.555+0300][438.426s][2832][9312 ][info ][gc] GC(587) Pause Initial Mark 454M->454M(494M) 151.382ms
[2020-04-25T17:59:33.555+0300][438.426s][2832][12468][info ][gc] GC(587) Concurrent Mark
[2020-04-25T17:59:34.310+0300][439.181s][2832][12468][debug][gc] GC(587) Concurrent active time: 0.146ms
[2020-04-25T17:59:34.310+0300][439.181s][2832][12468][info ][gc] GC(587) Concurrent Mark 754.961ms
[2020-04-25T17:59:34.310+0300][439.181s][2832][9312 ][debug][gc] GC(589) Concurrent mode failure
[2020-04-25T17:59:34.809+0300][439.681s][2832][9312 ][info ][gc] GC(589) Pause Full (Allocation Failure) 471M->454M(494M) 645.127ms
[2020-04-25T17:59:34.809+0300][439.681s][2832][9312 ][info ][gc] GC(588) Pause Young (Allocation Failure) 454M->454M(494M) 1253.711ms
[2020-04-25T17:59:35.882+0300][440.753s][2832][9312 ][info ][gc] GC(591) Pause Full (Allocation Failure) 471M->454M(494M) 493.144ms
[2020-04-25T17:59:35.882+0300][440.753s][2832][9312 ][info ][gc] GC(590) Pause Young (Allocation Failure) 454M->454M(494M) 1070.822ms
[2020-04-25T17:59:36.033+0300][440.905s][2832][9312 ][info ][gc] GC(592) Pause Initial Mark 454M->454M(494M) 151.119ms
[2020-04-25T17:59:36.033+0300][440.905s][2832][12468][info ][gc] GC(592) Concurrent Mark
[2020-04-25T17:59:36.829+0300][441.700s][2832][12468][debug][gc] GC(592) Concurrent active time: 0.147ms
[2020-04-25T17:59:36.829+0300][441.700s][2832][12468][info ][gc] GC(592) Concurrent Mark 795.736ms
[2020-04-25T17:59:36.829+0300][441.700s][2832][9312 ][debug][gc] GC(594) Concurrent mode failure
[2020-04-25T17:59:37.350+0300][442.221s][2832][9312 ][info ][gc] GC(594) Pause Full (Allocation Failure) 471M->454M(494M) 666.976ms
[2020-04-25T17:59:37.350+0300][442.222s][2832][9312 ][info ][gc] GC(593) Pause Young (Allocation Failure) 454M->454M(494M) 1315.566ms
[2020-04-25T17:59:38.431+0300][443.302s][2832][9312 ][info ][gc] GC(596) Pause Full (Allocation Failure) 471M->454M(494M) 499.215ms
[2020-04-25T17:59:38.431+0300][443.302s][2832][9312 ][info ][gc] GC(595) Pause Young (Allocation Failure) 454M->454M(494M) 1079.008ms
[2020-04-25T17:59:38.617+0300][443.488s][2832][9312 ][info ][gc] GC(597) Pause Initial Mark 454M->454M(494M) 185.728ms
[2020-04-25T17:59:38.617+0300][443.488s][2832][12468][info ][gc] GC(597) Concurrent Mark
[2020-04-25T17:59:39.410+0300][444.281s][2832][12468][debug][gc] GC(597) Concurrent active time: 0.151ms
[2020-04-25T17:59:39.410+0300][444.281s][2832][12468][info ][gc] GC(597) Concurrent Mark 793.130ms
[2020-04-25T17:59:39.410+0300][444.281s][2832][9312 ][debug][gc] GC(599) Concurrent mode failure
[2020-04-25T17:59:39.911+0300][444.782s][2832][9312 ][info ][gc] GC(599) Pause Full (Allocation Failure) 471M->454M(494M) 650.791ms
[2020-04-25T17:59:39.911+0300][444.782s][2832][9312 ][info ][gc] GC(598) Pause Young (Allocation Failure) 454M->454M(494M) 1292.885ms
[2020-04-25T17:59:41.030+0300][445.901s][2832][9312 ][info ][gc] GC(601) Pause Full (Allocation Failure) 471M->454M(494M) 507.803ms
[2020-04-25T17:59:41.030+0300][445.901s][2832][9312 ][info ][gc] GC(600) Pause Young (Allocation Failure) 454M->454M(494M) 1117.127ms
[2020-04-25T17:59:41.185+0300][446.056s][2832][9312 ][info ][gc] GC(602) Pause Initial Mark 454M->454M(494M) 155.466ms
[2020-04-25T17:59:41.185+0300][446.056s][2832][12468][info ][gc] GC(602) Concurrent Mark
[2020-04-25T17:59:41.947+0300][446.818s][2832][12468][debug][gc] GC(602) Concurrent active time: 0.150ms
[2020-04-25T17:59:41.947+0300][446.818s][2832][12468][info ][gc] GC(602) Concurrent Mark 761.657ms
[2020-04-25T17:59:41.947+0300][446.818s][2832][9312 ][debug][gc] GC(604) Concurrent mode failure
[2020-04-25T17:59:42.449+0300][447.320s][2832][9312 ][info ][gc] GC(604) Pause Full (Allocation Failure) 471M->454M(494M) 651.294ms
[2020-04-25T17:59:42.449+0300][447.320s][2832][9312 ][info ][gc] GC(603) Pause Young (Allocation Failure) 454M->454M(494M) 1262.681ms
[2020-04-25T17:59:43.579+0300][448.450s][2832][9312 ][info ][gc] GC(606) Pause Full (Allocation Failure) 471M->454M(494M) 499.270ms
[2020-04-25T17:59:43.579+0300][448.450s][2832][9312 ][info ][gc] GC(605) Pause Young (Allocation Failure) 454M->454M(494M) 1128.745ms
[2020-04-25T17:59:43.730+0300][448.602s][2832][9312 ][info ][gc] GC(607) Pause Initial Mark 454M->454M(494M) 151.484ms
[2020-04-25T17:59:43.730+0300][448.602s][2832][12468][info ][gc] GC(607) Concurrent Mark
[2020-04-25T17:59:44.477+0300][449.349s][2832][12468][debug][gc] GC(607) Concurrent active time: 0.151ms
[2020-04-25T17:59:44.477+0300][449.349s][2832][12468][info ][gc] GC(607) Concurrent Mark 747.159ms
[2020-04-25T17:59:44.477+0300][449.349s][2832][9312 ][debug][gc] GC(609) Concurrent mode failure
[2020-04-25T17:59:44.984+0300][449.855s][2832][9312 ][info ][gc] GC(609) Pause Full (Allocation Failure) 471M->454M(494M) 656.253ms
[2020-04-25T17:59:44.984+0300][449.855s][2832][9312 ][info ][gc] GC(608) Pause Young (Allocation Failure) 454M->454M(494M) 1252.311ms
[2020-04-25T17:59:46.076+0300][450.947s][2832][9312 ][info ][gc] GC(611) Pause Full (Allocation Failure) 471M->454M(494M) 499.282ms
[2020-04-25T17:59:46.076+0300][450.948s][2832][9312 ][info ][gc] GC(610) Pause Young (Allocation Failure) 454M->454M(494M) 1091.097ms
[2020-04-25T17:59:46.228+0300][451.099s][2832][9312 ][info ][gc] GC(612) Pause Initial Mark 454M->454M(494M) 150.938ms
[2020-04-25T17:59:46.228+0300][451.099s][2832][12468][info ][gc] GC(612) Concurrent Mark
[2020-04-25T17:59:46.997+0300][451.868s][2832][12468][debug][gc] GC(612) Concurrent active time: 0.157ms
[2020-04-25T17:59:46.997+0300][451.868s][2832][12468][info ][gc] GC(612) Concurrent Mark 769.400ms
[2020-04-25T17:59:46.997+0300][451.868s][2832][9312 ][debug][gc] GC(614) Concurrent mode failure
[2020-04-25T17:59:47.499+0300][452.371s][2832][9312 ][info ][gc] GC(614) Pause Full (Allocation Failure) 471M->454M(494M) 658.919ms
[2020-04-25T17:59:47.499+0300][452.371s][2832][9312 ][info ][gc] GC(613) Pause Young (Allocation Failure) 454M->454M(494M) 1271.095ms
[2020-04-25T17:59:48.644+0300][453.515s][2832][9312 ][info ][gc] GC(616) Pause Full (Allocation Failure) 471M->454M(494M) 499.317ms
[2020-04-25T17:59:48.644+0300][453.515s][2832][9312 ][info ][gc] GC(615) Pause Young (Allocation Failure) 454M->454M(494M) 1143.024ms
[2020-04-25T17:59:48.799+0300][453.670s][2832][9312 ][info ][gc] GC(617) Pause Initial Mark 454M->454M(494M) 154.721ms
[2020-04-25T17:59:48.799+0300][453.670s][2832][12468][info ][gc] GC(617) Concurrent Mark
[2020-04-25T17:59:49.612+0300][454.483s][2832][12468][debug][gc] GC(617) Concurrent active time: 0.166ms
[2020-04-25T17:59:49.612+0300][454.483s][2832][12468][info ][gc] GC(617) Concurrent Mark 812.708ms
[2020-04-25T17:59:49.612+0300][454.483s][2832][9312 ][debug][gc] GC(619) Concurrent mode failure
[2020-04-25T17:59:50.112+0300][454.983s][2832][9312 ][info ][gc] GC(619) Pause Full (Allocation Failure) 471M->454M(494M) 665.356ms
[2020-04-25T17:59:50.112+0300][454.983s][2832][9312 ][info ][gc] GC(618) Pause Young (Allocation Failure) 454M->454M(494M) 1312.339ms
[2020-04-25T17:59:51.240+0300][456.112s][2832][9312 ][info ][gc] GC(621) Pause Full (Allocation Failure) 471M->454M(494M) 499.599ms
[2020-04-25T17:59:51.240+0300][456.112s][2832][9312 ][info ][gc] GC(620) Pause Young (Allocation Failure) 454M->454M(494M) 1127.465ms
[2020-04-25T17:59:51.392+0300][456.263s][2832][9312 ][info ][gc] GC(622) Pause Initial Mark 454M->454M(494M) 150.798ms
[2020-04-25T17:59:51.392+0300][456.263s][2832][12468][info ][gc] GC(622) Concurrent Mark
[2020-04-25T17:59:52.173+0300][457.044s][2832][12468][debug][gc] GC(622) Concurrent active time: 0.148ms
[2020-04-25T17:59:52.173+0300][457.044s][2832][12468][info ][gc] GC(622) Concurrent Mark 781.021ms
[2020-04-25T17:59:52.173+0300][457.044s][2832][9312 ][debug][gc] GC(624) Concurrent mode failure
[2020-04-25T17:59:52.672+0300][457.542s][2832][9312 ][info ][gc] GC(624) Pause Full (Allocation Failure) 471M->454M(494M) 645.611ms
[2020-04-25T17:59:52.672+0300][457.542s][2832][9312 ][info ][gc] GC(623) Pause Young (Allocation Failure) 454M->454M(494M) 1278.303ms
[2020-04-25T17:59:53.777+0300][458.647s][2832][9312 ][info ][gc] GC(626) Pause Full (Allocation Failure) 471M->454M(494M) 497.992ms
[2020-04-25T17:59:53.777+0300][458.647s][2832][9312 ][info ][gc] GC(625) Pause Young (Allocation Failure) 454M->454M(494M) 1104.101ms
[2020-04-25T17:59:53.926+0300][458.797s][2832][9312 ][info ][gc] GC(627) Pause Initial Mark 454M->454M(494M) 149.680ms
[2020-04-25T17:59:53.926+0300][458.797s][2832][12468][info ][gc] GC(627) Concurrent Mark
[2020-04-25T17:59:54.703+0300][459.574s][2832][12468][debug][gc] GC(627) Concurrent active time: 0.147ms
[2020-04-25T17:59:54.703+0300][459.575s][2832][12468][info ][gc] GC(627) Concurrent Mark 777.149ms
[2020-04-25T17:59:54.703+0300][459.575s][2832][9312 ][debug][gc] GC(629) Concurrent mode failure
[2020-04-25T17:59:55.200+0300][460.071s][2832][9312 ][info ][gc] GC(629) Pause Full (Allocation Failure) 471M->454M(494M) 642.287ms
[2020-04-25T17:59:55.200+0300][460.071s][2832][9312 ][info ][gc] GC(628) Pause Young (Allocation Failure) 454M->454M(494M) 1272.563ms
[2020-04-25T17:59:56.330+0300][461.201s][2832][9312 ][info ][gc] GC(631) Pause Full (Allocation Failure) 471M->454M(494M) 501.244ms
[2020-04-25T17:59:56.331+0300][461.201s][2832][9312 ][info ][gc] GC(630) Pause Young (Allocation Failure) 454M->454M(494M) 1129.659ms
[2020-04-25T17:59:56.481+0300][461.353s][2832][9312 ][info ][gc] GC(632) Pause Initial Mark 454M->454M(494M) 151.061ms
[2020-04-25T17:59:56.481+0300][461.353s][2832][12468][info ][gc] GC(632) Concurrent Mark
[2020-04-25T17:59:57.276+0300][462.147s][2832][12468][debug][gc] GC(632) Concurrent active time: 0.154ms
[2020-04-25T17:59:57.276+0300][462.147s][2832][12468][info ][gc] GC(632) Concurrent Mark 794.214ms
[2020-04-25T17:59:57.276+0300][462.147s][2832][9312 ][debug][gc] GC(634) Concurrent mode failure
[2020-04-25T17:59:57.771+0300][462.642s][2832][9312 ][info ][gc] GC(634) Pause Full (Allocation Failure) 471M->454M(494M) 647.947ms
[2020-04-25T17:59:57.771+0300][462.642s][2832][9312 ][info ][gc] GC(633) Pause Young (Allocation Failure) 454M->454M(494M) 1288.170ms
[2020-04-25T17:59:58.925+0300][463.796s][2832][9312 ][info ][gc] GC(636) Pause Full (Allocation Failure) 471M->454M(494M) 508.393ms
[2020-04-25T17:59:58.925+0300][463.796s][2832][9312 ][info ][gc] GC(635) Pause Young (Allocation Failure) 454M->454M(494M) 1153.330ms
[2020-04-25T17:59:59.075+0300][463.947s][2832][9312 ][info ][gc] GC(637) Pause Initial Mark 454M->454M(494M) 150.723ms
[2020-04-25T17:59:59.076+0300][463.947s][2832][12468][info ][gc] GC(637) Concurrent Mark
[2020-04-25T17:59:59.824+0300][464.696s][2832][12468][debug][gc] GC(637) Concurrent active time: 0.149ms
[2020-04-25T17:59:59.825+0300][464.696s][2832][12468][info ][gc] GC(637) Concurrent Mark 748.919ms
[2020-04-25T17:59:59.825+0300][464.696s][2832][9312 ][debug][gc] GC(639) Concurrent mode failure
[2020-04-25T18:00:00.326+0300][465.198s][2832][9312 ][info ][gc] GC(639) Pause Full (Allocation Failure) 471M->454M(494M) 649.673ms
[2020-04-25T18:00:00.326+0300][465.198s][2832][9312 ][info ][gc] GC(638) Pause Young (Allocation Failure) 454M->454M(494M) 1249.594ms
[2020-04-25T18:00:01.423+0300][466.294s][2832][9312 ][info ][gc] GC(641) Pause Full (Allocation Failure) 471M->454M(494M) 496.766ms
[2020-04-25T18:00:01.423+0300][466.294s][2832][9312 ][info ][gc] GC(640) Pause Young (Allocation Failure) 454M->454M(494M) 1095.257ms
[2020-04-25T18:00:01.576+0300][466.447s][2832][9312 ][info ][gc] GC(642) Pause Initial Mark 454M->454M(494M) 152.563ms
[2020-04-25T18:00:01.576+0300][466.447s][2832][12468][info ][gc] GC(642) Concurrent Mark
[2020-04-25T18:00:02.368+0300][467.239s][2832][12468][debug][gc] GC(642) Concurrent active time: 0.148ms
[2020-04-25T18:00:02.368+0300][467.239s][2832][12468][info ][gc] GC(642) Concurrent Mark 792.186ms
[2020-04-25T18:00:02.368+0300][467.239s][2832][9312 ][debug][gc] GC(644) Concurrent mode failure
[2020-04-25T18:00:02.870+0300][467.741s][2832][9312 ][info ][gc] GC(644) Pause Full (Allocation Failure) 471M->454M(494M) 649.504ms
[2020-04-25T18:00:02.870+0300][467.741s][2832][9312 ][info ][gc] GC(643) Pause Young (Allocation Failure) 454M->454M(494M) 1293.715ms
[2020-04-25T18:00:04.006+0300][468.878s][2832][9312 ][info ][gc] GC(646) Pause Full (Allocation Failure) 471M->454M(494M) 497.522ms
[2020-04-25T18:00:04.006+0300][468.878s][2832][9312 ][info ][gc] GC(645) Pause Young (Allocation Failure) 454M->454M(494M) 1135.726ms
[2020-04-25T18:00:04.157+0300][469.028s][2832][9312 ][info ][gc] GC(647) Pause Initial Mark 454M->454M(494M) 149.995ms
[2020-04-25T18:00:04.157+0300][469.028s][2832][12468][info ][gc] GC(647) Concurrent Mark
[2020-04-25T18:00:04.923+0300][469.794s][2832][12468][debug][gc] GC(647) Concurrent active time: 0.155ms
[2020-04-25T18:00:04.923+0300][469.794s][2832][12468][info ][gc] GC(647) Concurrent Mark 765.616ms
[2020-04-25T18:00:04.923+0300][469.794s][2832][9312 ][debug][gc] GC(649) Concurrent mode failure
[2020-04-25T18:00:05.422+0300][470.294s][2832][9312 ][info ][gc] GC(649) Pause Full (Allocation Failure) 471M->454M(494M) 654.343ms
[2020-04-25T18:00:05.422+0300][470.294s][2832][9312 ][info ][gc] GC(648) Pause Young (Allocation Failure) 454M->454M(494M) 1264.970ms
[2020-04-25T18:00:06.490+0300][471.361s][2832][9312 ][info ][gc] GC(651) Pause Full (Allocation Failure) 471M->454M(494M) 507.861ms
[2020-04-25T18:00:06.490+0300][471.361s][2832][9312 ][info ][gc] GC(650) Pause Young (Allocation Failure) 454M->454M(494M) 1066.146ms
[2020-04-25T18:00:06.643+0300][471.514s][2832][9312 ][info ][gc] GC(652) Pause Initial Mark 454M->454M(494M) 153.496ms
[2020-04-25T18:00:06.643+0300][471.515s][2832][12468][info ][gc] GC(652) Concurrent Mark
[2020-04-25T18:00:07.401+0300][472.273s][2832][12468][debug][gc] GC(652) Concurrent active time: 0.146ms
[2020-04-25T18:00:07.401+0300][472.273s][2832][12468][info ][gc] GC(652) Concurrent Mark 758.269ms
[2020-04-25T18:00:07.401+0300][472.273s][2832][9312 ][debug][gc] GC(654) Concurrent mode failure
[2020-04-25T18:00:07.902+0300][472.773s][2832][9312 ][info ][gc] GC(654) Pause Full (Allocation Failure) 471M->454M(494M) 645.264ms
[2020-04-25T18:00:07.902+0300][472.773s][2832][9312 ][info ][gc] GC(653) Pause Young (Allocation Failure) 454M->454M(494M) 1257.297ms
[2020-04-25T18:00:09.025+0300][473.897s][2832][9312 ][info ][gc] GC(656) Pause Full (Allocation Failure) 471M->454M(494M) 495.460ms
[2020-04-25T18:00:09.026+0300][473.897s][2832][9312 ][info ][gc] GC(655) Pause Young (Allocation Failure) 454M->454M(494M) 1123.032ms
[2020-04-25T18:00:09.174+0300][474.046s][2832][9312 ][info ][gc] GC(657) Pause Initial Mark 454M->454M(494M) 148.938ms
[2020-04-25T18:00:09.174+0300][474.046s][2832][12468][info ][gc] GC(657) Concurrent Mark
[2020-04-25T18:00:09.947+0300][474.819s][2832][12468][debug][gc] GC(657) Concurrent active time: 0.145ms
[2020-04-25T18:00:09.947+0300][474.819s][2832][12468][info ][gc] GC(657) Concurrent Mark 772.885ms
[2020-04-25T18:00:09.947+0300][474.819s][2832][9312 ][debug][gc] GC(659) Concurrent mode failure
[2020-04-25T18:00:10.450+0300][475.321s][2832][9312 ][info ][gc] GC(659) Pause Full (Allocation Failure) 471M->454M(494M) 646.505ms
[2020-04-25T18:00:10.450+0300][475.321s][2832][9312 ][info ][gc] GC(658) Pause Young (Allocation Failure) 454M->454M(494M) 1274.243ms
[2020-04-25T18:00:11.555+0300][476.427s][2832][9312 ][info ][gc] GC(661) Pause Full (Allocation Failure) 471M->454M(494M) 494.898ms
[2020-04-25T18:00:11.556+0300][476.427s][2832][9312 ][info ][gc] GC(660) Pause Young (Allocation Failure) 454M->454M(494M) 1105.238ms
[2020-04-25T18:00:11.704+0300][476.574s][2832][9312 ][info ][gc] GC(662) Pause Initial Mark 454M->454M(494M) 147.336ms
[2020-04-25T18:00:11.704+0300][476.574s][2832][12468][info ][gc] GC(662) Concurrent Mark
[2020-04-25T18:00:12.500+0300][477.372s][2832][12468][debug][gc] GC(662) Concurrent active time: 0.153ms
[2020-04-25T18:00:12.500+0300][477.372s][2832][12468][info ][gc] GC(662) Concurrent Mark 797.106ms
[2020-04-25T18:00:12.500+0300][477.372s][2832][9312 ][debug][gc] GC(664) Concurrent mode failure
[2020-04-25T18:00:13.020+0300][477.892s][2832][9312 ][info ][gc] GC(664) Pause Full (Allocation Failure) 471M->454M(494M) 672.149ms
[2020-04-25T18:00:13.020+0300][477.892s][2832][9312 ][info ][gc] GC(663) Pause Young (Allocation Failure) 454M->454M(494M) 1316.418ms
[2020-04-25T18:00:14.126+0300][478.997s][2832][9312 ][info ][gc] GC(666) Pause Full (Allocation Failure) 471M->454M(494M) 500.543ms
[2020-04-25T18:00:14.126+0300][478.997s][2832][9312 ][info ][gc] GC(665) Pause Young (Allocation Failure) 454M->454M(494M) 1104.701ms
[2020-04-25T18:00:14.277+0300][479.148s][2832][9312 ][info ][gc] GC(667) Pause Initial Mark 454M->454M(494M) 150.311ms
[2020-04-25T18:00:14.277+0300][479.148s][2832][12468][info ][gc] GC(667) Concurrent Mark
[2020-04-25T18:00:14.992+0300][479.863s][2832][12468][debug][gc] GC(667) Concurrent active time: 0.157ms
[2020-04-25T18:00:14.992+0300][479.864s][2832][12468][info ][gc] GC(667) Concurrent Mark 715.851ms
[2020-04-25T18:00:14.992+0300][479.864s][2832][9312 ][debug][gc] GC(669) Concurrent mode failure
[2020-04-25T18:00:15.497+0300][480.369s][2832][9312 ][info ][gc] GC(669) Pause Full (Allocation Failure) 471M->454M(494M) 662.210ms
[2020-04-25T18:00:15.497+0300][480.369s][2832][9312 ][info ][gc] GC(668) Pause Young (Allocation Failure) 454M->454M(494M) 1220.769ms
[2020-04-25T18:00:16.623+0300][481.495s][2832][9312 ][info ][gc] GC(671) Pause Full (Allocation Failure) 471M->454M(494M) 485.824ms
[2020-04-25T18:00:16.623+0300][481.495s][2832][9312 ][info ][gc] GC(670) Pause Young (Allocation Failure) 454M->454M(494M) 1124.731ms
[2020-04-25T18:00:16.773+0300][481.644s][2832][9312 ][info ][gc] GC(672) Pause Initial Mark 454M->454M(494M) 149.322ms
[2020-04-25T18:00:16.773+0300][481.644s][2832][12468][info ][gc] GC(672) Concurrent Mark
[2020-04-25T18:00:17.521+0300][482.392s][2832][12468][debug][gc] GC(672) Concurrent active time: 0.144ms
[2020-04-25T18:00:17.521+0300][482.392s][2832][12468][info ][gc] GC(672) Concurrent Mark 748.087ms
[2020-04-25T18:00:17.521+0300][482.392s][2832][9312 ][debug][gc] GC(674) Concurrent mode failure
[2020-04-25T18:00:18.035+0300][482.906s][2832][9312 ][info ][gc] GC(674) Pause Full (Allocation Failure) 471M->454M(494M) 656.729ms
[2020-04-25T18:00:18.035+0300][482.906s][2832][9312 ][info ][gc] GC(673) Pause Young (Allocation Failure) 454M->454M(494M) 1260.697ms
[2020-04-25T18:00:19.158+0300][484.029s][2832][9312 ][info ][gc] GC(676) Pause Full (Allocation Failure) 471M->454M(494M) 495.437ms
[2020-04-25T18:00:19.158+0300][484.029s][2832][9312 ][info ][gc] GC(675) Pause Young (Allocation Failure) 454M->454M(494M) 1122.473ms
[2020-04-25T18:00:19.309+0300][484.180s][2832][9312 ][info ][gc] GC(677) Pause Initial Mark 454M->454M(494M) 151.301ms
[2020-04-25T18:00:19.309+0300][484.180s][2832][12468][info ][gc] GC(677) Concurrent Mark
[2020-04-25T18:00:20.084+0300][484.955s][2832][12468][debug][gc] GC(677) Concurrent active time: 0.164ms
[2020-04-25T18:00:20.084+0300][484.955s][2832][12468][info ][gc] GC(677) Concurrent Mark 774.830ms
[2020-04-25T18:00:20.084+0300][484.955s][2832][9312 ][debug][gc] GC(679) Concurrent mode failure
[2020-04-25T18:00:20.568+0300][485.439s][2832][9312 ][info ][gc] GC(679) Pause Full (Allocation Failure) 471M->454M(494M) 646.992ms
[2020-04-25T18:00:20.568+0300][485.439s][2832][9312 ][info ][gc] GC(678) Pause Young (Allocation Failure) 454M->454M(494M) 1258.010ms
[2020-04-25T18:00:21.663+0300][486.534s][2832][9312 ][info ][gc] GC(681) Pause Full (Allocation Failure) 471M->454M(494M) 485.692ms
[2020-04-25T18:00:21.663+0300][486.534s][2832][9312 ][info ][gc] GC(680) Pause Young (Allocation Failure) 454M->454M(494M) 1094.696ms
[2020-04-25T18:00:21.813+0300][486.684s][2832][9312 ][info ][gc] GC(682) Pause Initial Mark 454M->454M(494M) 149.644ms
[2020-04-25T18:00:21.813+0300][486.684s][2832][12468][info ][gc] GC(682) Concurrent Mark
[2020-04-25T18:00:22.599+0300][487.470s][2832][12468][debug][gc] GC(682) Concurrent active time: 0.144ms
[2020-04-25T18:00:22.599+0300][487.470s][2832][12468][info ][gc] GC(682) Concurrent Mark 785.671ms
[2020-04-25T18:00:22.599+0300][487.470s][2832][9312 ][debug][gc] GC(684) Concurrent mode failure
[2020-04-25T18:00:23.087+0300][487.959s][2832][9312 ][info ][gc] GC(684) Pause Full (Allocation Failure) 471M->454M(494M) 632.347ms
[2020-04-25T18:00:23.087+0300][487.959s][2832][9312 ][info ][gc] GC(683) Pause Young (Allocation Failure) 454M->454M(494M) 1273.915ms
[2020-04-25T18:00:24.210+0300][489.082s][2832][9312 ][info ][gc] GC(686) Pause Full (Allocation Failure) 471M->454M(494M) 497.171ms
[2020-04-25T18:00:24.210+0300][489.082s][2832][9312 ][info ][gc] GC(685) Pause Young (Allocation Failure) 454M->454M(494M) 1122.316ms
[2020-04-25T18:00:24.362+0300][489.233s][2832][9312 ][info ][gc] GC(687) Pause Initial Mark 454M->454M(494M) 151.083ms
[2020-04-25T18:00:24.362+0300][489.233s][2832][12468][info ][gc] GC(687) Concurrent Mark
[2020-04-25T18:00:25.150+0300][490.021s][2832][12468][debug][gc] GC(687) Concurrent active time: 0.149ms
[2020-04-25T18:00:25.150+0300][490.021s][2832][12468][info ][gc] GC(687) Concurrent Mark 787.520ms
[2020-04-25T18:00:25.150+0300][490.021s][2832][9312 ][debug][gc] GC(689) Concurrent mode failure
[2020-04-25T18:00:25.648+0300][490.519s][2832][9312 ][info ][gc] GC(689) Pause Full (Allocation Failure) 471M->454M(494M) 647.563ms
[2020-04-25T18:00:25.648+0300][490.520s][2832][9312 ][info ][gc] GC(688) Pause Young (Allocation Failure) 454M->454M(494M) 1285.715ms
[2020-04-25T18:00:26.747+0300][491.619s][2832][9312 ][info ][gc] GC(691) Pause Full (Allocation Failure) 471M->454M(494M) 502.130ms
[2020-04-25T18:00:26.747+0300][491.619s][2832][9312 ][info ][gc] GC(690) Pause Young (Allocation Failure) 454M->454M(494M) 1098.398ms
[2020-04-25T18:00:26.901+0300][491.772s][2832][9312 ][info ][gc] GC(692) Pause Initial Mark 454M->454M(494M) 153.438ms
[2020-04-25T18:00:26.901+0300][491.772s][2832][12468][info ][gc] GC(692) Concurrent Mark
[2020-04-25T18:00:27.679+0300][492.551s][2832][12468][debug][gc] GC(692) Concurrent active time: 0.149ms
[2020-04-25T18:00:27.679+0300][492.551s][2832][12468][info ][gc] GC(692) Concurrent Mark 778.405ms
[2020-04-25T18:00:27.679+0300][492.551s][2832][9312 ][debug][gc] GC(694) Concurrent mode failure
[2020-04-25T18:00:28.181+0300][493.052s][2832][9312 ][info ][gc] GC(694) Pause Full (Allocation Failure) 471M->454M(494M) 650.353ms
[2020-04-25T18:00:28.181+0300][493.052s][2832][9312 ][info ][gc] GC(693) Pause Young (Allocation Failure) 454M->454M(494M) 1279.108ms
[2020-04-25T18:00:29.292+0300][494.163s][2832][9312 ][info ][gc] GC(696) Pause Full (Allocation Failure) 471M->454M(494M) 495.901ms
[2020-04-25T18:00:29.292+0300][494.163s][2832][9312 ][info ][gc] GC(695) Pause Young (Allocation Failure) 454M->454M(494M) 1110.817ms
[2020-04-25T18:00:29.445+0300][494.316s][2832][9312 ][info ][gc] GC(697) Pause Initial Mark 454M->454M(494M) 152.347ms
[2020-04-25T18:00:29.445+0300][494.316s][2832][12468][info ][gc] GC(697) Concurrent Mark
[2020-04-25T18:00:30.247+0300][495.118s][2832][12468][debug][gc] GC(697) Concurrent active time: 0.149ms
[2020-04-25T18:00:30.247+0300][495.118s][2832][12468][info ][gc] GC(697) Concurrent Mark 801.940ms
[2020-04-25T18:00:30.247+0300][495.118s][2832][9312 ][debug][gc] GC(699) Concurrent mode failure
[2020-04-25T18:00:30.742+0300][495.614s][2832][9312 ][info ][gc] GC(699) Pause Full (Allocation Failure) 471M->454M(494M) 644.037ms
[2020-04-25T18:00:30.742+0300][495.614s][2832][9312 ][info ][gc] GC(698) Pause Young (Allocation Failure) 454M->454M(494M) 1297.277ms
[2020-04-25T18:00:31.897+0300][496.768s][2832][9312 ][info ][gc] GC(701) Pause Full (Allocation Failure) 471M->454M(494M) 510.137ms
[2020-04-25T18:00:31.897+0300][496.768s][2832][9312 ][info ][gc] GC(700) Pause Young (Allocation Failure) 454M->454M(494M) 1153.890ms
[2020-04-25T18:00:32.083+0300][496.954s][2832][9312 ][info ][gc] GC(702) Pause Initial Mark 454M->454M(494M) 185.242ms
[2020-04-25T18:00:32.083+0300][496.954s][2832][12468][info ][gc] GC(702) Concurrent Mark
[2020-04-25T18:00:32.852+0300][497.723s][2832][12468][debug][gc] GC(702) Concurrent active time: 0.154ms
[2020-04-25T18:00:32.852+0300][497.723s][2832][12468][info ][gc] GC(702) Concurrent Mark 769.058ms
[2020-04-25T18:00:32.852+0300][497.723s][2832][9312 ][debug][gc] GC(704) Concurrent mode failure
[2020-04-25T18:00:33.356+0300][498.228s][2832][9312 ][info ][gc] GC(704) Pause Full (Allocation Failure) 471M->454M(494M) 658.294ms
[2020-04-25T18:00:33.356+0300][498.228s][2832][9312 ][info ][gc] GC(703) Pause Young (Allocation Failure) 454M->454M(494M) 1273.490ms
[2020-04-25T18:00:34.480+0300][499.351s][2832][9312 ][info ][gc] GC(706) Pause Full (Allocation Failure) 471M->454M(494M) 505.427ms
[2020-04-25T18:00:34.480+0300][499.351s][2832][9312 ][info ][gc] GC(705) Pause Young (Allocation Failure) 454M->454M(494M) 1123.084ms
[2020-04-25T18:00:34.633+0300][499.504s][2832][9312 ][info ][gc] GC(707) Pause Initial Mark 454M->454M(494M) 152.857ms
[2020-04-25T18:00:34.633+0300][499.504s][2832][12468][info ][gc] GC(707) Concurrent Mark
[2020-04-25T18:00:35.426+0300][500.297s][2832][12468][debug][gc] GC(707) Concurrent active time: 0.151ms
[2020-04-25T18:00:35.426+0300][500.297s][2832][12468][info ][gc] GC(707) Concurrent Mark 792.485ms
[2020-04-25T18:00:35.426+0300][500.297s][2832][9312 ][debug][gc] GC(709) Concurrent mode failure
[2020-04-25T18:00:35.931+0300][500.802s][2832][9312 ][info ][gc] GC(709) Pause Full (Allocation Failure) 471M->454M(494M) 655.007ms
[2020-04-25T18:00:35.931+0300][500.802s][2832][9312 ][info ][gc] GC(708) Pause Young (Allocation Failure) 454M->454M(494M) 1296.648ms
[2020-04-25T18:00:37.064+0300][501.934s][2832][9312 ][info ][gc] GC(711) Pause Full (Allocation Failure) 471M->454M(494M) 503.426ms
[2020-04-25T18:00:37.064+0300][501.934s][2832][9312 ][info ][gc] GC(710) Pause Young (Allocation Failure) 454M->454M(494M) 1132.389ms
[2020-04-25T18:00:37.216+0300][502.087s][2832][9312 ][info ][gc] GC(712) Pause Initial Mark 454M->454M(494M) 152.409ms
[2020-04-25T18:00:37.216+0300][502.087s][2832][12468][info ][gc] GC(712) Concurrent Mark
[2020-04-25T18:00:37.971+0300][502.842s][2832][12468][debug][gc] GC(712) Concurrent active time: 0.152ms
[2020-04-25T18:00:37.971+0300][502.842s][2832][12468][info ][gc] GC(712) Concurrent Mark 755.118ms
[2020-04-25T18:00:37.971+0300][502.842s][2832][9312 ][debug][gc] GC(714) Concurrent mode failure
[2020-04-25T18:00:38.476+0300][503.347s][2832][9312 ][info ][gc] GC(714) Pause Full (Allocation Failure) 471M->454M(494M) 655.744ms
[2020-04-25T18:00:38.476+0300][503.347s][2832][9312 ][info ][gc] GC(713) Pause Young (Allocation Failure) 454M->454M(494M) 1259.082ms
[2020-04-25T18:00:39.623+0300][504.494s][2832][9312 ][info ][gc] GC(716) Pause Full (Allocation Failure) 471M->454M(494M) 503.373ms
[2020-04-25T18:00:39.623+0300][504.494s][2832][9312 ][info ][gc] GC(715) Pause Young (Allocation Failure) 454M->454M(494M) 1146.552ms
[2020-04-25T18:00:39.771+0300][504.643s][2832][9312 ][info ][gc] GC(717) Pause Initial Mark 454M->454M(494M) 148.744ms
[2020-04-25T18:00:39.771+0300][504.643s][2832][12468][info ][gc] GC(717) Concurrent Mark
[2020-04-25T18:00:40.528+0300][505.400s][2832][12468][debug][gc] GC(717) Concurrent active time: 0.148ms
[2020-04-25T18:00:40.528+0300][505.400s][2832][12468][info ][gc] GC(717) Concurrent Mark 757.050ms
[2020-04-25T18:00:40.528+0300][505.400s][2832][9312 ][debug][gc] GC(719) Concurrent mode failure
[2020-04-25T18:00:41.050+0300][505.921s][2832][9312 ][info ][gc] GC(719) Pause Full (Allocation Failure) 471M->454M(494M) 668.618ms
[2020-04-25T18:00:41.050+0300][505.921s][2832][9312 ][info ][gc] GC(718) Pause Young (Allocation Failure) 454M->454M(494M) 1277.925ms
[2020-04-25T18:00:42.168+0300][507.040s][2832][9312 ][info ][gc] GC(721) Pause Full (Allocation Failure) 471M->454M(494M) 505.265ms
[2020-04-25T18:00:42.168+0300][507.040s][2832][9312 ][info ][gc] GC(720) Pause Young (Allocation Failure) 454M->454M(494M) 1117.957ms
[2020-04-25T18:00:42.321+0300][507.193s][2832][9312 ][info ][gc] GC(722) Pause Initial Mark 454M->454M(494M) 153.081ms
[2020-04-25T18:00:42.321+0300][507.193s][2832][12468][info ][gc] GC(722) Concurrent Mark
[2020-04-25T18:00:43.106+0300][507.977s][2832][12468][debug][gc] GC(722) Concurrent active time: 0.150ms
[2020-04-25T18:00:43.106+0300][507.977s][2832][12468][info ][gc] GC(722) Concurrent Mark 784.490ms
[2020-04-25T18:00:43.106+0300][507.977s][2832][9312 ][debug][gc] GC(724) Concurrent mode failure
[2020-04-25T18:00:43.612+0300][508.484s][2832][9312 ][info ][gc] GC(724) Pause Full (Allocation Failure) 471M->454M(494M) 656.298ms
[2020-04-25T18:00:43.613+0300][508.484s][2832][9312 ][info ][gc] GC(723) Pause Young (Allocation Failure) 454M->454M(494M) 1290.556ms
[2020-04-25T18:00:44.695+0300][509.567s][2832][9312 ][info ][gc] GC(726) Pause Full (Allocation Failure) 471M->454M(494M) 505.824ms
[2020-04-25T18:00:44.695+0300][509.567s][2832][9312 ][info ][gc] GC(725) Pause Young (Allocation Failure) 454M->454M(494M) 1082.345ms
[2020-04-25T18:00:44.848+0300][509.719s][2832][9312 ][info ][gc] GC(727) Pause Initial Mark 454M->454M(494M) 152.631ms
[2020-04-25T18:00:44.849+0300][509.720s][2832][12468][info ][gc] GC(727) Concurrent Mark
[2020-04-25T18:00:45.572+0300][510.443s][2832][12468][debug][gc] GC(727) Concurrent active time: 0.151ms
[2020-04-25T18:00:45.572+0300][510.443s][2832][12468][info ][gc] GC(727) Concurrent Mark 723.353ms
[2020-04-25T18:00:45.572+0300][510.443s][2832][9312 ][debug][gc] GC(729) Concurrent mode failure
[2020-04-25T18:00:46.074+0300][510.946s][2832][9312 ][info ][gc] GC(729) Pause Full (Allocation Failure) 471M->454M(494M) 653.270ms
[2020-04-25T18:00:46.074+0300][510.946s][2832][9312 ][info ][gc] GC(728) Pause Young (Allocation Failure) 454M->454M(494M) 1225.854ms
[2020-04-25T18:00:47.222+0300][512.094s][2832][9312 ][info ][gc] GC(731) Pause Full (Allocation Failure) 471M->454M(494M) 511.548ms
[2020-04-25T18:00:47.222+0300][512.094s][2832][9312 ][info ][gc] GC(730) Pause Young (Allocation Failure) 454M->454M(494M) 1147.590ms
[2020-04-25T18:00:47.407+0300][512.278s][2832][9312 ][info ][gc] GC(732) Pause Initial Mark 454M->454M(494M) 184.281ms
[2020-04-25T18:00:47.407+0300][512.279s][2832][12468][info ][gc] GC(732) Concurrent Mark
[2020-04-25T18:00:48.196+0300][513.067s][2832][12468][debug][gc] GC(732) Concurrent active time: 0.147ms
[2020-04-25T18:00:48.196+0300][513.067s][2832][12468][info ][gc] GC(732) Concurrent Mark 788.717ms
[2020-04-25T18:00:48.196+0300][513.067s][2832][9312 ][debug][gc] GC(734) Concurrent mode failure
[2020-04-25T18:00:48.713+0300][513.585s][2832][9312 ][info ][gc] GC(734) Pause Full (Allocation Failure) 471M->454M(494M) 664.543ms
[2020-04-25T18:00:48.713+0300][513.585s][2832][9312 ][info ][gc] GC(733) Pause Young (Allocation Failure) 454M->454M(494M) 1305.923ms
[2020-04-25T18:00:49.831+0300][514.703s][2832][9312 ][info ][gc] GC(736) Pause Full (Allocation Failure) 471M->454M(494M) 495.661ms
[2020-04-25T18:00:49.831+0300][514.703s][2832][9312 ][info ][gc] GC(735) Pause Young (Allocation Failure) 454M->454M(494M) 1117.677ms
[2020-04-25T18:00:49.983+0300][514.854s][2832][9312 ][info ][gc] GC(737) Pause Initial Mark 454M->454M(494M) 150.966ms
[2020-04-25T18:00:49.983+0300][514.854s][2832][12468][info ][gc] GC(737) Concurrent Mark
[2020-04-25T18:00:50.748+0300][515.619s][2832][12468][debug][gc] GC(737) Concurrent active time: 0.147ms
[2020-04-25T18:00:50.748+0300][515.619s][2832][12468][info ][gc] GC(737) Concurrent Mark 764.810ms
[2020-04-25T18:00:50.748+0300][515.619s][2832][9312 ][debug][gc] GC(739) Concurrent mode failure
[2020-04-25T18:00:51.252+0300][516.122s][2832][9312 ][info ][gc] GC(739) Pause Full (Allocation Failure) 471M->454M(494M) 649.603ms
[2020-04-25T18:00:51.252+0300][516.123s][2832][9312 ][info ][gc] GC(738) Pause Young (Allocation Failure) 454M->454M(494M) 1267.716ms
[2020-04-25T18:00:52.368+0300][517.239s][2832][9312 ][info ][gc] GC(741) Pause Full (Allocation Failure) 471M->454M(494M) 487.390ms
[2020-04-25T18:00:52.368+0300][517.239s][2832][9312 ][info ][gc] GC(740) Pause Young (Allocation Failure) 454M->454M(494M) 1115.877ms
[2020-04-25T18:00:52.554+0300][517.425s][2832][9312 ][info ][gc] GC(742) Pause Initial Mark 454M->454M(494M) 186.032ms
[2020-04-25T18:00:52.554+0300][517.425s][2832][12468][info ][gc] GC(742) Concurrent Mark
[2020-04-25T18:00:53.329+0300][518.201s][2832][12468][debug][gc] GC(742) Concurrent active time: 0.146ms
[2020-04-25T18:00:53.329+0300][518.201s][2832][12468][info ][gc] GC(742) Concurrent Mark 775.593ms
[2020-04-25T18:00:53.329+0300][518.201s][2832][9312 ][debug][gc] GC(744) Concurrent mode failure
[2020-04-25T18:00:53.815+0300][518.686s][2832][9312 ][info ][gc] GC(744) Pause Full (Allocation Failure) 471M->454M(494M) 631.201ms
[2020-04-25T18:00:53.815+0300][518.686s][2832][9312 ][info ][gc] GC(743) Pause Young (Allocation Failure) 454M->454M(494M) 1260.298ms
[2020-04-25T18:00:54.905+0300][519.776s][2832][9312 ][info ][gc] GC(746) Pause Full (Allocation Failure) 471M->454M(494M) 481.307ms
[2020-04-25T18:00:54.905+0300][519.776s][2832][9312 ][info ][gc] GC(745) Pause Young (Allocation Failure) 454M->454M(494M) 1090.140ms
[2020-04-25T18:00:55.054+0300][519.926s][2832][9312 ][info ][gc] GC(747) Pause Initial Mark 454M->454M(494M) 149.498ms
[2020-04-25T18:00:55.054+0300][519.926s][2832][12468][info ][gc] GC(747) Concurrent Mark
[2020-04-25T18:00:55.806+0300][520.678s][2832][12468][debug][gc] GC(747) Concurrent active time: 0.144ms
[2020-04-25T18:00:55.806+0300][520.678s][2832][12468][info ][gc] GC(747) Concurrent Mark 751.860ms
[2020-04-25T18:00:55.806+0300][520.678s][2832][9312 ][debug][gc] GC(749) Concurrent mode failure
[2020-04-25T18:00:56.292+0300][521.164s][2832][9312 ][info ][gc] GC(749) Pause Full (Allocation Failure) 471M->454M(494M) 629.351ms
[2020-04-25T18:00:56.293+0300][521.164s][2832][9312 ][info ][gc] GC(748) Pause Young (Allocation Failure) 454M->454M(494M) 1237.445ms
[2020-04-25T18:00:57.354+0300][522.225s][2832][9312 ][info ][gc] GC(751) Pause Full (Allocation Failure) 471M->454M(494M) 478.711ms
[2020-04-25T18:00:57.354+0300][522.226s][2832][9312 ][info ][gc] GC(750) Pause Young (Allocation Failure) 454M->454M(494M) 1061.176ms
[2020-04-25T18:00:57.503+0300][522.375s][2832][9312 ][info ][gc] GC(752) Pause Initial Mark 454M->454M(494M) 148.791ms
[2020-04-25T18:00:57.503+0300][522.375s][2832][12468][info ][gc] GC(752) Concurrent Mark
[2020-04-25T18:00:58.233+0300][523.104s][2832][12468][debug][gc] GC(752) Concurrent active time: 0.147ms
[2020-04-25T18:00:58.233+0300][523.104s][2832][12468][info ][gc] GC(752) Concurrent Mark 729.221ms
[2020-04-25T18:00:58.233+0300][523.104s][2832][9312 ][debug][gc] GC(754) Concurrent mode failure
[2020-04-25T18:00:58.737+0300][523.608s][2832][9312 ][info ][gc] GC(754) Pause Full (Allocation Failure) 471M->454M(494M) 650.709ms
[2020-04-25T18:00:58.737+0300][523.608s][2832][9312 ][info ][gc] GC(753) Pause Young (Allocation Failure) 454M->454M(494M) 1233.135ms
[2020-04-25T18:00:59.865+0300][524.736s][2832][9312 ][info ][gc] GC(756) Pause Full (Allocation Failure) 471M->454M(494M) 525.603ms
[2020-04-25T18:00:59.865+0300][524.736s][2832][9312 ][info ][gc] GC(755) Pause Young (Allocation Failure) 454M->454M(494M) 1127.006ms
[2020-04-25T18:01:00.019+0300][524.891s][2832][9312 ][info ][gc] GC(757) Pause Initial Mark 454M->454M(494M) 154.811ms
[2020-04-25T18:01:00.019+0300][524.891s][2832][12468][info ][gc] GC(757) Concurrent Mark
[2020-04-25T18:01:00.828+0300][525.699s][2832][12468][debug][gc] GC(757) Concurrent active time: 0.156ms
[2020-04-25T18:01:00.828+0300][525.699s][2832][12468][info ][gc] GC(757) Concurrent Mark 808.325ms
[2020-04-25T18:01:00.828+0300][525.699s][2832][9312 ][debug][gc] GC(759) Concurrent mode failure
[2020-04-25T18:01:01.326+0300][526.197s][2832][9312 ][info ][gc] GC(759) Pause Full (Allocation Failure) 471M->454M(494M) 653.360ms
[2020-04-25T18:01:01.326+0300][526.197s][2832][9312 ][info ][gc] GC(758) Pause Young (Allocation Failure) 454M->454M(494M) 1305.812ms
[2020-04-25T18:01:02.422+0300][527.293s][2832][9312 ][info ][gc] GC(761) Pause Full (Allocation Failure) 471M->454M(494M) 506.187ms
[2020-04-25T18:01:02.422+0300][527.293s][2832][9312 ][info ][gc] GC(760) Pause Young (Allocation Failure) 454M->454M(494M) 1095.723ms
[2020-04-25T18:01:02.573+0300][527.445s][2832][9312 ][info ][gc] GC(762) Pause Initial Mark 454M->454M(494M) 151.740ms
[2020-04-25T18:01:02.573+0300][527.445s][2832][12468][info ][gc] GC(762) Concurrent Mark
[2020-04-25T18:01:03.343+0300][528.215s][2832][12468][debug][gc] GC(762) Concurrent active time: 0.180ms
[2020-04-25T18:01:03.344+0300][528.215s][2832][12468][info ][gc] GC(762) Concurrent Mark 770.126ms
[2020-04-25T18:01:03.344+0300][528.215s][2832][9312 ][debug][gc] GC(764) Concurrent mode failure
[2020-04-25T18:01:03.844+0300][528.715s][2832][9312 ][info ][gc] GC(764) Pause Full (Allocation Failure) 471M->454M(494M) 680.299ms
[2020-04-25T18:01:03.844+0300][528.715s][2832][9312 ][info ][gc] GC(763) Pause Young (Allocation Failure) 454M->454M(494M) 1270.034ms
[2020-04-25T18:01:04.941+0300][529.812s][2832][9312 ][info ][gc] GC(766) Pause Full (Allocation Failure) 471M->454M(494M) 494.453ms
[2020-04-25T18:01:04.941+0300][529.812s][2832][9312 ][info ][gc] GC(765) Pause Young (Allocation Failure) 454M->454M(494M) 1096.296ms
[2020-04-25T18:01:05.105+0300][529.976s][2832][9312 ][info ][gc] GC(767) Pause Initial Mark 454M->454M(494M) 163.921ms
[2020-04-25T18:01:05.105+0300][529.976s][2832][12468][info ][gc] GC(767) Concurrent Mark
[2020-04-25T18:01:05.863+0300][530.734s][2832][12468][debug][gc] GC(767) Concurrent active time: 0.144ms
[2020-04-25T18:01:05.863+0300][530.734s][2832][12468][info ][gc] GC(767) Concurrent Mark 757.808ms
[2020-04-25T18:01:05.863+0300][530.734s][2832][9312 ][debug][gc] GC(769) Concurrent mode failure
[2020-04-25T18:01:06.370+0300][531.242s][2832][9312 ][info ][gc] GC(769) Pause Full (Allocation Failure) 471M->454M(494M) 652.049ms
[2020-04-25T18:01:06.370+0300][531.242s][2832][9312 ][info ][gc] GC(768) Pause Young (Allocation Failure) 454M->454M(494M) 1265.476ms
[2020-04-25T18:01:07.499+0300][532.371s][2832][9312 ][info ][gc] GC(771) Pause Full (Allocation Failure) 471M->454M(494M) 505.471ms
[2020-04-25T18:01:07.499+0300][532.371s][2832][9312 ][info ][gc] GC(770) Pause Young (Allocation Failure) 454M->454M(494M) 1128.248ms
[2020-04-25T18:01:07.654+0300][532.525s][2832][9312 ][info ][gc] GC(772) Pause Initial Mark 454M->454M(494M) 154.296ms
[2020-04-25T18:01:07.654+0300][532.525s][2832][12468][info ][gc] GC(772) Concurrent Mark
[2020-04-25T18:01:08.425+0300][533.296s][2832][12468][debug][gc] GC(772) Concurrent active time: 0.146ms
[2020-04-25T18:01:08.425+0300][533.296s][2832][12468][info ][gc] GC(772) Concurrent Mark 770.452ms
[2020-04-25T18:01:08.425+0300][533.296s][2832][9312 ][debug][gc] GC(774) Concurrent mode failure
[2020-04-25T18:01:08.921+0300][533.792s][2832][9312 ][info ][gc] GC(774) Pause Full (Allocation Failure) 471M->454M(494M) 642.125ms
[2020-04-25T18:01:08.921+0300][533.792s][2832][9312 ][info ][gc] GC(773) Pause Young (Allocation Failure) 454M->454M(494M) 1266.895ms
[2020-04-25T18:01:10.051+0300][534.923s][2832][9312 ][info ][gc] GC(776) Pause Full (Allocation Failure) 471M->454M(494M) 503.688ms
[2020-04-25T18:01:10.051+0300][534.923s][2832][9312 ][info ][gc] GC(775) Pause Young (Allocation Failure) 454M->454M(494M) 1130.266ms
[2020-04-25T18:01:10.207+0300][535.078s][2832][9312 ][info ][gc] GC(777) Pause Initial Mark 454M->454M(494M) 155.199ms
[2020-04-25T18:01:10.207+0300][535.078s][2832][12468][info ][gc] GC(777) Concurrent Mark
[2020-04-25T18:01:10.936+0300][535.807s][2832][12468][debug][gc] GC(777) Concurrent active time: 0.151ms
[2020-04-25T18:01:10.936+0300][535.807s][2832][12468][info ][gc] GC(777) Concurrent Mark 728.856ms
[2020-04-25T18:01:10.936+0300][535.807s][2832][9312 ][debug][gc] GC(779) Concurrent mode failure
[2020-04-25T18:01:11.444+0300][536.315s][2832][9312 ][info ][gc] GC(779) Pause Full (Allocation Failure) 471M->454M(494M) 658.572ms
[2020-04-25T18:01:11.444+0300][536.315s][2832][9312 ][info ][gc] GC(778) Pause Young (Allocation Failure) 454M->454M(494M) 1236.155ms
[2020-04-25T18:01:12.607+0300][537.478s][2832][9312 ][info ][gc] GC(781) Pause Full (Allocation Failure) 471M->454M(494M) 533.760ms
[2020-04-25T18:01:12.607+0300][537.478s][2832][9312 ][info ][gc] GC(780) Pause Young (Allocation Failure) 454M->454M(494M) 1163.017ms
[2020-04-25T18:01:12.766+0300][537.637s][2832][9312 ][info ][gc] GC(782) Pause Initial Mark 454M->454M(494M) 159.040ms
[2020-04-25T18:01:12.766+0300][537.637s][2832][12468][info ][gc] GC(782) Concurrent Mark
[2020-04-25T18:01:13.539+0300][538.410s][2832][12468][debug][gc] GC(782) Concurrent active time: 0.154ms
[2020-04-25T18:01:13.539+0300][538.410s][2832][12468][info ][gc] GC(782) Concurrent Mark 772.654ms
[2020-04-25T18:01:13.539+0300][538.410s][2832][9312 ][debug][gc] GC(784) Concurrent mode failure
[2020-04-25T18:01:14.048+0300][538.919s][2832][9312 ][info ][gc] GC(784) Pause Full (Allocation Failure) 471M->454M(494M) 662.868ms
[2020-04-25T18:01:14.048+0300][538.919s][2832][9312 ][info ][gc] GC(783) Pause Young (Allocation Failure) 454M->454M(494M) 1281.142ms
[2020-04-25T18:01:15.187+0300][540.058s][2832][9312 ][info ][gc] GC(786) Pause Full (Allocation Failure) 471M->454M(494M) 515.747ms
[2020-04-25T18:01:15.187+0300][540.058s][2832][9312 ][info ][gc] GC(785) Pause Young (Allocation Failure) 454M->454M(494M) 1139.174ms
[2020-04-25T18:01:15.339+0300][540.211s][2832][9312 ][info ][gc] GC(787) Pause Initial Mark 454M->454M(494M) 152.502ms
[2020-04-25T18:01:15.340+0300][540.211s][2832][12468][info ][gc] GC(787) Concurrent Mark
[2020-04-25T18:01:16.115+0300][540.986s][2832][12468][debug][gc] GC(787) Concurrent active time: 0.150ms
[2020-04-25T18:01:16.115+0300][540.987s][2832][12468][info ][gc] GC(787) Concurrent Mark 775.498ms
[2020-04-25T18:01:16.115+0300][540.987s][2832][9312 ][debug][gc] GC(789) Concurrent mode failure
[2020-04-25T18:01:16.630+0300][541.501s][2832][9312 ][info ][gc] GC(789) Pause Full (Allocation Failure) 471M->454M(494M) 664.637ms
[2020-04-25T18:01:16.630+0300][541.501s][2832][9312 ][info ][gc] GC(788) Pause Young (Allocation Failure) 454M->454M(494M) 1290.003ms
[2020-04-25T18:01:17.751+0300][542.622s][2832][9312 ][info ][gc] GC(791) Pause Full (Allocation Failure) 471M->454M(494M) 500.744ms
[2020-04-25T18:01:17.751+0300][542.622s][2832][9312 ][info ][gc] GC(790) Pause Young (Allocation Failure) 454M->454M(494M) 1120.360ms
[2020-04-25T18:01:17.902+0300][542.774s][2832][9312 ][info ][gc] GC(792) Pause Initial Mark 454M->454M(494M) 151.685ms
[2020-04-25T18:01:17.902+0300][542.774s][2832][12468][info ][gc] GC(792) Concurrent Mark
[2020-04-25T18:01:18.665+0300][543.537s][2832][12468][debug][gc] GC(792) Concurrent active time: 0.152ms
[2020-04-25T18:01:18.665+0300][543.537s][2832][12468][info ][gc] GC(792) Concurrent Mark 762.867ms
[2020-04-25T18:01:18.665+0300][543.537s][2832][9312 ][debug][gc] GC(794) Concurrent mode failure
[2020-04-25T18:01:19.164+0300][544.035s][2832][9312 ][info ][gc] GC(794) Pause Full (Allocation Failure) 471M->454M(494M) 649.528ms
[2020-04-25T18:01:19.164+0300][544.035s][2832][9312 ][info ][gc] GC(793) Pause Young (Allocation Failure) 454M->454M(494M) 1260.730ms
[2020-04-25T18:01:20.251+0300][545.122s][2832][9312 ][info ][gc] GC(796) Pause Full (Allocation Failure) 471M->454M(494M) 517.959ms
[2020-04-25T18:01:20.251+0300][545.122s][2832][9312 ][info ][gc] GC(795) Pause Young (Allocation Failure) 454M->454M(494M) 1086.802ms
[2020-04-25T18:01:20.405+0300][545.276s][2832][9312 ][info ][gc] GC(797) Pause Initial Mark 454M->454M(494M) 154.121ms
[2020-04-25T18:01:20.405+0300][545.276s][2832][12468][info ][gc] GC(797) Concurrent Mark
[2020-04-25T18:01:21.155+0300][546.026s][2832][12468][debug][gc] GC(797) Concurrent active time: 0.148ms
[2020-04-25T18:01:21.155+0300][546.026s][2832][12468][info ][gc] GC(797) Concurrent Mark 749.781ms
[2020-04-25T18:01:21.155+0300][546.026s][2832][9312 ][debug][gc] GC(799) Concurrent mode failure
[2020-04-25T18:01:21.664+0300][546.536s][2832][9312 ][info ][gc] GC(799) Pause Full (Allocation Failure) 471M->454M(494M) 657.118ms
[2020-04-25T18:01:21.664+0300][546.536s][2832][9312 ][info ][gc] GC(798) Pause Young (Allocation Failure) 454M->454M(494M) 1259.033ms
