[2020-04-25T17:22:26.774+0300][0.008s][100][9056][debug][gc] ConcGCThreads: 3 offset 22
[2020-04-25T17:22:26.774+0300][0.008s][100][9056][debug][gc] ParallelGCThreads: 10
[2020-04-25T17:22:26.774+0300][0.008s][100][9056][debug][gc] Initialize mark stack with 4096 chunks, maximum 16384
[2020-04-25T17:22:26.785+0300][0.019s][100][9056][info ][gc] Using G1
[2020-04-25T17:22:27.457+0300][0.691s][100][2508][info ][gc] GC(0) Pause Young (Normal) (G1 Evacuation Pause) 25M->1M(512M) 2.091ms
[2020-04-25T17:22:31.050+0300][4.284s][100][2508][info ][gc] GC(1) Pause Young (Normal) (G1 Evacuation Pause) 151M->14M(512M) 11.532ms
[2020-04-25T17:22:31.630+0300][4.864s][100][2508][info ][gc] GC(2) Pause Young (Normal) (G1 Evacuation Pause) 37M->15M(512M) 6.159ms
[2020-04-25T17:22:35.210+0300][8.444s][100][2508][info ][gc] GC(3) Pause Young (Normal) (G1 Evacuation Pause) 156M->24M(512M) 6.946ms
[2020-04-25T17:22:39.264+0300][12.499s][100][2508][info ][gc] GC(4) Pause Young (Normal) (G1 Evacuation Pause) 175M->35M(512M) 10.831ms
[2020-04-25T17:22:44.745+0300][17.979s][100][2508][info ][gc] GC(5) Pause Young (Normal) (G1 Evacuation Pause) 252M->50M(512M) 17.166ms
[2020-04-25T17:22:49.965+0300][23.199s][100][2508][info ][gc] GC(6) Pause Young (Normal) (G1 Evacuation Pause) 261M->69M(512M) 24.198ms
[2020-04-25T17:22:56.193+0300][29.428s][100][2508][info ][gc] GC(7) Pause Young (Normal) (G1 Evacuation Pause) 307M->78M(512M) 22.012ms
[2020-04-25T17:23:03.261+0300][36.495s][100][2508][info ][gc] GC(8) Pause Young (Normal) (G1 Evacuation Pause) 369M->105M(512M) 26.793ms
[2020-04-25T17:23:10.394+0300][43.628s][100][2508][info ][gc] GC(9) Pause Young (Normal) (G1 Evacuation Pause) 383M->117M(512M) 25.809ms
[2020-04-25T17:23:17.470+0300][50.705s][100][2508][info ][gc] GC(10) Pause Young (Normal) (G1 Evacuation Pause) 416M->152M(512M) 30.042ms
[2020-04-25T17:23:23.884+0300][57.118s][100][2508][info ][gc] GC(11) Pause Young (Normal) (G1 Evacuation Pause) 425M->162M(512M) 21.497ms
[2020-04-25T17:23:29.995+0300][63.229s][100][2508][info ][gc] GC(12) Pause Young (Normal) (G1 Evacuation Pause) 429M->171M(512M) 17.209ms
[2020-04-25T17:23:35.931+0300][69.166s][100][2508][info ][gc] GC(13) Pause Young (Normal) (G1 Evacuation Pause) 469M->215M(512M) 23.235ms
[2020-04-25T17:23:40.845+0300][74.079s][100][2508][info ][gc] GC(14) Pause Young (Normal) (G1 Evacuation Pause) 432M->224M(512M) 21.610ms
[2020-04-25T17:23:45.615+0300][78.849s][100][2508][info ][gc] GC(15) Pause Young (Normal) (G1 Evacuation Pause) 439M->231M(512M) 14.435ms
[2020-04-25T17:23:50.237+0300][83.471s][100][2508][info ][gc] GC(16) Pause Young (Normal) (G1 Evacuation Pause) 440M->237M(512M) 13.046ms
[2020-04-25T17:23:54.682+0300][87.916s][100][2508][info ][gc] GC(17) Pause Young (Normal) (G1 Evacuation Pause) 437M->244M(512M) 14.515ms
[2020-04-25T17:23:58.968+0300][92.203s][100][2508][info ][gc] GC(18) Pause Young (Normal) (G1 Evacuation Pause) 437M->251M(512M) 13.591ms
[2020-04-25T17:24:03.119+0300][96.354s][100][2508][info ][gc] GC(19) Pause Young (Concurrent Start) (G1 Evacuation Pause) 438M->258M(512M) 14.303ms
[2020-04-25T17:24:03.119+0300][96.354s][100][13868][info ][gc] GC(20) Concurrent Cycle
[2020-04-25T17:24:03.214+0300][96.449s][100][2508 ][debug][gc] GC(20) Reclaimed 74 empty regions
[2020-04-25T17:24:03.214+0300][96.449s][100][2508 ][info ][gc] GC(20) Pause Remark 262M->188M(512M) 0.601ms
[2020-04-25T17:24:03.266+0300][96.500s][100][2508 ][info ][gc] GC(20) Pause Cleanup 191M->191M(512M) 0.168ms
[2020-04-25T17:24:03.266+0300][96.501s][100][13868][info ][gc] GC(20) Concurrent Cycle 146.599ms
[2020-04-25T17:24:06.318+0300][99.553s][100][2508 ][info ][gc] GC(21) Pause Young (Normal) (G1 Humongous Allocation) 329M->189M(512M) 13.000ms
[2020-04-25T17:24:11.598+0300][104.832s][100][2508 ][info ][gc] GC(22) Pause Young (Normal) (G1 Evacuation Pause) 480M->250M(512M) 17.497ms
[2020-04-25T17:24:15.711+0300][108.945s][100][2508 ][info ][gc] GC(23) Pause Young (Concurrent Start) (G1 Evacuation Pause) 437M->256M(512M) 15.329ms
[2020-04-25T17:24:15.711+0300][108.945s][100][13868][info ][gc] GC(24) Concurrent Cycle
[2020-04-25T17:24:15.827+0300][109.062s][100][2508 ][debug][gc] GC(24) Reclaimed 36 empty regions
[2020-04-25T17:24:15.827+0300][109.062s][100][2508 ][info ][gc] GC(24) Pause Remark 261M->225M(512M) 0.428ms
[2020-04-25T17:24:15.882+0300][109.116s][100][2508 ][info ][gc] GC(24) Pause Cleanup 228M->228M(512M) 0.088ms
[2020-04-25T17:24:15.882+0300][109.117s][100][13868][info ][gc] GC(24) Concurrent Cycle 171.998ms
[2020-04-25T17:24:19.701+0300][112.936s][100][2508 ][info ][gc] GC(25) Pause Young (Normal) (G1 Evacuation Pause) 403M->227M(512M) 14.714ms
[2020-04-25T17:24:24.228+0300][117.462s][100][2508 ][info ][gc] GC(26) Pause Young (Normal) (G1 Evacuation Pause) 434M->233M(512M) 12.665ms
[2020-04-25T17:24:28.732+0300][121.966s][100][2508 ][info ][gc] GC(27) Pause Young (Normal) (G1 Evacuation Pause) 437M->240M(512M) 15.544ms
[2020-04-25T17:24:33.064+0300][126.299s][100][2508 ][info ][gc] GC(28) Pause Young (Normal) (G1 Evacuation Pause) 437M->247M(512M) 15.338ms
[2020-04-25T17:24:37.236+0300][130.471s][100][2508 ][info ][gc] GC(29) Pause Young (Normal) (G1 Evacuation Pause) 436M->253M(512M) 15.528ms
[2020-04-25T17:24:41.295+0300][134.529s][100][2508 ][info ][gc] GC(30) Pause Young (Concurrent Start) (G1 Evacuation Pause) 437M->261M(512M) 14.978ms
[2020-04-25T17:24:41.295+0300][134.529s][100][13868][info ][gc] GC(31) Concurrent Cycle
[2020-04-25T17:24:41.445+0300][134.679s][100][2508 ][info ][gc] GC(31) Pause Remark 268M->268M(512M) 0.426ms
[2020-04-25T17:24:41.513+0300][134.747s][100][2508 ][info ][gc] GC(31) Pause Cleanup 271M->271M(512M) 0.092ms
[2020-04-25T17:24:41.513+0300][134.747s][100][13868][info ][gc] GC(31) Concurrent Cycle 217.881ms
[2020-04-25T17:24:45.179+0300][138.413s][100][2508 ][info ][gc] GC(32) Pause Young (Normal) (G1 Evacuation Pause) 438M->267M(512M) 15.463ms
[2020-04-25T17:24:48.978+0300][142.212s][100][2508 ][info ][gc] GC(33) Pause Young (Concurrent Start) (G1 Evacuation Pause) 439M->273M(512M) 14.923ms
[2020-04-25T17:24:48.978+0300][142.212s][100][13868][info ][gc] GC(34) Concurrent Cycle
[2020-04-25T17:24:49.121+0300][142.356s][100][2508 ][info ][gc] GC(34) Pause Remark 280M->280M(512M) 0.451ms
[2020-04-25T17:24:49.193+0300][142.427s][100][2508 ][info ][gc] GC(34) Pause Cleanup 283M->283M(512M) 0.083ms
[2020-04-25T17:24:49.193+0300][142.428s][100][13868][info ][gc] GC(34) Concurrent Cycle 215.785ms
[2020-04-25T17:24:52.666+0300][145.900s][100][2508 ][info ][gc] GC(35) Pause Young (Normal) (G1 Evacuation Pause) 440M->278M(512M) 12.834ms
[2020-04-25T17:24:54.948+0300][148.182s][100][2508 ][info ][gc] GC(36) Pause Young (Concurrent Start) (G1 Humongous Allocation) 383M->283M(512M) 10.513ms
[2020-04-25T17:24:54.948+0300][148.182s][100][13868][info ][gc] GC(37) Concurrent Cycle
[2020-04-25T17:24:55.109+0300][148.343s][100][2508 ][info ][gc] GC(37) Pause Remark 369M->369M(512M) 0.506ms
[2020-04-25T17:24:55.215+0300][148.449s][100][2508 ][info ][gc] GC(37) Pause Cleanup 373M->373M(512M) 0.125ms
[2020-04-25T17:24:55.215+0300][148.449s][100][13868][info ][gc] GC(37) Concurrent Cycle 267.368ms
[2020-04-25T17:24:58.378+0300][151.612s][100][2508 ][info ][gc] GC(38) To-space exhausted
[2020-04-25T17:24:58.378+0300][151.612s][100][2508 ][info ][gc] GC(38) Pause Young (Normal) (G1 Evacuation Pause) 511M->511M(512M) 43.868ms
[2020-04-25T17:24:58.514+0300][151.749s][100][2508 ][info ][gc] GC(39) Pause Full (G1 Evacuation Pause) 511M->297M(512M) 136.386ms
[2020-04-25T17:25:01.672+0300][154.906s][100][2508 ][info ][gc] GC(40) Pause Young (Concurrent Start) (G1 Evacuation Pause) 439M->302M(512M) 5.368ms
[2020-04-25T17:25:01.672+0300][154.906s][100][13868][info ][gc] GC(41) Concurrent Cycle
[2020-04-25T17:25:01.845+0300][155.079s][100][2508 ][info ][gc] GC(41) Pause Remark 310M->310M(512M) 0.483ms
[2020-04-25T17:25:01.920+0300][155.154s][100][2508 ][info ][gc] GC(41) Pause Cleanup 313M->313M(512M) 0.109ms
[2020-04-25T17:25:01.920+0300][155.154s][100][13868][info ][gc] GC(41) Concurrent Cycle 248.277ms
[2020-04-25T17:25:04.757+0300][157.992s][100][2508 ][info ][gc] GC(42) Pause Young (Normal) (G1 Evacuation Pause) 441M->306M(512M) 6.804ms
[2020-04-25T17:25:07.772+0300][161.007s][100][2508 ][info ][gc] GC(43) Pause Young (Concurrent Start) (G1 Evacuation Pause) 441M->311M(512M) 8.841ms
[2020-04-25T17:25:07.772+0300][161.007s][100][13868][info ][gc] GC(44) Concurrent Cycle
[2020-04-25T17:25:07.961+0300][161.196s][100][2508 ][info ][gc] GC(44) Pause Remark 319M->319M(512M) 0.355ms
[2020-04-25T17:25:08.038+0300][161.272s][100][2508 ][info ][gc] GC(44) Pause Cleanup 322M->322M(512M) 0.075ms
[2020-04-25T17:25:08.038+0300][161.272s][100][13868][info ][gc] GC(44) Concurrent Cycle 265.152ms
[2020-04-25T17:25:10.600+0300][163.835s][100][2508 ][info ][gc] GC(45) Pause Young (Normal) (G1 Evacuation Pause) 438M->315M(512M) 10.266ms
[2020-04-25T17:25:13.347+0300][166.581s][100][2508 ][info ][gc] GC(46) Pause Young (Concurrent Start) (G1 Evacuation Pause) 439M->319M(512M) 9.927ms
[2020-04-25T17:25:13.347+0300][166.581s][100][13868][info ][gc] GC(47) Concurrent Cycle
[2020-04-25T17:25:13.523+0300][166.757s][100][2508 ][info ][gc] GC(47) Pause Remark 327M->327M(512M) 0.495ms
[2020-04-25T17:25:13.600+0300][166.834s][100][2508 ][info ][gc] GC(47) Pause Cleanup 331M->331M(512M) 0.083ms
[2020-04-25T17:25:13.600+0300][166.834s][100][13868][info ][gc] GC(47) Concurrent Cycle 253.194ms
[2020-04-25T17:25:16.003+0300][169.238s][100][2508 ][info ][gc] GC(48) Pause Young (Normal) (G1 Evacuation Pause) 438M->323M(512M) 9.752ms
[2020-04-25T17:25:18.574+0300][171.808s][100][2508 ][info ][gc] GC(49) Pause Young (Concurrent Start) (G1 Evacuation Pause) 440M->328M(512M) 9.585ms
[2020-04-25T17:25:18.574+0300][171.808s][100][13868][info ][gc] GC(50) Concurrent Cycle
[2020-04-25T17:25:18.783+0300][172.017s][100][2508 ][info ][gc] GC(50) Pause Remark 337M->337M(512M) 0.435ms
[2020-04-25T17:25:18.876+0300][172.110s][100][2508 ][info ][gc] GC(50) Pause Cleanup 341M->341M(512M) 0.083ms
[2020-04-25T17:25:18.876+0300][172.111s][100][13868][info ][gc] GC(50) Concurrent Cycle 302.331ms
[2020-04-25T17:25:21.077+0300][174.311s][100][2508 ][info ][gc] GC(51) Pause Young (Normal) (G1 Evacuation Pause) 440M->332M(512M) 8.932ms
[2020-04-25T17:25:23.508+0300][176.743s][100][2508 ][info ][gc] GC(52) Pause Young (Concurrent Start) (G1 Evacuation Pause) 442M->336M(512M) 8.482ms
[2020-04-25T17:25:23.508+0300][176.743s][100][13868][info ][gc] GC(53) Concurrent Cycle
[2020-04-25T17:25:23.712+0300][176.946s][100][2508 ][info ][gc] GC(53) Pause Remark 345M->345M(512M) 0.489ms
[2020-04-25T17:25:23.799+0300][177.033s][100][2508 ][info ][gc] GC(53) Pause Cleanup 349M->349M(512M) 0.081ms
[2020-04-25T17:25:23.799+0300][177.033s][100][13868][info ][gc] GC(53) Concurrent Cycle 290.096ms
[2020-04-25T17:25:25.879+0300][179.114s][100][2508 ][info ][gc] GC(54) Pause Young (Normal) (G1 Evacuation Pause) 442M->340M(512M) 8.996ms
[2020-04-25T17:25:28.110+0300][181.345s][100][2508 ][info ][gc] GC(55) Pause Young (Concurrent Start) (G1 Evacuation Pause) 441M->343M(512M) 8.197ms
[2020-04-25T17:25:28.111+0300][181.345s][100][13868][info ][gc] GC(56) Concurrent Cycle
[2020-04-25T17:25:28.308+0300][181.542s][100][2508 ][info ][gc] GC(56) Pause Remark 352M->352M(512M) 0.368ms
[2020-04-25T17:25:28.391+0300][181.626s][100][2508 ][info ][gc] GC(56) Pause Cleanup 355M->355M(512M) 0.088ms
[2020-04-25T17:25:28.391+0300][181.626s][100][13868][info ][gc] GC(56) Concurrent Cycle 280.842ms
[2020-04-25T17:25:30.309+0300][183.544s][100][2508 ][info ][gc] GC(57) Pause Young (Normal) (G1 Evacuation Pause) 442M->347M(512M) 8.251ms
[2020-04-25T17:25:32.447+0300][185.682s][100][2508 ][info ][gc] GC(58) Pause Young (Concurrent Start) (G1 Evacuation Pause) 443M->350M(512M) 7.923ms
[2020-04-25T17:25:32.447+0300][185.682s][100][13868][info ][gc] GC(59) Concurrent Cycle
[2020-04-25T17:25:32.656+0300][185.891s][100][2508 ][info ][gc] GC(59) Pause Remark 360M->360M(512M) 0.419ms
[2020-04-25T17:25:32.757+0300][185.991s][100][2508 ][info ][gc] GC(59) Pause Cleanup 365M->365M(512M) 0.126ms
[2020-04-25T17:25:32.757+0300][185.991s][100][13868][info ][gc] GC(59) Concurrent Cycle 309.265ms
[2020-04-25T17:25:34.488+0300][187.723s][100][2508 ][info ][gc] GC(60) Pause Young (Normal) (G1 Evacuation Pause) 442M->353M(512M) 9.248ms
[2020-04-25T17:25:36.504+0300][189.738s][100][2508 ][info ][gc] GC(61) Pause Young (Concurrent Start) (G1 Evacuation Pause) 443M->356M(512M) 7.446ms
[2020-04-25T17:25:36.504+0300][189.738s][100][13868][info ][gc] GC(62) Concurrent Cycle
[2020-04-25T17:25:36.713+0300][189.948s][100][2508 ][info ][gc] GC(62) Pause Remark 365M->365M(512M) 0.435ms
[2020-04-25T17:25:36.812+0300][190.047s][100][2508 ][info ][gc] GC(62) Pause Cleanup 370M->370M(512M) 0.146ms
[2020-04-25T17:25:36.813+0300][190.047s][100][13868][info ][gc] GC(62) Concurrent Cycle 308.698ms
[2020-04-25T17:25:38.449+0300][191.684s][100][2508 ][info ][gc] GC(63) Pause Young (Normal) (G1 Evacuation Pause) 443M->359M(512M) 7.304ms
[2020-04-25T17:25:40.303+0300][193.538s][100][2508 ][info ][gc] GC(64) Pause Young (Concurrent Start) (G1 Evacuation Pause) 443M->362M(512M) 6.907ms
[2020-04-25T17:25:40.303+0300][193.538s][100][13868][info ][gc] GC(65) Concurrent Cycle
[2020-04-25T17:25:40.550+0300][193.784s][100][2508 ][info ][gc] GC(65) Pause Remark 373M->373M(512M) 0.440ms
[2020-04-25T17:25:40.667+0300][193.901s][100][2508 ][info ][gc] GC(65) Pause Cleanup 378M->378M(512M) 0.166ms
[2020-04-25T17:25:40.667+0300][193.901s][100][13868][info ][gc] GC(65) Concurrent Cycle 363.282ms
[2020-04-25T17:25:42.104+0300][195.338s][100][2508 ][info ][gc] GC(66) Pause Young (Normal) (G1 Evacuation Pause) 442M->365M(512M) 6.642ms
[2020-04-25T17:25:43.850+0300][197.085s][100][2508 ][info ][gc] GC(67) Pause Young (Concurrent Start) (G1 Evacuation Pause) 444M->368M(512M) 7.071ms
[2020-04-25T17:25:43.851+0300][197.085s][100][13868][info ][gc] GC(68) Concurrent Cycle
[2020-04-25T17:25:44.069+0300][197.304s][100][2508 ][info ][gc] GC(68) Pause Remark 377M->377M(512M) 0.544ms
[2020-04-25T17:25:44.176+0300][197.411s][100][2508 ][info ][gc] GC(68) Pause Cleanup 382M->382M(512M) 0.128ms
[2020-04-25T17:25:44.176+0300][197.411s][100][13868][info ][gc] GC(68) Concurrent Cycle 326.079ms
[2020-04-25T17:25:45.555+0300][198.790s][100][2508 ][info ][gc] GC(69) Pause Young (Normal) (G1 Evacuation Pause) 444M->371M(512M) 7.446ms
[2020-04-25T17:25:47.178+0300][200.413s][100][2508 ][info ][gc] GC(70) Pause Young (Concurrent Start) (G1 Evacuation Pause) 444M->373M(512M) 6.384ms
[2020-04-25T17:25:47.178+0300][200.413s][100][13868][info ][gc] GC(71) Concurrent Cycle
[2020-04-25T17:25:47.399+0300][200.633s][100][2508 ][info ][gc] GC(71) Pause Remark 383M->383M(512M) 0.388ms
[2020-04-25T17:25:47.496+0300][200.731s][100][2508 ][info ][gc] GC(71) Pause Cleanup 388M->388M(512M) 0.148ms
[2020-04-25T17:25:47.496+0300][200.731s][100][13868][info ][gc] GC(71) Concurrent Cycle 317.898ms
[2020-04-25T17:25:48.786+0300][202.020s][100][2508 ][info ][gc] GC(72) Pause Young (Normal) (G1 Evacuation Pause) 445M->376M(512M) 6.133ms
[2020-04-25T17:25:50.326+0300][203.561s][100][2508 ][info ][gc] GC(73) Pause Young (Concurrent Start) (G1 Evacuation Pause) 445M->378M(512M) 6.000ms
[2020-04-25T17:25:50.326+0300][203.561s][100][13868][info ][gc] GC(74) Concurrent Cycle
[2020-04-25T17:25:50.552+0300][203.786s][100][2508 ][info ][gc] GC(74) Pause Remark 389M->389M(512M) 0.411ms
[2020-04-25T17:25:50.650+0300][203.885s][100][2508 ][info ][gc] GC(74) Pause Cleanup 393M->393M(512M) 0.101ms
[2020-04-25T17:25:50.651+0300][203.885s][100][13868][info ][gc] GC(74) Concurrent Cycle 324.343ms
[2020-04-25T17:25:51.839+0300][205.073s][100][2508 ][info ][gc] GC(75) Pause Young (Normal) (G1 Evacuation Pause) 445M->381M(512M) 5.977ms
[2020-04-25T17:25:53.265+0300][206.500s][100][2508 ][info ][gc] GC(76) Pause Young (Concurrent Start) (G1 Evacuation Pause) 445M->383M(512M) 5.933ms
[2020-04-25T17:25:53.265+0300][206.500s][100][13868][info ][gc] GC(77) Concurrent Cycle
[2020-04-25T17:25:53.533+0300][206.767s][100][2508 ][info ][gc] GC(77) Pause Remark 395M->395M(512M) 0.595ms
[2020-04-25T17:25:53.650+0300][206.885s][100][2508 ][info ][gc] GC(77) Pause Cleanup 400M->400M(512M) 0.100ms
[2020-04-25T17:25:53.651+0300][206.885s][100][13868][info ][gc] GC(77) Concurrent Cycle 385.083ms
[2020-04-25T17:25:54.851+0300][208.085s][100][2508 ][info ][gc] GC(78) Pause Young (Normal) (G1 Evacuation Pause) 446M->385M(512M) 5.868ms
[2020-04-25T17:25:56.232+0300][209.466s][100][2508 ][info ][gc] GC(79) Pause Young (Concurrent Start) (G1 Evacuation Pause) 446M->388M(512M) 5.671ms
[2020-04-25T17:25:56.232+0300][209.466s][100][13868][info ][gc] GC(80) Concurrent Cycle
[2020-04-25T17:25:56.486+0300][209.721s][100][2508 ][info ][gc] GC(80) Pause Remark 399M->399M(512M) 0.510ms
[2020-04-25T17:25:56.590+0300][209.824s][100][2508 ][info ][gc] GC(80) Pause Cleanup 404M->404M(512M) 0.133ms
[2020-04-25T17:25:56.590+0300][209.824s][100][13868][info ][gc] GC(80) Concurrent Cycle 357.957ms
[2020-04-25T17:25:57.563+0300][210.798s][100][2508 ][info ][gc] GC(81) Pause Young (Normal) (G1 Evacuation Pause) 447M->390M(512M) 5.448ms
[2020-04-25T17:25:58.811+0300][212.046s][100][2508 ][info ][gc] GC(82) Pause Young (Concurrent Start) (G1 Evacuation Pause) 446M->392M(512M) 5.641ms
[2020-04-25T17:25:58.812+0300][212.046s][100][13868][info ][gc] GC(83) Concurrent Cycle
[2020-04-25T17:25:59.042+0300][212.277s][100][2508 ][info ][gc] GC(83) Pause Remark 402M->402M(512M) 0.428ms
[2020-04-25T17:25:59.144+0300][212.378s][100][2508 ][info ][gc] GC(83) Pause Cleanup 407M->407M(512M) 0.128ms
[2020-04-25T17:25:59.144+0300][212.379s][100][13868][info ][gc] GC(83) Concurrent Cycle 332.527ms
[2020-04-25T17:26:00.031+0300][213.265s][100][2508 ][info ][gc] GC(84) Pause Young (Normal) (G1 Evacuation Pause) 446M->394M(512M) 5.488ms
[2020-04-25T17:26:01.219+0300][214.453s][100][2508 ][info ][gc] GC(85) Pause Young (Concurrent Start) (G1 Evacuation Pause) 446M->395M(512M) 5.380ms
[2020-04-25T17:26:01.219+0300][214.453s][100][13868][info ][gc] GC(86) Concurrent Cycle
[2020-04-25T17:26:01.460+0300][214.694s][100][2508 ][info ][gc] GC(86) Pause Remark 406M->406M(512M) 0.509ms
[2020-04-25T17:26:01.567+0300][214.802s][100][2508 ][info ][gc] GC(86) Pause Cleanup 411M->411M(512M) 0.142ms
[2020-04-25T17:26:01.568+0300][214.802s][100][13868][info ][gc] GC(86) Concurrent Cycle 348.610ms
[2020-04-25T17:26:02.395+0300][215.630s][100][2508 ][info ][gc] GC(87) Pause Young (Normal) (G1 Evacuation Pause) 447M->397M(512M) 5.048ms
[2020-04-25T17:26:03.525+0300][216.760s][100][2508 ][info ][gc] GC(88) Pause Young (Concurrent Start) (G1 Evacuation Pause) 447M->399M(512M) 4.958ms
[2020-04-25T17:26:03.525+0300][216.760s][100][13868][info ][gc] GC(89) Concurrent Cycle
[2020-04-25T17:26:03.792+0300][217.027s][100][2508 ][info ][gc] GC(89) Pause Remark 411M->411M(512M) 0.413ms
[2020-04-25T17:26:03.920+0300][217.155s][100][2508 ][info ][gc] GC(89) Pause Cleanup 417M->417M(512M) 0.174ms
[2020-04-25T17:26:03.921+0300][217.155s][100][13868][info ][gc] GC(89) Concurrent Cycle 395.770ms
[2020-04-25T17:26:04.626+0300][217.861s][100][2508 ][info ][gc] GC(90) Pause Young (Normal) (G1 Evacuation Pause) 447M->401M(512M) 4.891ms
[2020-04-25T17:26:05.691+0300][218.925s][100][2508 ][info ][gc] GC(91) Pause Young (Concurrent Start) (G1 Evacuation Pause) 447M->403M(512M) 5.132ms
[2020-04-25T17:26:05.691+0300][218.925s][100][13868][info ][gc] GC(92) Concurrent Cycle
[2020-04-25T17:26:05.954+0300][219.189s][100][2508 ][info ][gc] GC(92) Pause Remark 414M->414M(512M) 0.426ms
[2020-04-25T17:26:06.059+0300][219.293s][100][2508 ][info ][gc] GC(92) Pause Cleanup 419M->419M(512M) 0.119ms
[2020-04-25T17:26:06.059+0300][219.293s][100][13868][info ][gc] GC(92) Concurrent Cycle 367.935ms
[2020-04-25T17:26:06.701+0300][219.936s][100][2508 ][info ][gc] GC(93) Pause Young (Normal) (G1 Evacuation Pause) 447M->404M(512M) 4.774ms
[2020-04-25T17:26:07.692+0300][220.927s][100][2508 ][info ][gc] GC(94) Pause Young (Concurrent Start) (G1 Evacuation Pause) 448M->406M(512M) 4.740ms
[2020-04-25T17:26:07.692+0300][220.927s][100][13868][info ][gc] GC(95) Concurrent Cycle
[2020-04-25T17:26:07.960+0300][221.194s][100][2508 ][info ][gc] GC(95) Pause Remark 418M->418M(512M) 0.472ms
[2020-04-25T17:26:08.067+0300][221.302s][100][2508 ][info ][gc] GC(95) Pause Cleanup 423M->423M(512M) 0.103ms
[2020-04-25T17:26:08.067+0300][221.302s][100][13868][info ][gc] GC(95) Concurrent Cycle 374.834ms
[2020-04-25T17:26:08.571+0300][221.805s][100][2508 ][info ][gc] GC(96) Pause Young (Concurrent Start) (G1 Humongous Allocation) 445M->407M(512M) 4.419ms
[2020-04-25T17:26:08.571+0300][221.805s][100][13868][info ][gc] GC(97) Concurrent Cycle
[2020-04-25T17:26:08.574+0300][221.808s][100][2508 ][info ][gc] GC(98) Pause Young (Normal) (G1 Humongous Allocation) 407M->407M(512M) 2.285ms
[2020-04-25T17:26:08.574+0300][221.809s][100][2508 ][debug][gc] GC(99) Clear Next Bitmap 0.241ms
[2020-04-25T17:26:08.718+0300][221.952s][100][2508 ][info ][gc] GC(99) Pause Full (G1 Humongous Allocation) 407M->398M(512M) 143.065ms
[2020-04-25T17:26:08.846+0300][222.080s][100][2508 ][info ][gc] GC(100) Pause Full (G1 Humongous Allocation) 398M->398M(512M) 128.118ms
[2020-04-25T17:26:08.846+0300][222.081s][100][13868][info ][gc] GC(97) Concurrent Cycle 275.769ms
