[2020-04-25T17:30:52.764+0300][0.011s][4580][15484][info][gc] Using Serial
[2020-04-25T17:30:55.890+0300][3.136s][4580][14528][info][gc] GC(0) Pause Young (Allocation Failure) 136M->7M(494M) 17.278ms
[2020-04-25T17:30:59.187+0300][6.433s][4580][14528][info][gc] GC(1) Pause Young (Allocation Failure) 143M->13M(494M) 23.375ms
[2020-04-25T17:31:02.544+0300][9.790s][4580][14528][info][gc] GC(2) Pause Young (Allocation Failure) 150M->20M(494M) 29.198ms
[2020-04-25T17:31:05.892+0300][13.138s][4580][14528][info][gc] GC(3) Pause Young (Allocation Failure) 156M->27M(494M) 29.327ms
[2020-04-25T17:31:09.444+0300][16.689s][4580][14528][info][gc] GC(4) Pause Young (Allocation Failure) 163M->32M(494M) 24.044ms
[2020-04-25T17:31:12.625+0300][19.872s][4580][14528][info][gc] GC(5) Pause Young (Allocation Failure) 168M->47M(494M) 35.521ms
[2020-04-25T17:31:16.142+0300][23.388s][4580][14528][info][gc] GC(6) Pause Young (Allocation Failure) 183M->52M(494M) 30.828ms
[2020-04-25T17:31:19.608+0300][26.855s][4580][14528][info][gc] GC(7) Pause Young (Allocation Failure) 188M->57M(494M) 29.402ms
[2020-04-25T17:31:22.156+0300][29.402s][4580][14528][info][gc] GC(8) Pause Young (Allocation Failure) 193M->77M(494M) 41.327ms
[2020-04-25T17:31:25.043+0300][32.290s][4580][14528][info][gc] GC(9) Pause Young (Allocation Failure) 214M->82M(494M) 27.675ms
[2020-04-25T17:31:27.969+0300][35.215s][4580][14528][info][gc] GC(10) Pause Young (Allocation Failure) 218M->86M(494M) 27.910ms
[2020-04-25T17:31:30.981+0300][38.227s][4580][14528][info][gc] GC(11) Pause Young (Allocation Failure) 222M->90M(494M) 25.835ms
[2020-04-25T17:31:33.947+0300][41.193s][4580][14528][info][gc] GC(12) Pause Young (Allocation Failure) 227M->95M(494M) 26.437ms
[2020-04-25T17:31:36.419+0300][43.666s][4580][14528][info][gc] GC(13) Pause Young (Allocation Failure) 210M->98M(494M) 23.616ms
[2020-04-25T17:31:38.899+0300][46.145s][4580][14528][info][gc] GC(14) Pause Young (Allocation Failure) 235M->125M(494M) 36.739ms
[2020-04-25T17:31:39.861+0300][47.107s][4580][14528][info][gc] GC(15) Pause Full (System.gc()) 163M->100M(494M) 142.976ms
[2020-04-25T17:31:41.821+0300][49.068s][4580][14528][info][gc] GC(16) Pause Full (System.gc()) 186M->103M(494M) 149.749ms
[2020-04-25T17:31:44.792+0300][52.039s][4580][14528][info][gc] GC(17) Pause Young (Allocation Failure) 239M->107M(494M) 15.462ms
[2020-04-25T17:31:47.763+0300][55.010s][4580][14528][info][gc] GC(18) Pause Young (Allocation Failure) 244M->112M(494M) 19.716ms
[2020-04-25T17:31:50.681+0300][57.928s][4580][14528][info][gc] GC(19) Pause Young (Allocation Failure) 248M->116M(494M) 22.873ms
[2020-04-25T17:31:53.599+0300][60.846s][4580][14528][info][gc] GC(20) Pause Young (Allocation Failure) 252M->120M(494M) 23.919ms
[2020-04-25T17:31:56.554+0300][63.800s][4580][14528][info][gc] GC(21) Pause Young (Allocation Failure) 257M->124M(494M) 24.124ms
[2020-04-25T17:31:58.795+0300][66.041s][4580][14528][info][gc] GC(22) Pause Young (Allocation Failure) 261M->163M(494M) 49.127ms
[2020-04-25T17:32:01.859+0300][69.106s][4580][14528][info][gc] GC(23) Pause Young (Allocation Failure) 299M->167M(494M) 31.384ms
[2020-04-25T17:32:04.820+0300][72.067s][4580][14528][info][gc] GC(24) Pause Young (Allocation Failure) 304M->171M(494M) 29.476ms
[2020-04-25T17:32:07.844+0300][75.091s][4580][14528][info][gc] GC(25) Pause Young (Allocation Failure) 308M->176M(494M) 30.714ms
[2020-04-25T17:32:10.867+0300][78.114s][4580][14528][info][gc] GC(26) Pause Young (Allocation Failure) 312M->180M(494M) 27.876ms
[2020-04-25T17:32:13.848+0300][81.095s][4580][14528][info][gc] GC(27) Pause Young (Allocation Failure) 317M->185M(494M) 28.120ms
[2020-04-25T17:32:16.773+0300][84.019s][4580][14528][info][gc] GC(28) Pause Young (Allocation Failure) 321M->189M(494M) 26.806ms
[2020-04-25T17:32:19.697+0300][86.943s][4580][14528][info][gc] GC(29) Pause Young (Allocation Failure) 325M->193M(494M) 30.554ms
[2020-04-25T17:32:22.634+0300][89.880s][4580][14528][info][gc] GC(30) Pause Young (Allocation Failure) 330M->198M(494M) 24.519ms
[2020-04-25T17:32:25.584+0300][92.831s][4580][14528][info][gc] GC(31) Pause Young (Allocation Failure) 334M->202M(494M) 25.134ms
[2020-04-25T17:32:28.509+0300][95.755s][4580][14528][info][gc] GC(32) Pause Young (Allocation Failure) 338M->206M(494M) 24.473ms
[2020-04-25T17:32:30.569+0300][97.815s][4580][14528][info][gc] GC(33) Pause Young (Allocation Failure) 302M->209M(494M) 21.437ms
[2020-04-25T17:32:32.427+0300][99.673s][4580][14528][info][gc] GC(34) Pause Young (Allocation Failure) 346M->265M(494M) 51.154ms
[2020-04-25T17:32:35.348+0300][102.595s][4580][14528][info][gc] GC(35) Pause Young (Allocation Failure) 401M->269M(494M) 27.192ms
[2020-04-25T17:32:38.295+0300][105.542s][4580][14528][info][gc] GC(36) Pause Young (Allocation Failure) 406M->273M(494M) 27.055ms
[2020-04-25T17:32:41.228+0300][108.475s][4580][14528][info][gc] GC(37) Pause Young (Allocation Failure) 410M->278M(494M) 28.298ms
[2020-04-25T17:32:44.168+0300][111.414s][4580][14528][info][gc] GC(38) Pause Young (Allocation Failure) 414M->282M(494M) 25.384ms
[2020-04-25T17:32:47.113+0300][114.360s][4580][14528][info][gc] GC(39) Pause Young (Allocation Failure) 419M->286M(494M) 25.684ms
[2020-04-25T17:32:50.056+0300][117.302s][4580][14528][info][gc] GC(40) Pause Young (Allocation Failure) 423M->291M(494M) 24.477ms
[2020-04-25T17:32:52.982+0300][120.228s][4580][14528][info][gc] GC(41) Pause Young (Allocation Failure) 427M->295M(494M) 24.928ms
[2020-04-25T17:32:55.927+0300][123.173s][4580][14528][info][gc] GC(42) Pause Young (Allocation Failure) 432M->300M(494M) 24.527ms
[2020-04-25T17:32:58.886+0300][126.132s][4580][14528][info][gc] GC(43) Pause Young (Allocation Failure) 436M->304M(494M) 26.116ms
[2020-04-25T17:33:01.841+0300][129.088s][4580][14528][info][gc] GC(44) Pause Young (Allocation Failure) 440M->308M(494M) 25.111ms
[2020-04-25T17:33:04.827+0300][132.073s][4580][14528][info][gc] GC(45) Pause Young (Allocation Failure) 445M->313M(494M) 24.502ms
[2020-04-25T17:33:07.799+0300][135.046s][4580][14528][info][gc] GC(46) Pause Young (Allocation Failure) 449M->317M(494M) 26.991ms
[2020-04-25T17:33:10.820+0300][138.066s][4580][14528][info][gc] GC(47) Pause Young (Allocation Failure) 454M->322M(494M) 28.037ms
[2020-04-25T17:33:14.051+0300][141.298s][4580][14528][info][gc] GC(48) Pause Young (Allocation Failure) 458M->326M(494M) 25.993ms
[2020-04-25T17:33:17.123+0300][144.369s][4580][14528][info][gc] GC(49) Pause Young (Allocation Failure) 463M->330M(494M) 26.681ms
[2020-04-25T17:33:18.589+0300][145.835s][4580][14528][info][gc] GC(50) Pause Young (Allocation Failure) 399M->333M(494M) 18.046ms
[2020-04-25T17:33:20.306+0300][147.552s][4580][14528][info][gc] GC(52) Pause Full (Allocation Failure) 469M->302M(494M) 400.379ms
[2020-04-25T17:33:20.306+0300][147.552s][4580][14528][info][gc] GC(51) Pause Young (Allocation Failure) 469M->302M(494M) 400.448ms
[2020-04-25T17:33:23.311+0300][150.557s][4580][14528][info][gc] GC(53) Pause Young (Allocation Failure) 439M->307M(494M) 14.673ms
[2020-04-25T17:33:26.508+0300][153.754s][4580][14528][info][gc] GC(54) Pause Young (Allocation Failure) 443M->311M(494M) 20.357ms
[2020-04-25T17:33:29.911+0300][157.157s][4580][14528][info][gc] GC(55) Pause Young (Allocation Failure) 448M->315M(494M) 26.441ms
[2020-04-25T17:33:33.129+0300][160.375s][4580][14528][info][gc] GC(56) Pause Young (Allocation Failure) 452M->320M(494M) 28.826ms
[2020-04-25T17:33:36.251+0300][163.498s][4580][14528][info][gc] GC(57) Pause Young (Allocation Failure) 456M->324M(494M) 23.206ms
[2020-04-25T17:33:39.365+0300][166.611s][4580][14528][info][gc] GC(58) Pause Young (Allocation Failure) 461M->329M(494M) 26.739ms
[2020-04-25T17:33:42.436+0300][169.682s][4580][14528][info][gc] GC(59) Pause Young (Allocation Failure) 465M->333M(494M) 26.208ms
[2020-04-25T17:33:45.524+0300][172.770s][4580][14528][info][gc] GC(60) Pause Young (Allocation Failure) 470M->338M(494M) 24.695ms
[2020-04-25T17:33:48.614+0300][175.860s][4580][14528][info][gc] GC(61) Pause Young (Allocation Failure) 474M->342M(494M) 26.123ms
[2020-04-25T17:33:52.193+0300][179.439s][4580][14528][info][gc] GC(63) Pause Full (Allocation Failure) 479M->340M(494M) 538.731ms
[2020-04-25T17:33:52.193+0300][179.439s][4580][14528][info][gc] GC(62) Pause Young (Allocation Failure) 479M->340M(494M) 538.846ms
[2020-04-25T17:33:55.684+0300][182.930s][4580][14528][info][gc] GC(65) Pause Full (Allocation Failure) 476M->344M(494M) 434.335ms
[2020-04-25T17:33:55.684+0300][182.931s][4580][14528][info][gc] GC(64) Pause Young (Allocation Failure) 476M->344M(494M) 434.405ms
[2020-04-25T17:33:59.547+0300][186.793s][4580][14528][info][gc] GC(66) Pause Full (Allocation Failure) 494M->349M(494M) 446.535ms
[2020-04-25T17:34:03.300+0300][190.546s][4580][14528][info][gc] GC(67) Pause Full (Allocation Failure) 494M->354M(494M) 452.776ms
[2020-04-25T17:34:07.057+0300][194.303s][4580][14528][info][gc] GC(68) Pause Full (Allocation Failure) 494M->358M(494M) 564.530ms
[2020-04-25T17:34:10.656+0300][197.903s][4580][14528][info][gc] GC(69) Pause Full (Allocation Failure) 494M->362M(494M) 460.826ms
[2020-04-25T17:34:14.142+0300][201.388s][4580][14528][info][gc] GC(70) Pause Full (Allocation Failure) 494M->367M(494M) 464.874ms
[2020-04-25T17:34:17.551+0300][204.797s][4580][14528][info][gc] GC(71) Pause Full (Allocation Failure) 494M->371M(494M) 468.877ms
[2020-04-25T17:34:20.921+0300][208.167s][4580][14528][info][gc] GC(72) Pause Full (Allocation Failure) 494M->375M(494M) 563.650ms
[2020-04-25T17:34:24.128+0300][211.374s][4580][14528][info][gc] GC(73) Pause Full (Allocation Failure) 494M->379M(494M) 470.544ms
[2020-04-25T17:34:27.253+0300][214.499s][4580][14528][info][gc] GC(74) Pause Full (Allocation Failure) 494M->383M(494M) 485.204ms
[2020-04-25T17:34:30.294+0300][217.540s][4580][14528][info][gc] GC(75) Pause Full (Allocation Failure) 494M->386M(494M) 484.230ms
[2020-04-25T17:34:33.322+0300][220.568s][4580][14528][info][gc] GC(76) Pause Full (Allocation Failure) 494M->390M(494M) 561.623ms
[2020-04-25T17:34:36.229+0300][223.475s][4580][14528][info][gc] GC(77) Pause Full (Allocation Failure) 494M->393M(494M) 501.909ms
[2020-04-25T17:34:39.077+0300][226.324s][4580][14528][info][gc] GC(78) Pause Full (Allocation Failure) 494M->397M(494M) 492.650ms
[2020-04-25T17:34:40.822+0300][228.068s][4580][14528][info][gc] GC(79) Pause Full (Allocation Failure) 453M->399M(494M) 485.208ms
[2020-04-25T17:34:41.377+0300][228.623s][4580][14528][info][gc] GC(80) Pause Full (Allocation Failure) 399M->399M(494M) 554.508ms
